=== K=4 ===
self-test OK (K=4, NPTS=16, orbits=4, balance unions=[8, 8])
K=4: 65536 decorations, 8264 canonical reps [1s]
  200/8264 {'unbalanced': 198, 'untileable6': 2} [1s]
  400/8264 {'unbalanced': 394, 'untileable6': 5, 'periodic': 1} [1s]
  600/8264 {'unbalanced': 588, 'untileable6': 11, 'periodic': 1} [1s]
  800/8264 {'unbalanced': 778, 'untileable6': 21, 'periodic': 1} [1s]
  1000/8264 {'unbalanced': 975, 'untileable6': 24, 'periodic': 1} [1s]
  1200/8264 {'unbalanced': 1171, 'untileable6': 26, 'periodic': 3} [1s]
  1400/8264 {'unbalanced': 1361, 'untileable6': 35, 'periodic': 4} [1s]
  1600/8264 {'unbalanced': 1548, 'untileable6': 42, 'periodic': 10} [1s]
  1800/8264 {'unbalanced': 1730, 'untileable6': 53, 'periodic': 17} [1s]
  2000/8264 {'unbalanced': 1912, 'untileable6': 62, 'periodic': 26} [1s]
  2200/8264 {'unbalanced': 2110, 'untileable6': 64, 'periodic': 26} [1s]
  2400/8264 {'unbalanced': 2302, 'untileable6': 69, 'periodic': 29} [1s]
  2600/8264 {'unbalanced': 2491, 'untileable6': 72, 'periodic': 37} [1s]
  2800/8264 {'unbalanced': 2672, 'untileable6': 86, 'periodic': 42} [1s]
  3000/8264 {'unbalanced': 2841, 'untileable6': 104, 'periodic': 55} [1s]
  3200/8264 {'unbalanced': 3037, 'untileable6': 107, 'periodic': 56} [1s]
  3400/8264 {'unbalanced': 3228, 'untileable6': 112, 'periodic': 60} [1s]
  3600/8264 {'unbalanced': 3405, 'untileable6': 131, 'periodic': 64} [2s]
  3800/8264 {'unbalanced': 3592, 'untileable6': 141, 'periodic': 67} [2s]
  4000/8264 {'unbalanced': 3764, 'untileable6': 169, 'periodic': 67} [2s]
  4200/8264 {'unbalanced': 3950, 'untileable6': 182, 'periodic': 68} [2s]
  4400/8264 {'unbalanced': 4147, 'untileable6': 184, 'periodic': 69} [2s]
  4600/8264 {'unbalanced': 4338, 'untileable6': 189, 'periodic': 73} [2s]
  4800/8264 {'unbalanced': 4525, 'untileable6': 195, 'periodic': 80} [2s]
  5000/8264 {'unbalanced': 4708, 'untileable6': 208, 'periodic': 84} [2s]
  5200/8264 {'unbalanced': 4901, 'untileable6': 212, 'periodic': 87} [2s]
  5400/8264 {'unbalanced': 5085, 'untileable6': 225, 'periodic': 90} [2s]
  5600/8264 {'unbalanced': 5256, 'untileable6': 240, 'periodic': 104} [2s]
  5800/8264 {'unbalanced': 5437, 'untileable6': 252, 'periodic': 111} [2s]
  6000/8264 {'unbalanced': 5610, 'untileable6': 279, 'periodic': 111} [2s]
  6200/8264 {'unbalanced': 5787, 'untileable6': 300, 'periodic': 113} [2s]
  6400/8264 {'unbalanced': 5981, 'untileable6': 306, 'periodic': 113} [2s]
  6600/8264 {'unbalanced': 6162, 'untileable6': 322, 'periodic': 116} [2s]
  6800/8264 {'unbalanced': 6339, 'untileable6': 333, 'periodic': 128} [2s]
  7000/8264 {'unbalanced': 6506, 'untileable6': 361, 'periodic': 133} [2s]
  7200/8264 {'unbalanced': 6683, 'untileable6': 381, 'periodic': 136} [2s]
  7400/8264 {'unbalanced': 6860, 'untileable6': 400, 'periodic': 140} [2s]
  7600/8264 {'unbalanced': 7034, 'untileable6': 422, 'periodic': 144} [2s]
  7800/8264 {'unbalanced': 7215, 'untileable6': 437, 'periodic': 148} [2s]
  8000/8264 {'unbalanced': 7384, 'untileable6': 463, 'periodic': 153} [2s]
  8200/8264 {'unbalanced': 7558, 'untileable6': 477, 'periodic': 165} [2s]
{"K": 4, "reps": 8264, "counts": {"unbalanced": 7610, "untileable6": 484, "periodic": 170}, "indices": {"1": 38, "2": 76, "4": 56}, "suspicious": [], "secs": 2.3}
=== K=5 ===
self-test OK (K=5, NPTS=20, orbits=5, balance unions=[8, 8, 4])
K=5: 1048576 decorations, 131344 canonical reps [21s]
  200/131344 {'unbalanced': 200} [21s]
  400/131344 {'unbalanced': 399, 'untileable6': 1} [21s]
  600/131344 {'unbalanced': 599, 'untileable6': 1} [21s]
  800/131344 {'unbalanced': 798, 'untileable6': 2} [21s]
  1000/131344 {'unbalanced': 998, 'untileable6': 2} [21s]
  1200/131344 {'unbalanced': 1197, 'untileable6': 3} [21s]
  1400/131344 {'unbalanced': 1396, 'untileable6': 4} [21s]
  1600/131344 {'unbalanced': 1596, 'untileable6': 4} [21s]
  1800/131344 {'unbalanced': 1794, 'untileable6': 6} [21s]
  2000/131344 {'unbalanced': 1993, 'untileable6': 7} [21s]
  2200/131344 {'unbalanced': 2192, 'untileable6': 8} [21s]
  2400/131344 {'unbalanced': 2392, 'untileable6': 8} [21s]
  2600/131344 {'unbalanced': 2589, 'untileable6': 11} [21s]
  2800/131344 {'unbalanced': 2786, 'untileable6': 13, 'periodic': 1} [21s]
  3000/131344 {'unbalanced': 2986, 'untileable6': 13, 'periodic': 1} [21s]
  3200/131344 {'unbalanced': 3185, 'untileable6': 14, 'periodic': 1} [21s]
  3400/131344 {'unbalanced': 3384, 'untileable6': 15, 'periodic': 1} [21s]
  3600/131344 {'unbalanced': 3583, 'untileable6': 16, 'periodic': 1} [21s]
  3800/131344 {'unbalanced': 3782, 'untileable6': 17, 'periodic': 1} [21s]
  4000/131344 {'unbalanced': 3981, 'untileable6': 18, 'periodic': 1} [21s]
  4200/131344 {'unbalanced': 4177, 'untileable6': 22, 'periodic': 1} [21s]
  4400/131344 {'unbalanced': 4376, 'untileable6': 23, 'periodic': 1} [21s]
  4600/131344 {'unbalanced': 4573, 'untileable6': 26, 'periodic': 1} [21s]
  4800/131344 {'unbalanced': 4769, 'untileable6': 30, 'periodic': 1} [21s]
  5000/131344 {'unbalanced': 4967, 'untileable6': 32, 'periodic': 1} [21s]
  5200/131344 {'unbalanced': 5163, 'untileable6': 36, 'periodic': 1} [21s]
  5400/131344 {'unbalanced': 5357, 'untileable6': 42, 'periodic': 1} [21s]
  5600/131344 {'unbalanced': 5549, 'untileable6': 50, 'periodic': 1} [21s]
  5800/131344 {'unbalanced': 5749, 'untileable6': 50, 'periodic': 1} [21s]
  6000/131344 {'unbalanced': 5949, 'untileable6': 50, 'periodic': 1} [21s]
  6200/131344 {'unbalanced': 6148, 'untileable6': 51, 'periodic': 1} [21s]
  6400/131344 {'unbalanced': 6348, 'untileable6': 51, 'periodic': 1} [21s]
  6600/131344 {'unbalanced': 6548, 'untileable6': 51, 'periodic': 1} [21s]
  6800/131344 {'unbalanced': 6747, 'untileable6': 52, 'periodic': 1} [21s]
  7000/131344 {'unbalanced': 6946, 'untileable6': 53, 'periodic': 1} [21s]
  7200/131344 {'unbalanced': 7146, 'untileable6': 53, 'periodic': 1} [21s]
  7400/131344 {'unbalanced': 7345, 'untileable6': 54, 'periodic': 1} [21s]
  7600/131344 {'unbalanced': 7545, 'untileable6': 54, 'periodic': 1} [21s]
  7800/131344 {'unbalanced': 7743, 'untileable6': 56, 'periodic': 1} [21s]
  8000/131344 {'unbalanced': 7942, 'untileable6': 57, 'periodic': 1} [21s]
  8200/131344 {'unbalanced': 8141, 'untileable6': 58, 'periodic': 1} [21s]
  8400/131344 {'unbalanced': 8340, 'untileable6': 59, 'periodic': 1} [21s]
  8600/131344 {'unbalanced': 8538, 'untileable6': 61, 'periodic': 1} [21s]
  8800/131344 {'unbalanced': 8737, 'untileable6': 62, 'periodic': 1} [21s]
  9000/131344 {'unbalanced': 8934, 'untileable6': 65, 'periodic': 1} [21s]
  9200/131344 {'unbalanced': 9132, 'untileable6': 65, 'periodic': 3} [21s]
  9400/131344 {'unbalanced': 9327, 'untileable6': 70, 'periodic': 3} [21s]
  9600/131344 {'unbalanced': 9525, 'untileable6': 72, 'periodic': 3} [21s]
  9800/131344 {'unbalanced': 9724, 'untileable6': 73, 'periodic': 3} [21s]
  10000/131344 {'unbalanced': 9920, 'untileable6': 77, 'periodic': 3} [21s]
  10200/131344 {'unbalanced': 10111, 'untileable6': 86, 'periodic': 3} [21s]
  10400/131344 {'unbalanced': 10307, 'untileable6': 89, 'periodic': 4} [21s]
  10600/131344 {'unbalanced': 10506, 'untileable6': 90, 'periodic': 4} [21s]
  10800/131344 {'unbalanced': 10705, 'untileable6': 91, 'periodic': 4} [21s]
  11000/131344 {'unbalanced': 10902, 'untileable6': 94, 'periodic': 4} [21s]
  11200/131344 {'unbalanced': 11100, 'untileable6': 96, 'periodic': 4} [21s]
  11400/131344 {'unbalanced': 11298, 'untileable6': 98, 'periodic': 4} [21s]
  11600/131344 {'unbalanced': 11495, 'untileable6': 98, 'periodic': 7} [21s]
  11800/131344 {'unbalanced': 11690, 'untileable6': 103, 'periodic': 7} [21s]
  12000/131344 {'unbalanced': 11888, 'untileable6': 105, 'periodic': 7} [21s]
  12200/131344 {'unbalanced': 12086, 'untileable6': 107, 'periodic': 7} [21s]
  12400/131344 {'unbalanced': 12281, 'untileable6': 112, 'periodic': 7} [21s]
  12600/131344 {'unbalanced': 12472, 'untileable6': 121, 'periodic': 7} [21s]
  12800/131344 {'unbalanced': 12667, 'untileable6': 126, 'periodic': 7} [21s]
  13000/131344 {'unbalanced': 12865, 'untileable6': 128, 'periodic': 7} [21s]
  13200/131344 {'unbalanced': 13059, 'untileable6': 134, 'periodic': 7} [21s]
  13400/131344 {'unbalanced': 13257, 'untileable6': 136, 'periodic': 7} [21s]
  13600/131344 {'unbalanced': 13453, 'untileable6': 140, 'periodic': 7} [21s]
  13800/131344 {'unbalanced': 13645, 'untileable6': 148, 'periodic': 7} [21s]
  14000/131344 {'unbalanced': 13839, 'untileable6': 154, 'periodic': 7} [21s]
  14200/131344 {'unbalanced': 14033, 'untileable6': 160, 'periodic': 7} [21s]
  14400/131344 {'unbalanced': 14227, 'untileable6': 166, 'periodic': 7} [21s]
  14600/131344 {'unbalanced': 14423, 'untileable6': 170, 'periodic': 7} [21s]
  14800/131344 {'unbalanced': 14604, 'untileable6': 188, 'periodic': 8} [21s]
  15000/131344 {'unbalanced': 14790, 'untileable6': 201, 'periodic': 9} [21s]
  15200/131344 {'unbalanced': 14983, 'untileable6': 208, 'periodic': 9} [21s]
  15400/131344 {'unbalanced': 15183, 'untileable6': 208, 'periodic': 9} [21s]
  15600/131344 {'unbalanced': 15383, 'untileable6': 208, 'periodic': 9} [21s]
  15800/131344 {'unbalanced': 15583, 'untileable6': 208, 'periodic': 9} [21s]
  16000/131344 {'unbalanced': 15782, 'untileable6': 209, 'periodic': 9} [21s]
  16200/131344 {'unbalanced': 15982, 'untileable6': 209, 'periodic': 9} [21s]
  16400/131344 {'unbalanced': 16181, 'untileable6': 210, 'periodic': 9} [21s]
  16600/131344 {'unbalanced': 16380, 'untileable6': 211, 'periodic': 9} [21s]
  16800/131344 {'unbalanced': 16579, 'untileable6': 212, 'periodic': 9} [21s]
  17000/131344 {'unbalanced': 16779, 'untileable6': 212, 'periodic': 9} [21s]
  17200/131344 {'unbalanced': 16978, 'untileable6': 213, 'periodic': 9} [21s]
  17400/131344 {'unbalanced': 17177, 'untileable6': 214, 'periodic': 9} [21s]
  17600/131344 {'unbalanced': 17376, 'untileable6': 215, 'periodic': 9} [21s]
  17800/131344 {'unbalanced': 17574, 'untileable6': 217, 'periodic': 9} [21s]
  18000/131344 {'unbalanced': 17768, 'untileable6': 219, 'periodic': 13} [21s]
  18200/131344 {'unbalanced': 17962, 'untileable6': 223, 'periodic': 15} [21s]
  18400/131344 {'unbalanced': 18161, 'untileable6': 223, 'periodic': 16} [21s]
  18600/131344 {'unbalanced': 18360, 'untileable6': 224, 'periodic': 16} [22s]
  18800/131344 {'unbalanced': 18560, 'untileable6': 224, 'periodic': 16} [22s]
  19000/131344 {'unbalanced': 18758, 'untileable6': 226, 'periodic': 16} [22s]
  19200/131344 {'unbalanced': 18958, 'untileable6': 226, 'periodic': 16} [22s]
  19400/131344 {'unbalanced': 19157, 'untileable6': 227, 'periodic': 16} [22s]
  19600/131344 {'unbalanced': 19353, 'untileable6': 231, 'periodic': 16} [22s]
  19800/131344 {'unbalanced': 19553, 'untileable6': 231, 'periodic': 16} [22s]
  20000/131344 {'unbalanced': 19749, 'untileable6': 235, 'periodic': 16} [22s]
  20200/131344 {'unbalanced': 19946, 'untileable6': 238, 'periodic': 16} [22s]
  20400/131344 {'unbalanced': 20141, 'untileable6': 239, 'periodic': 20} [22s]
  20600/131344 {'unbalanced': 20339, 'untileable6': 241, 'periodic': 20} [22s]
  20800/131344 {'unbalanced': 20535, 'untileable6': 245, 'periodic': 20} [22s]
  21000/131344 {'unbalanced': 20729, 'untileable6': 251, 'periodic': 20} [22s]
  21200/131344 {'unbalanced': 20928, 'untileable6': 252, 'periodic': 20} [22s]
  21400/131344 {'unbalanced': 21127, 'untileable6': 253, 'periodic': 20} [22s]
  21600/131344 {'unbalanced': 21322, 'untileable6': 258, 'periodic': 20} [22s]
  21800/131344 {'unbalanced': 21521, 'untileable6': 259, 'periodic': 20} [22s]
  22000/131344 {'unbalanced': 21720, 'untileable6': 260, 'periodic': 20} [22s]
  22200/131344 {'unbalanced': 21914, 'untileable6': 266, 'periodic': 20} [22s]
  22400/131344 {'unbalanced': 22112, 'untileable6': 268, 'periodic': 20} [22s]
  22600/131344 {'unbalanced': 22306, 'untileable6': 274, 'periodic': 20} [22s]
  22800/131344 {'unbalanced': 22500, 'untileable6': 280, 'periodic': 20} [22s]
  23000/131344 {'unbalanced': 22683, 'untileable6': 297, 'periodic': 20} [22s]
  23200/131344 {'unbalanced': 22880, 'untileable6': 299, 'periodic': 21} [22s]
  23400/131344 {'unbalanced': 23075, 'untileable6': 303, 'periodic': 22} [22s]
  23600/131344 {'unbalanced': 23262, 'untileable6': 315, 'periodic': 23} [22s]
  23800/131344 {'unbalanced': 23461, 'untileable6': 316, 'periodic': 23} [22s]
  24000/131344 {'unbalanced': 23661, 'untileable6': 316, 'periodic': 23} [22s]
  24200/131344 {'unbalanced': 23861, 'untileable6': 316, 'periodic': 23} [22s]
  24400/131344 {'unbalanced': 24059, 'untileable6': 318, 'periodic': 23} [22s]
  24600/131344 {'unbalanced': 24258, 'untileable6': 319, 'periodic': 23} [22s]
  24800/131344 {'unbalanced': 24457, 'untileable6': 320, 'periodic': 23} [22s]
  25000/131344 {'unbalanced': 24655, 'untileable6': 322, 'periodic': 23} [22s]
  25200/131344 {'unbalanced': 24855, 'untileable6': 322, 'periodic': 23} [22s]
  25400/131344 {'unbalanced': 25053, 'untileable6': 324, 'periodic': 23} [22s]
  25600/131344 {'unbalanced': 25253, 'untileable6': 324, 'periodic': 23} [22s]
  25800/131344 {'unbalanced': 25449, 'untileable6': 328, 'periodic': 23} [22s]
  26000/131344 {'unbalanced': 25648, 'untileable6': 329, 'periodic': 23} [22s]
  26200/131344 {'unbalanced': 25845, 'untileable6': 332, 'periodic': 23} [22s]
  26400/131344 {'unbalanced': 26044, 'untileable6': 333, 'periodic': 23} [22s]
  26600/131344 {'unbalanced': 26242, 'untileable6': 335, 'periodic': 23} [22s]
  26800/131344 {'unbalanced': 26439, 'untileable6': 338, 'periodic': 23} [22s]
  27000/131344 {'unbalanced': 26631, 'untileable6': 341, 'periodic': 28} [22s]
  27200/131344 {'unbalanced': 26830, 'untileable6': 342, 'periodic': 28} [22s]
  27400/131344 {'unbalanced': 27025, 'untileable6': 347, 'periodic': 28} [22s]
  27600/131344 {'unbalanced': 27220, 'untileable6': 352, 'periodic': 28} [22s]
  27800/131344 {'unbalanced': 27416, 'untileable6': 356, 'periodic': 28} [22s]
  28000/131344 {'unbalanced': 27609, 'untileable6': 363, 'periodic': 28} [22s]
  28200/131344 {'unbalanced': 27802, 'untileable6': 369, 'periodic': 29} [22s]
  28400/131344 {'unbalanced': 27989, 'untileable6': 382, 'periodic': 29} [22s]
  28600/131344 {'unbalanced': 28185, 'untileable6': 385, 'periodic': 30} [22s]
  28800/131344 {'unbalanced': 28376, 'untileable6': 393, 'periodic': 31} [22s]
  29000/131344 {'unbalanced': 28572, 'untileable6': 396, 'periodic': 32} [22s]
  29200/131344 {'unbalanced': 28770, 'untileable6': 398, 'periodic': 32} [22s]
  29400/131344 {'unbalanced': 28964, 'untileable6': 401, 'periodic': 35} [22s]
  29600/131344 {'unbalanced': 29162, 'untileable6': 403, 'periodic': 35} [22s]
  29800/131344 {'unbalanced': 29355, 'untileable6': 410, 'periodic': 35} [22s]
  30000/131344 {'unbalanced': 29549, 'untileable6': 416, 'periodic': 35} [22s]
  30200/131344 {'unbalanced': 29740, 'untileable6': 425, 'periodic': 35} [22s]
  30400/131344 {'unbalanced': 29928, 'untileable6': 437, 'periodic': 35} [22s]
  30600/131344 {'unbalanced': 30119, 'untileable6': 446, 'periodic': 35} [22s]
  30800/131344 {'unbalanced': 30314, 'untileable6': 451, 'periodic': 35} [22s]
  31000/131344 {'unbalanced': 30501, 'untileable6': 464, 'periodic': 35} [22s]
  31200/131344 {'unbalanced': 30695, 'untileable6': 470, 'periodic': 35} [22s]
  31400/131344 {'unbalanced': 30881, 'untileable6': 484, 'periodic': 35} [22s]
  31600/131344 {'unbalanced': 31068, 'untileable6': 497, 'periodic': 35} [22s]
  31800/131344 {'unbalanced': 31251, 'untileable6': 514, 'periodic': 35} [22s]
  32000/131344 {'unbalanced': 31437, 'untileable6': 526, 'periodic': 37} [22s]
  32200/131344 {'unbalanced': 31622, 'untileable6': 540, 'periodic': 38} [22s]
  32400/131344 {'unbalanced': 31822, 'untileable6': 540, 'periodic': 38} [22s]
  32600/131344 {'unbalanced': 32022, 'untileable6': 540, 'periodic': 38} [22s]
  32800/131344 {'unbalanced': 32222, 'untileable6': 540, 'periodic': 38} [22s]
  33000/131344 {'unbalanced': 32422, 'untileable6': 540, 'periodic': 38} [22s]
  33200/131344 {'unbalanced': 32620, 'untileable6': 542, 'periodic': 38} [22s]
  33400/131344 {'unbalanced': 32820, 'untileable6': 542, 'periodic': 38} [22s]
  33600/131344 {'unbalanced': 33019, 'untileable6': 543, 'periodic': 38} [22s]
  33800/131344 {'unbalanced': 33219, 'untileable6': 543, 'periodic': 38} [22s]
  34000/131344 {'unbalanced': 33415, 'untileable6': 545, 'periodic': 40} [22s]
  34200/131344 {'unbalanced': 33614, 'untileable6': 545, 'periodic': 41} [22s]
  34400/131344 {'unbalanced': 33812, 'untileable6': 547, 'periodic': 41} [22s]
  34600/131344 {'unbalanced': 34011, 'untileable6': 548, 'periodic': 41} [22s]
  34800/131344 {'unbalanced': 34207, 'untileable6': 552, 'periodic': 41} [22s]
  35000/131344 {'unbalanced': 34405, 'untileable6': 554, 'periodic': 41} [22s]
  35200/131344 {'unbalanced': 34603, 'untileable6': 556, 'periodic': 41} [22s]
  35400/131344 {'unbalanced': 34797, 'untileable6': 562, 'periodic': 41} [22s]
  35600/131344 {'unbalanced': 34996, 'untileable6': 563, 'periodic': 41} [22s]
  35800/131344 {'unbalanced': 35191, 'untileable6': 568, 'periodic': 41} [22s]
  36000/131344 {'unbalanced': 35389, 'untileable6': 570, 'periodic': 41} [22s]
  36200/131344 {'unbalanced': 35586, 'untileable6': 573, 'periodic': 41} [22s]
  36400/131344 {'unbalanced': 35780, 'untileable6': 578, 'periodic': 42} [22s]
  36600/131344 {'unbalanced': 35973, 'untileable6': 580, 'periodic': 47} [22s]
  36800/131344 {'unbalanced': 36163, 'untileable6': 590, 'periodic': 47} [22s]
  37000/131344 {'unbalanced': 36361, 'untileable6': 592, 'periodic': 47} [22s]
  37200/131344 {'unbalanced': 36558, 'untileable6': 595, 'periodic': 47} [22s]
  37400/131344 {'unbalanced': 36752, 'untileable6': 601, 'periodic': 47} [22s]
  37600/131344 {'unbalanced': 36949, 'untileable6': 604, 'periodic': 47} [22s]
  37800/131344 {'unbalanced': 37142, 'untileable6': 611, 'periodic': 47} [22s]
  38000/131344 {'unbalanced': 37335, 'untileable6': 618, 'periodic': 47} [22s]
  38200/131344 {'unbalanced': 37526, 'untileable6': 627, 'periodic': 47} [22s]
  38400/131344 {'unbalanced': 37721, 'untileable6': 631, 'periodic': 48} [22s]
  38600/131344 {'unbalanced': 37917, 'untileable6': 634, 'periodic': 49} [22s]
  38800/131344 {'unbalanced': 38112, 'untileable6': 639, 'periodic': 49} [22s]
  39000/131344 {'unbalanced': 38304, 'untileable6': 646, 'periodic': 50} [22s]
  39200/131344 {'unbalanced': 38486, 'untileable6': 663, 'periodic': 51} [22s]
  39400/131344 {'unbalanced': 38668, 'untileable6': 680, 'periodic': 52} [22s]
  39600/131344 {'unbalanced': 38863, 'untileable6': 685, 'periodic': 52} [22s]
  39800/131344 {'unbalanced': 39062, 'untileable6': 686, 'periodic': 52} [22s]
  40000/131344 {'unbalanced': 39262, 'untileable6': 686, 'periodic': 52} [22s]
  40200/131344 {'unbalanced': 39460, 'untileable6': 688, 'periodic': 52} [22s]
  40400/131344 {'unbalanced': 39659, 'untileable6': 689, 'periodic': 52} [22s]
  40600/131344 {'unbalanced': 39858, 'untileable6': 690, 'periodic': 52} [22s]
  40800/131344 {'unbalanced': 40055, 'untileable6': 693, 'periodic': 52} [22s]
  41000/131344 {'unbalanced': 40254, 'untileable6': 694, 'periodic': 52} [22s]
  41200/131344 {'unbalanced': 40453, 'untileable6': 695, 'periodic': 52} [22s]
  41400/131344 {'unbalanced': 40652, 'untileable6': 696, 'periodic': 52} [23s]
  41600/131344 {'unbalanced': 40852, 'untileable6': 696, 'periodic': 52} [23s]
  41800/131344 {'unbalanced': 41045, 'untileable6': 703, 'periodic': 52} [23s]
  42000/131344 {'unbalanced': 41245, 'untileable6': 703, 'periodic': 52} [23s]
  42200/131344 {'unbalanced': 41444, 'untileable6': 704, 'periodic': 52} [23s]
  42400/131344 {'unbalanced': 41639, 'untileable6': 709, 'periodic': 52} [23s]
  42600/131344 {'unbalanced': 41837, 'untileable6': 711, 'periodic': 52} [23s]
  42800/131344 {'unbalanced': 42032, 'untileable6': 716, 'periodic': 52} [23s]
  43000/131344 {'unbalanced': 42228, 'untileable6': 720, 'periodic': 52} [23s]
  43200/131344 {'unbalanced': 42420, 'untileable6': 722, 'periodic': 58} [23s]
  43400/131344 {'unbalanced': 42607, 'untileable6': 734, 'periodic': 59} [23s]
  43600/131344 {'unbalanced': 42805, 'untileable6': 736, 'periodic': 59} [23s]
  43800/131344 {'unbalanced': 43001, 'untileable6': 739, 'periodic': 60} [23s]
  44000/131344 {'unbalanced': 43199, 'untileable6': 739, 'periodic': 62} [23s]
  44200/131344 {'unbalanced': 43395, 'untileable6': 742, 'periodic': 63} [23s]
  44400/131344 {'unbalanced': 43579, 'untileable6': 757, 'periodic': 64} [23s]
  44600/131344 {'unbalanced': 43775, 'untileable6': 760, 'periodic': 65} [23s]
  44800/131344 {'unbalanced': 43974, 'untileable6': 760, 'periodic': 66} [23s]
  45000/131344 {'unbalanced': 44172, 'untileable6': 762, 'periodic': 66} [23s]
  45200/131344 {'unbalanced': 44368, 'untileable6': 766, 'periodic': 66} [23s]
  45400/131344 {'unbalanced': 44566, 'untileable6': 768, 'periodic': 66} [23s]
  45600/131344 {'unbalanced': 44757, 'untileable6': 773, 'periodic': 70} [23s]
  45800/131344 {'unbalanced': 44948, 'untileable6': 782, 'periodic': 70} [23s]
  46000/131344 {'unbalanced': 45144, 'untileable6': 786, 'periodic': 70} [23s]
  46200/131344 {'unbalanced': 45341, 'untileable6': 789, 'periodic': 70} [23s]
  46400/131344 {'unbalanced': 45536, 'untileable6': 794, 'periodic': 70} [23s]
  46600/131344 {'unbalanced': 45722, 'untileable6': 808, 'periodic': 70} [23s]
  46800/131344 {'unbalanced': 45918, 'untileable6': 812, 'periodic': 70} [23s]
  47000/131344 {'unbalanced': 46116, 'untileable6': 814, 'periodic': 70} [23s]
  47200/131344 {'unbalanced': 46309, 'untileable6': 821, 'periodic': 70} [23s]
  47400/131344 {'unbalanced': 46503, 'untileable6': 827, 'periodic': 70} [23s]
  47600/131344 {'unbalanced': 46687, 'untileable6': 843, 'periodic': 70} [23s]
  47800/131344 {'unbalanced': 46867, 'untileable6': 863, 'periodic': 70} [23s]
  48000/131344 {'unbalanced': 47064, 'untileable6': 866, 'periodic': 70} [23s]
  48200/131344 {'unbalanced': 47259, 'untileable6': 870, 'periodic': 71} [23s]
  48400/131344 {'unbalanced': 47454, 'untileable6': 874, 'periodic': 72} [23s]
  48600/131344 {'unbalanced': 47632, 'untileable6': 895, 'periodic': 73} [23s]
  48800/131344 {'unbalanced': 47826, 'untileable6': 900, 'periodic': 74} [23s]
  49000/131344 {'unbalanced': 48025, 'untileable6': 901, 'periodic': 74} [23s]
  49200/131344 {'unbalanced': 48225, 'untileable6': 901, 'periodic': 74} [23s]
  49400/131344 {'unbalanced': 48424, 'untileable6': 902, 'periodic': 74} [23s]
  49600/131344 {'unbalanced': 48623, 'untileable6': 903, 'periodic': 74} [23s]
  49800/131344 {'unbalanced': 48821, 'untileable6': 905, 'periodic': 74} [23s]
  50000/131344 {'unbalanced': 49020, 'untileable6': 906, 'periodic': 74} [23s]
  50200/131344 {'unbalanced': 49219, 'untileable6': 907, 'periodic': 74} [23s]
  50400/131344 {'unbalanced': 49414, 'untileable6': 912, 'periodic': 74} [23s]
  50600/131344 {'unbalanced': 49614, 'untileable6': 912, 'periodic': 74} [23s]
  50800/131344 {'unbalanced': 49811, 'untileable6': 915, 'periodic': 74} [23s]
  51000/131344 {'unbalanced': 50009, 'untileable6': 917, 'periodic': 74} [23s]
  51200/131344 {'unbalanced': 50208, 'untileable6': 918, 'periodic': 74} [23s]
  51400/131344 {'unbalanced': 50401, 'untileable6': 925, 'periodic': 74} [23s]
  51600/131344 {'unbalanced': 50599, 'untileable6': 927, 'periodic': 74} [23s]
  51800/131344 {'unbalanced': 50796, 'untileable6': 930, 'periodic': 74} [23s]
  52000/131344 {'unbalanced': 50989, 'untileable6': 937, 'periodic': 74} [23s]
  52200/131344 {'unbalanced': 51183, 'untileable6': 939, 'periodic': 78} [23s]
  52400/131344 {'unbalanced': 51374, 'untileable6': 947, 'periodic': 79} [23s]
  52600/131344 {'unbalanced': 51564, 'untileable6': 955, 'periodic': 81} [23s]
  52800/131344 {'unbalanced': 51755, 'untileable6': 963, 'periodic': 82} [23s]
  53000/131344 {'unbalanced': 51950, 'untileable6': 966, 'periodic': 84} [23s]
  53200/131344 {'unbalanced': 52147, 'untileable6': 969, 'periodic': 84} [23s]
  53400/131344 {'unbalanced': 52345, 'untileable6': 971, 'periodic': 84} [23s]
  53600/131344 {'unbalanced': 52537, 'untileable6': 979, 'periodic': 84} [23s]
  53800/131344 {'unbalanced': 52735, 'untileable6': 981, 'periodic': 84} [23s]
  54000/131344 {'unbalanced': 52932, 'untileable6': 984, 'periodic': 84} [23s]
  54200/131344 {'unbalanced': 53126, 'untileable6': 990, 'periodic': 84} [23s]
  54400/131344 {'unbalanced': 53320, 'untileable6': 996, 'periodic': 84} [23s]
  54600/131344 {'unbalanced': 53511, 'untileable6': 999, 'periodic': 90} [23s]
  54800/131344 {'unbalanced': 53702, 'untileable6': 1008, 'periodic': 90} [23s]
  55000/131344 {'unbalanced': 53892, 'untileable6': 1018, 'periodic': 90} [23s]
  55200/131344 {'unbalanced': 54083, 'untileable6': 1027, 'periodic': 90} [23s]
  55400/131344 {'unbalanced': 54277, 'untileable6': 1033, 'periodic': 90} [23s]
  55600/131344 {'unbalanced': 54470, 'untileable6': 1040, 'periodic': 90} [23s]
  55800/131344 {'unbalanced': 54666, 'untileable6': 1044, 'periodic': 90} [23s]
  56000/131344 {'unbalanced': 54857, 'untileable6': 1053, 'periodic': 90} [23s]
  56200/131344 {'unbalanced': 55040, 'untileable6': 1070, 'periodic': 90} [23s]
  56400/131344 {'unbalanced': 55237, 'untileable6': 1073, 'periodic': 90} [23s]
  56600/131344 {'unbalanced': 55431, 'untileable6': 1079, 'periodic': 90} [23s]
  56800/131344 {'unbalanced': 55620, 'untileable6': 1089, 'periodic': 91} [23s]
  57000/131344 {'unbalanced': 55808, 'untileable6': 1101, 'periodic': 91} [23s]
  57200/131344 {'unbalanced': 55990, 'untileable6': 1118, 'periodic': 92} [23s]
  57400/131344 {'unbalanced': 56173, 'untileable6': 1134, 'periodic': 93} [23s]
  57600/131344 {'unbalanced': 56360, 'untileable6': 1146, 'periodic': 94} [23s]
  57800/131344 {'unbalanced': 56549, 'untileable6': 1156, 'periodic': 95} [23s]
  58000/131344 {'unbalanced': 56741, 'untileable6': 1163, 'periodic': 96} [23s]
  58200/131344 {'unbalanced': 56933, 'untileable6': 1171, 'periodic': 96} [23s]
  58400/131344 {'unbalanced': 57131, 'untileable6': 1173, 'periodic': 96} [23s]
  58600/131344 {'unbalanced': 57331, 'untileable6': 1173, 'periodic': 96} [23s]
  58800/131344 {'unbalanced': 57525, 'untileable6': 1179, 'periodic': 96} [23s]
  59000/131344 {'unbalanced': 57725, 'untileable6': 1179, 'periodic': 96} [23s]
  59200/131344 {'unbalanced': 57920, 'untileable6': 1184, 'periodic': 96} [23s]
  59400/131344 {'unbalanced': 58120, 'untileable6': 1184, 'periodic': 96} [23s]
  59600/131344 {'unbalanced': 58317, 'untileable6': 1187, 'periodic': 96} [23s]
  59800/131344 {'unbalanced': 58510, 'untileable6': 1194, 'periodic': 96} [23s]
  60000/131344 {'unbalanced': 58709, 'untileable6': 1195, 'periodic': 96} [23s]
  60200/131344 {'unbalanced': 58907, 'untileable6': 1197, 'periodic': 96} [24s]
  60400/131344 {'unbalanced': 59107, 'untileable6': 1197, 'periodic': 96} [24s]
  60600/131344 {'unbalanced': 59303, 'untileable6': 1201, 'periodic': 96} [24s]
  60800/131344 {'unbalanced': 59503, 'untileable6': 1201, 'periodic': 96} [24s]
  61000/131344 {'unbalanced': 59701, 'untileable6': 1203, 'periodic': 96} [24s]
  61200/131344 {'unbalanced': 59892, 'untileable6': 1206, 'periodic': 102} [24s]
  61400/131344 {'unbalanced': 60086, 'untileable6': 1212, 'periodic': 102} [24s]
  61600/131344 {'unbalanced': 60271, 'untileable6': 1227, 'periodic': 102} [24s]
  61800/131344 {'unbalanced': 60464, 'untileable6': 1234, 'periodic': 102} [24s]
  62000/131344 {'unbalanced': 60655, 'untileable6': 1242, 'periodic': 103} [24s]
  62200/131344 {'unbalanced': 60849, 'untileable6': 1247, 'periodic': 104} [24s]
  62400/131344 {'unbalanced': 61038, 'untileable6': 1258, 'periodic': 104} [24s]
  62600/131344 {'unbalanced': 61223, 'untileable6': 1272, 'periodic': 105} [24s]
  62800/131344 {'unbalanced': 61421, 'untileable6': 1273, 'periodic': 106} [24s]
  63000/131344 {'unbalanced': 61617, 'untileable6': 1276, 'periodic': 107} [24s]
  63200/131344 {'unbalanced': 61811, 'untileable6': 1281, 'periodic': 108} [24s]
  63400/131344 {'unbalanced': 62005, 'untileable6': 1286, 'periodic': 109} [24s]
  63600/131344 {'unbalanced': 62204, 'untileable6': 1286, 'periodic': 110} [24s]
  63800/131344 {'unbalanced': 62398, 'untileable6': 1290, 'periodic': 112} [24s]
  64000/131344 {'unbalanced': 62588, 'untileable6': 1300, 'periodic': 112} [24s]
  64200/131344 {'unbalanced': 62774, 'untileable6': 1314, 'periodic': 112} [24s]
  64400/131344 {'unbalanced': 62964, 'untileable6': 1324, 'periodic': 112} [24s]
  64600/131344 {'unbalanced': 63157, 'untileable6': 1331, 'periodic': 112} [24s]
  64800/131344 {'unbalanced': 63341, 'untileable6': 1347, 'periodic': 112} [24s]
  65000/131344 {'unbalanced': 63524, 'untileable6': 1364, 'periodic': 112} [24s]
  65200/131344 {'unbalanced': 63707, 'untileable6': 1381, 'periodic': 112} [24s]
  65400/131344 {'unbalanced': 63891, 'untileable6': 1396, 'periodic': 113} [24s]
  65600/131344 {'unbalanced': 64090, 'untileable6': 1397, 'periodic': 113} [24s]
  65800/131344 {'unbalanced': 64290, 'untileable6': 1397, 'periodic': 113} [24s]
  66000/131344 {'unbalanced': 64490, 'untileable6': 1397, 'periodic': 113} [24s]
  66200/131344 {'unbalanced': 64690, 'untileable6': 1397, 'periodic': 113} [24s]
  66400/131344 {'unbalanced': 64888, 'untileable6': 1398, 'periodic': 114} [24s]
  66600/131344 {'unbalanced': 65088, 'untileable6': 1398, 'periodic': 114} [24s]
  66800/131344 {'unbalanced': 65287, 'untileable6': 1399, 'periodic': 114} [24s]
  67000/131344 {'unbalanced': 65485, 'untileable6': 1401, 'periodic': 114} [24s]
  67200/131344 {'unbalanced': 65684, 'untileable6': 1402, 'periodic': 114} [24s]
  67400/131344 {'unbalanced': 65882, 'untileable6': 1404, 'periodic': 114} [24s]
  67600/131344 {'unbalanced': 66081, 'untileable6': 1405, 'periodic': 114} [24s]
  67800/131344 {'unbalanced': 66276, 'untileable6': 1410, 'periodic': 114} [24s]
  68000/131344 {'unbalanced': 66474, 'untileable6': 1412, 'periodic': 114} [24s]
  68200/131344 {'unbalanced': 66671, 'untileable6': 1415, 'periodic': 114} [24s]
  68400/131344 {'unbalanced': 66866, 'untileable6': 1420, 'periodic': 114} [24s]
  68600/131344 {'unbalanced': 67065, 'untileable6': 1421, 'periodic': 114} [24s]
  68800/131344 {'unbalanced': 67260, 'untileable6': 1426, 'periodic': 114} [24s]
  69000/131344 {'unbalanced': 67454, 'untileable6': 1431, 'periodic': 115} [24s]
  69200/131344 {'unbalanced': 67644, 'untileable6': 1435, 'periodic': 121} [24s]
  69400/131344 {'unbalanced': 67843, 'untileable6': 1435, 'periodic': 122} [24s]
  69600/131344 {'unbalanced': 68042, 'untileable6': 1436, 'periodic': 122} [24s]
  69800/131344 {'unbalanced': 68240, 'untileable6': 1438, 'periodic': 122} [24s]
  70000/131344 {'unbalanced': 68440, 'untileable6': 1438, 'periodic': 122} [24s]
  70200/131344 {'unbalanced': 68639, 'untileable6': 1438, 'periodic': 123} [24s]
  70400/131344 {'unbalanced': 68833, 'untileable6': 1443, 'periodic': 124} [24s]
  70600/131344 {'unbalanced': 69030, 'untileable6': 1446, 'periodic': 124} [24s]
  70800/131344 {'unbalanced': 69228, 'untileable6': 1447, 'periodic': 125} [24s]
  71000/131344 {'unbalanced': 69425, 'untileable6': 1449, 'periodic': 126} [24s]
  71200/131344 {'unbalanced': 69621, 'untileable6': 1452, 'periodic': 127} [24s]
  71400/131344 {'unbalanced': 69817, 'untileable6': 1455, 'periodic': 128} [24s]
  71600/131344 {'unbalanced': 70014, 'untileable6': 1457, 'periodic': 129} [24s]
  71800/131344 {'unbalanced': 70195, 'untileable6': 1475, 'periodic': 130} [24s]
  72000/131344 {'unbalanced': 70391, 'untileable6': 1478, 'periodic': 131} [24s]
  72200/131344 {'unbalanced': 70590, 'untileable6': 1479, 'periodic': 131} [24s]
  72400/131344 {'unbalanced': 70788, 'untileable6': 1481, 'periodic': 131} [24s]
  72600/131344 {'unbalanced': 70984, 'untileable6': 1485, 'periodic': 131} [24s]
  72800/131344 {'unbalanced': 71182, 'untileable6': 1487, 'periodic': 131} [24s]
  73000/131344 {'unbalanced': 71380, 'untileable6': 1489, 'periodic': 131} [24s]
  73200/131344 {'unbalanced': 71575, 'untileable6': 1494, 'periodic': 131} [24s]
  73400/131344 {'unbalanced': 71770, 'untileable6': 1499, 'periodic': 131} [24s]
  73600/131344 {'unbalanced': 71968, 'untileable6': 1501, 'periodic': 131} [24s]
  73800/131344 {'unbalanced': 72164, 'untileable6': 1505, 'periodic': 131} [24s]
  74000/131344 {'unbalanced': 72361, 'untileable6': 1508, 'periodic': 131} [24s]
  74200/131344 {'unbalanced': 72554, 'untileable6': 1515, 'periodic': 131} [24s]
  74400/131344 {'unbalanced': 72743, 'untileable6': 1526, 'periodic': 131} [24s]
  74600/131344 {'unbalanced': 72942, 'untileable6': 1527, 'periodic': 131} [24s]
  74800/131344 {'unbalanced': 73139, 'untileable6': 1530, 'periodic': 131} [24s]
  75000/131344 {'unbalanced': 73331, 'untileable6': 1538, 'periodic': 131} [24s]
  75200/131344 {'unbalanced': 73530, 'untileable6': 1539, 'periodic': 131} [24s]
  75400/131344 {'unbalanced': 73725, 'untileable6': 1544, 'periodic': 131} [24s]
  75600/131344 {'unbalanced': 73913, 'untileable6': 1551, 'periodic': 136} [24s]
  75800/131344 {'unbalanced': 74109, 'untileable6': 1555, 'periodic': 136} [24s]
  76000/131344 {'unbalanced': 74303, 'untileable6': 1560, 'periodic': 137} [24s]
  76200/131344 {'unbalanced': 74497, 'untileable6': 1565, 'periodic': 138} [24s]
  76400/131344 {'unbalanced': 74693, 'untileable6': 1568, 'periodic': 139} [24s]
  76600/131344 {'unbalanced': 74872, 'untileable6': 1587, 'periodic': 141} [24s]
  76800/131344 {'unbalanced': 75057, 'untileable6': 1602, 'periodic': 141} [24s]
  77000/131344 {'unbalanced': 75249, 'untileable6': 1608, 'periodic': 143} [24s]
  77200/131344 {'unbalanced': 75448, 'untileable6': 1609, 'periodic': 143} [24s]
  77400/131344 {'unbalanced': 75643, 'untileable6': 1614, 'periodic': 143} [24s]
  77600/131344 {'unbalanced': 75840, 'untileable6': 1617, 'periodic': 143} [24s]
  77800/131344 {'unbalanced': 76037, 'untileable6': 1620, 'periodic': 143} [24s]
  78000/131344 {'unbalanced': 76224, 'untileable6': 1628, 'periodic': 148} [24s]
  78200/131344 {'unbalanced': 76420, 'untileable6': 1632, 'periodic': 148} [24s]
  78400/131344 {'unbalanced': 76614, 'untileable6': 1638, 'periodic': 148} [24s]
  78600/131344 {'unbalanced': 76808, 'untileable6': 1644, 'periodic': 148} [24s]
  78800/131344 {'unbalanced': 76998, 'untileable6': 1654, 'periodic': 148} [24s]
  79000/131344 {'unbalanced': 77181, 'untileable6': 1671, 'periodic': 148} [24s]
  79200/131344 {'unbalanced': 77365, 'untileable6': 1687, 'periodic': 148} [25s]
  79400/131344 {'unbalanced': 77564, 'untileable6': 1688, 'periodic': 148} [25s]
  79600/131344 {'unbalanced': 77759, 'untileable6': 1693, 'periodic': 148} [25s]
  79800/131344 {'unbalanced': 77956, 'untileable6': 1696, 'periodic': 148} [25s]
  80000/131344 {'unbalanced': 78153, 'untileable6': 1699, 'periodic': 148} [25s]
  80200/131344 {'unbalanced': 78339, 'untileable6': 1713, 'periodic': 148} [25s]
  80400/131344 {'unbalanced': 78536, 'untileable6': 1716, 'periodic': 148} [25s]
  80600/131344 {'unbalanced': 78732, 'untileable6': 1719, 'periodic': 149} [25s]
  80800/131344 {'unbalanced': 78926, 'untileable6': 1724, 'periodic': 150} [25s]
  81000/131344 {'unbalanced': 79113, 'untileable6': 1736, 'periodic': 151} [25s]
  81200/131344 {'unbalanced': 79306, 'untileable6': 1742, 'periodic': 152} [25s]
  81400/131344 {'unbalanced': 79491, 'untileable6': 1756, 'periodic': 153} [25s]
  81600/131344 {'unbalanced': 79691, 'untileable6': 1756, 'periodic': 153} [25s]
  81800/131344 {'unbalanced': 79890, 'untileable6': 1757, 'periodic': 153} [25s]
  82000/131344 {'unbalanced': 80090, 'untileable6': 1757, 'periodic': 153} [25s]
  82200/131344 {'unbalanced': 80289, 'untileable6': 1758, 'periodic': 153} [25s]
  82400/131344 {'unbalanced': 80486, 'untileable6': 1761, 'periodic': 153} [25s]
  82600/131344 {'unbalanced': 80685, 'untileable6': 1762, 'periodic': 153} [25s]
  82800/131344 {'unbalanced': 80879, 'untileable6': 1768, 'periodic': 153} [25s]
  83000/131344 {'unbalanced': 81077, 'untileable6': 1770, 'periodic': 153} [25s]
  83200/131344 {'unbalanced': 81271, 'untileable6': 1776, 'periodic': 153} [25s]
  83400/131344 {'unbalanced': 81469, 'untileable6': 1778, 'periodic': 153} [25s]
  83600/131344 {'unbalanced': 81667, 'untileable6': 1780, 'periodic': 153} [25s]
  83800/131344 {'unbalanced': 81866, 'untileable6': 1781, 'periodic': 153} [25s]
  84000/131344 {'unbalanced': 82065, 'untileable6': 1782, 'periodic': 153} [25s]
  84200/131344 {'unbalanced': 82261, 'untileable6': 1786, 'periodic': 153} [25s]
  84400/131344 {'unbalanced': 82459, 'untileable6': 1788, 'periodic': 153} [25s]
  84600/131344 {'unbalanced': 82647, 'untileable6': 1797, 'periodic': 156} [25s]
  84800/131344 {'unbalanced': 82840, 'untileable6': 1802, 'periodic': 158} [25s]
  85000/131344 {'unbalanced': 83033, 'untileable6': 1808, 'periodic': 159} [25s]
  85200/131344 {'unbalanced': 83226, 'untileable6': 1813, 'periodic': 161} [25s]
  85400/131344 {'unbalanced': 83425, 'untileable6': 1814, 'periodic': 161} [25s]
  85600/131344 {'unbalanced': 83623, 'untileable6': 1816, 'periodic': 161} [25s]
  85800/131344 {'unbalanced': 83819, 'untileable6': 1820, 'periodic': 161} [25s]
  86000/131344 {'unbalanced': 84019, 'untileable6': 1820, 'periodic': 161} [25s]
  86200/131344 {'unbalanced': 84217, 'untileable6': 1822, 'periodic': 161} [25s]
  86400/131344 {'unbalanced': 84410, 'untileable6': 1829, 'periodic': 161} [25s]
  86600/131344 {'unbalanced': 84608, 'untileable6': 1831, 'periodic': 161} [25s]
  86800/131344 {'unbalanced': 84802, 'untileable6': 1837, 'periodic': 161} [25s]
  87000/131344 {'unbalanced': 84989, 'untileable6': 1843, 'periodic': 168} [25s]
  87200/131344 {'unbalanced': 85179, 'untileable6': 1853, 'periodic': 168} [25s]
  87400/131344 {'unbalanced': 85374, 'untileable6': 1858, 'periodic': 168} [25s]
  87600/131344 {'unbalanced': 85567, 'untileable6': 1864, 'periodic': 169} [25s]
  87800/131344 {'unbalanced': 85756, 'untileable6': 1875, 'periodic': 169} [25s]
  88000/131344 {'unbalanced': 85955, 'untileable6': 1875, 'periodic': 170} [25s]
  88200/131344 {'unbalanced': 86152, 'untileable6': 1878, 'periodic': 170} [25s]
  88400/131344 {'unbalanced': 86347, 'untileable6': 1883, 'periodic': 170} [25s]
  88600/131344 {'unbalanced': 86547, 'untileable6': 1883, 'periodic': 170} [25s]
  88800/131344 {'unbalanced': 86746, 'untileable6': 1883, 'periodic': 171} [25s]
  89000/131344 {'unbalanced': 86940, 'untileable6': 1888, 'periodic': 172} [25s]
  89200/131344 {'unbalanced': 87137, 'untileable6': 1891, 'periodic': 172} [25s]
  89400/131344 {'unbalanced': 87333, 'untileable6': 1894, 'periodic': 173} [25s]
  89600/131344 {'unbalanced': 87516, 'untileable6': 1910, 'periodic': 174} [25s]
  89800/131344 {'unbalanced': 87709, 'untileable6': 1916, 'periodic': 175} [25s]
  90000/131344 {'unbalanced': 87906, 'untileable6': 1918, 'periodic': 176} [25s]
  90200/131344 {'unbalanced': 88101, 'untileable6': 1922, 'periodic': 177} [25s]
  90400/131344 {'unbalanced': 88292, 'untileable6': 1929, 'periodic': 179} [25s]
  90600/131344 {'unbalanced': 88491, 'untileable6': 1930, 'periodic': 179} [25s]
  90800/131344 {'unbalanced': 88688, 'untileable6': 1933, 'periodic': 179} [25s]
  91000/131344 {'unbalanced': 88882, 'untileable6': 1939, 'periodic': 179} [25s]
  91200/131344 {'unbalanced': 89076, 'untileable6': 1945, 'periodic': 179} [25s]
  91400/131344 {'unbalanced': 89270, 'untileable6': 1951, 'periodic': 179} [25s]
  91600/131344 {'unbalanced': 89466, 'untileable6': 1955, 'periodic': 179} [25s]
  91800/131344 {'unbalanced': 89657, 'untileable6': 1964, 'periodic': 179} [25s]
  92000/131344 {'unbalanced': 89853, 'untileable6': 1968, 'periodic': 179} [25s]
  92200/131344 {'unbalanced': 90046, 'untileable6': 1975, 'periodic': 179} [25s]
  92400/131344 {'unbalanced': 90231, 'untileable6': 1989, 'periodic': 180} [25s]
  92600/131344 {'unbalanced': 90424, 'untileable6': 1996, 'periodic': 180} [25s]
  92800/131344 {'unbalanced': 90612, 'untileable6': 2007, 'periodic': 181} [25s]
  93000/131344 {'unbalanced': 90809, 'untileable6': 2009, 'periodic': 182} [25s]
  93200/131344 {'unbalanced': 91003, 'untileable6': 2015, 'periodic': 182} [25s]
  93400/131344 {'unbalanced': 91195, 'untileable6': 2022, 'periodic': 183} [25s]
  93600/131344 {'unbalanced': 91388, 'untileable6': 2026, 'periodic': 186} [25s]
  93800/131344 {'unbalanced': 91571, 'untileable6': 2040, 'periodic': 189} [25s]
  94000/131344 {'unbalanced': 91767, 'untileable6': 2044, 'periodic': 189} [25s]
  94200/131344 {'unbalanced': 91960, 'untileable6': 2050, 'periodic': 190} [25s]
  94400/131344 {'unbalanced': 92148, 'untileable6': 2061, 'periodic': 191} [25s]
  94600/131344 {'unbalanced': 92338, 'untileable6': 2071, 'periodic': 191} [25s]
  94800/131344 {'unbalanced': 92519, 'untileable6': 2089, 'periodic': 192} [25s]
  95000/131344 {'unbalanced': 92703, 'untileable6': 2104, 'periodic': 193} [25s]
  95200/131344 {'unbalanced': 92888, 'untileable6': 2118, 'periodic': 194} [25s]
  95400/131344 {'unbalanced': 93077, 'untileable6': 2128, 'periodic': 195} [25s]
  95600/131344 {'unbalanced': 93267, 'untileable6': 2137, 'periodic': 196} [25s]
  95800/131344 {'unbalanced': 93459, 'untileable6': 2144, 'periodic': 197} [25s]
  96000/131344 {'unbalanced': 93655, 'untileable6': 2147, 'periodic': 198} [25s]
  96200/131344 {'unbalanced': 93846, 'untileable6': 2154, 'periodic': 200} [25s]
  96400/131344 {'unbalanced': 94038, 'untileable6': 2162, 'periodic': 200} [25s]
  96600/131344 {'unbalanced': 94227, 'untileable6': 2173, 'periodic': 200} [26s]
  96800/131344 {'unbalanced': 94409, 'untileable6': 2191, 'periodic': 200} [26s]
  97000/131344 {'unbalanced': 94594, 'untileable6': 2206, 'periodic': 200} [26s]
  97200/131344 {'unbalanced': 94782, 'untileable6': 2218, 'periodic': 200} [26s]
  97400/131344 {'unbalanced': 94971, 'untileable6': 2229, 'periodic': 200} [26s]
  97600/131344 {'unbalanced': 95168, 'untileable6': 2232, 'periodic': 200} [26s]
  97800/131344 {'unbalanced': 95358, 'untileable6': 2242, 'periodic': 200} [26s]
  98000/131344 {'unbalanced': 95543, 'untileable6': 2257, 'periodic': 200} [26s]
  98200/131344 {'unbalanced': 95731, 'untileable6': 2269, 'periodic': 200} [26s]
  98400/131344 {'unbalanced': 95920, 'untileable6': 2278, 'periodic': 202} [26s]
  98600/131344 {'unbalanced': 96120, 'untileable6': 2278, 'periodic': 202} [26s]
  98800/131344 {'unbalanced': 96320, 'untileable6': 2278, 'periodic': 202} [26s]
  99000/131344 {'unbalanced': 96518, 'untileable6': 2280, 'periodic': 202} [26s]
  99200/131344 {'unbalanced': 96718, 'untileable6': 2280, 'periodic': 202} [26s]
  99400/131344 {'unbalanced': 96918, 'untileable6': 2280, 'periodic': 202} [26s]
  99600/131344 {'unbalanced': 97113, 'untileable6': 2285, 'periodic': 202} [26s]
  99800/131344 {'unbalanced': 97308, 'untileable6': 2290, 'periodic': 202} [26s]
  100000/131344 {'unbalanced': 97508, 'untileable6': 2290, 'periodic': 202} [26s]
  100200/131344 {'unbalanced': 97705, 'untileable6': 2293, 'periodic': 202} [26s]
  100400/131344 {'unbalanced': 97898, 'untileable6': 2300, 'periodic': 202} [26s]
  100600/131344 {'unbalanced': 98098, 'untileable6': 2300, 'periodic': 202} [26s]
  100800/131344 {'unbalanced': 98289, 'untileable6': 2306, 'periodic': 205} [26s]
  101000/131344 {'unbalanced': 98478, 'untileable6': 2315, 'periodic': 207} [26s]
  101200/131344 {'unbalanced': 98675, 'untileable6': 2318, 'periodic': 207} [26s]
  101400/131344 {'unbalanced': 98870, 'untileable6': 2323, 'periodic': 207} [26s]
  101600/131344 {'unbalanced': 99064, 'untileable6': 2329, 'periodic': 207} [26s]
  101800/131344 {'unbalanced': 99261, 'untileable6': 2332, 'periodic': 207} [26s]
  102000/131344 {'unbalanced': 99455, 'untileable6': 2338, 'periodic': 207} [26s]
  102200/131344 {'unbalanced': 99644, 'untileable6': 2349, 'periodic': 207} [26s]
  102400/131344 {'unbalanced': 99835, 'untileable6': 2358, 'periodic': 207} [26s]
  102600/131344 {'unbalanced': 100028, 'untileable6': 2364, 'periodic': 208} [26s]
  102800/131344 {'unbalanced': 100224, 'untileable6': 2367, 'periodic': 209} [26s]
  103000/131344 {'unbalanced': 100417, 'untileable6': 2374, 'periodic': 209} [26s]
  103200/131344 {'unbalanced': 100605, 'untileable6': 2381, 'periodic': 214} [26s]
  103400/131344 {'unbalanced': 100787, 'untileable6': 2398, 'periodic': 215} [26s]
  103600/131344 {'unbalanced': 100972, 'untileable6': 2412, 'periodic': 216} [26s]
  103800/131344 {'unbalanced': 101166, 'untileable6': 2418, 'periodic': 216} [26s]
  104000/131344 {'unbalanced': 101363, 'untileable6': 2420, 'periodic': 217} [26s]
  104200/131344 {'unbalanced': 101557, 'untileable6': 2424, 'periodic': 219} [26s]
  104400/131344 {'unbalanced': 101754, 'untileable6': 2427, 'periodic': 219} [26s]
  104600/131344 {'unbalanced': 101949, 'untileable6': 2431, 'periodic': 220} [26s]
  104800/131344 {'unbalanced': 102137, 'untileable6': 2443, 'periodic': 220} [26s]
  105000/131344 {'unbalanced': 102325, 'untileable6': 2454, 'periodic': 221} [26s]
  105200/131344 {'unbalanced': 102523, 'untileable6': 2456, 'periodic': 221} [26s]
  105400/131344 {'unbalanced': 102720, 'untileable6': 2458, 'periodic': 222} [26s]
  105600/131344 {'unbalanced': 102915, 'untileable6': 2462, 'periodic': 223} [26s]
  105800/131344 {'unbalanced': 103105, 'untileable6': 2470, 'periodic': 225} [26s]
  106000/131344 {'unbalanced': 103291, 'untileable6': 2483, 'periodic': 226} [26s]
  106200/131344 {'unbalanced': 103481, 'untileable6': 2493, 'periodic': 226} [26s]
  106400/131344 {'unbalanced': 103673, 'untileable6': 2499, 'periodic': 228} [26s]
  106600/131344 {'unbalanced': 103869, 'untileable6': 2503, 'periodic': 228} [26s]
  106800/131344 {'unbalanced': 104066, 'untileable6': 2506, 'periodic': 228} [26s]
  107000/131344 {'unbalanced': 104260, 'untileable6': 2512, 'periodic': 228} [26s]
  107200/131344 {'unbalanced': 104458, 'untileable6': 2514, 'periodic': 228} [26s]
  107400/131344 {'unbalanced': 104649, 'untileable6': 2523, 'periodic': 228} [26s]
  107600/131344 {'unbalanced': 104841, 'untileable6': 2530, 'periodic': 229} [26s]
  107800/131344 {'unbalanced': 105032, 'untileable6': 2539, 'periodic': 229} [26s]
  108000/131344 {'unbalanced': 105227, 'untileable6': 2543, 'periodic': 230} [26s]
  108200/131344 {'unbalanced': 105426, 'untileable6': 2543, 'periodic': 231} [26s]
  108400/131344 {'unbalanced': 105623, 'untileable6': 2545, 'periodic': 232} [26s]
  108600/131344 {'unbalanced': 105812, 'untileable6': 2554, 'periodic': 234} [26s]
  108800/131344 {'unbalanced': 106000, 'untileable6': 2566, 'periodic': 234} [26s]
  109000/131344 {'unbalanced': 106197, 'untileable6': 2568, 'periodic': 235} [26s]
  109200/131344 {'unbalanced': 106392, 'untileable6': 2572, 'periodic': 236} [26s]
  109400/131344 {'unbalanced': 106587, 'untileable6': 2577, 'periodic': 236} [26s]
  109600/131344 {'unbalanced': 106779, 'untileable6': 2583, 'periodic': 238} [26s]
  109800/131344 {'unbalanced': 106974, 'untileable6': 2587, 'periodic': 239} [26s]
  110000/131344 {'unbalanced': 107154, 'untileable6': 2603, 'periodic': 243} [26s]
  110200/131344 {'unbalanced': 107338, 'untileable6': 2618, 'periodic': 244} [26s]
  110400/131344 {'unbalanced': 107525, 'untileable6': 2631, 'periodic': 244} [26s]
  110600/131344 {'unbalanced': 107721, 'untileable6': 2634, 'periodic': 245} [26s]
  110800/131344 {'unbalanced': 107918, 'untileable6': 2637, 'periodic': 245} [26s]
  111000/131344 {'unbalanced': 108114, 'untileable6': 2639, 'periodic': 247} [26s]
  111200/131344 {'unbalanced': 108301, 'untileable6': 2651, 'periodic': 248} [26s]
  111400/131344 {'unbalanced': 108485, 'untileable6': 2666, 'periodic': 249} [26s]
  111600/131344 {'unbalanced': 108679, 'untileable6': 2671, 'periodic': 250} [27s]
  111800/131344 {'unbalanced': 108877, 'untileable6': 2672, 'periodic': 251} [27s]
  112000/131344 {'unbalanced': 109075, 'untileable6': 2674, 'periodic': 251} [27s]
  112200/131344 {'unbalanced': 109271, 'untileable6': 2678, 'periodic': 251} [27s]
  112400/131344 {'unbalanced': 109455, 'untileable6': 2689, 'periodic': 256} [27s]
  112600/131344 {'unbalanced': 109635, 'untileable6': 2708, 'periodic': 257} [27s]
  112800/131344 {'unbalanced': 109833, 'untileable6': 2709, 'periodic': 258} [27s]
  113000/131344 {'unbalanced': 110030, 'untileable6': 2710, 'periodic': 260} [27s]
  113200/131344 {'unbalanced': 110221, 'untileable6': 2719, 'periodic': 260} [27s]
  113400/131344 {'unbalanced': 110405, 'untileable6': 2733, 'periodic': 262} [27s]
  113600/131344 {'unbalanced': 110599, 'untileable6': 2738, 'periodic': 263} [27s]
  113800/131344 {'unbalanced': 110797, 'untileable6': 2739, 'periodic': 264} [27s]
  114000/131344 {'unbalanced': 110993, 'untileable6': 2741, 'periodic': 266} [27s]
  114200/131344 {'unbalanced': 111178, 'untileable6': 2754, 'periodic': 268} [27s]
  114400/131344 {'unbalanced': 111366, 'untileable6': 2765, 'periodic': 269} [27s]
  114600/131344 {'unbalanced': 111563, 'untileable6': 2768, 'periodic': 269} [27s]
  114800/131344 {'unbalanced': 111760, 'untileable6': 2770, 'periodic': 270} [27s]
  115000/131344 {'unbalanced': 111953, 'untileable6': 2774, 'periodic': 273} [27s]
  115200/131344 {'unbalanced': 112142, 'untileable6': 2784, 'periodic': 274} [27s]
  115400/131344 {'unbalanced': 112337, 'untileable6': 2787, 'periodic': 276} [27s]
  115600/131344 {'unbalanced': 112536, 'untileable6': 2788, 'periodic': 276} [27s]
  115800/131344 {'unbalanced': 112735, 'untileable6': 2789, 'periodic': 276} [27s]
  116000/131344 {'unbalanced': 112928, 'untileable6': 2796, 'periodic': 276} [27s]
  116200/131344 {'unbalanced': 113124, 'untileable6': 2798, 'periodic': 278} [27s]
  116400/131344 {'unbalanced': 113320, 'untileable6': 2800, 'periodic': 280} [27s]
  116600/131344 {'unbalanced': 113512, 'untileable6': 2808, 'periodic': 280} [27s]
  116800/131344 {'unbalanced': 113705, 'untileable6': 2814, 'periodic': 281} [27s]
  117000/131344 {'unbalanced': 113893, 'untileable6': 2824, 'periodic': 283} [27s]
  117200/131344 {'unbalanced': 114083, 'untileable6': 2833, 'periodic': 284} [27s]
  117400/131344 {'unbalanced': 114274, 'untileable6': 2841, 'periodic': 285} [27s]
  117600/131344 {'unbalanced': 114467, 'untileable6': 2847, 'periodic': 286} [27s]
  117800/131344 {'unbalanced': 114664, 'untileable6': 2849, 'periodic': 287} [27s]
  118000/131344 {'unbalanced': 114856, 'untileable6': 2856, 'periodic': 288} [27s]
  118200/131344 {'unbalanced': 115040, 'untileable6': 2871, 'periodic': 289} [27s]
  118400/131344 {'unbalanced': 115235, 'untileable6': 2874, 'periodic': 291} [27s]
  118600/131344 {'unbalanced': 115429, 'untileable6': 2879, 'periodic': 292} [27s]
  118800/131344 {'unbalanced': 115618, 'untileable6': 2890, 'periodic': 292} [27s]
  119000/131344 {'unbalanced': 115801, 'untileable6': 2903, 'periodic': 296} [27s]
  119200/131344 {'unbalanced': 115985, 'untileable6': 2918, 'periodic': 297} [27s]
  119400/131344 {'unbalanced': 116170, 'untileable6': 2932, 'periodic': 298} [27s]
  119600/131344 {'unbalanced': 116359, 'untileable6': 2942, 'periodic': 299} [27s]
  119800/131344 {'unbalanced': 116550, 'untileable6': 2950, 'periodic': 300} [27s]
  120000/131344 {'unbalanced': 116743, 'untileable6': 2955, 'periodic': 302} [27s]
  120200/131344 {'unbalanced': 116937, 'untileable6': 2961, 'periodic': 302} [27s]
  120400/131344 {'unbalanced': 117120, 'untileable6': 2977, 'periodic': 303} [27s]
  120600/131344 {'unbalanced': 117312, 'untileable6': 2985, 'periodic': 303} [27s]
  120800/131344 {'unbalanced': 117506, 'untileable6': 2989, 'periodic': 305} [27s]
  121000/131344 {'unbalanced': 117698, 'untileable6': 2996, 'periodic': 306} [27s]
  121200/131344 {'unbalanced': 117888, 'untileable6': 3005, 'periodic': 307} [27s]
  121400/131344 {'unbalanced': 118069, 'untileable6': 3021, 'periodic': 310} [27s]
  121600/131344 {'unbalanced': 118253, 'untileable6': 3036, 'periodic': 311} [27s]
  121800/131344 {'unbalanced': 118437, 'untileable6': 3051, 'periodic': 312} [27s]
  122000/131344 {'unbalanced': 118625, 'untileable6': 3061, 'periodic': 314} [27s]
  122200/131344 {'unbalanced': 118817, 'untileable6': 3069, 'periodic': 314} [27s]
  122400/131344 {'unbalanced': 119004, 'untileable6': 3081, 'periodic': 315} [27s]
  122600/131344 {'unbalanced': 119201, 'untileable6': 3083, 'periodic': 316} [27s]
  122800/131344 {'unbalanced': 119388, 'untileable6': 3096, 'periodic': 316} [27s]
  123000/131344 {'unbalanced': 119578, 'untileable6': 3104, 'periodic': 318} [27s]
  123200/131344 {'unbalanced': 119775, 'untileable6': 3106, 'periodic': 319} [27s]
  123400/131344 {'unbalanced': 119972, 'untileable6': 3108, 'periodic': 320} [27s]
  123600/131344 {'unbalanced': 120162, 'untileable6': 3116, 'periodic': 322} [27s]
  123800/131344 {'unbalanced': 120350, 'untileable6': 3127, 'periodic': 323} [28s]
  124000/131344 {'unbalanced': 120542, 'untileable6': 3134, 'periodic': 324} [28s]
  124200/131344 {'unbalanced': 120728, 'untileable6': 3146, 'periodic': 326} [28s]
  124400/131344 {'unbalanced': 120921, 'untileable6': 3153, 'periodic': 326} [28s]
  124600/131344 {'unbalanced': 121114, 'untileable6': 3158, 'periodic': 328} [28s]
  124800/131344 {'unbalanced': 121307, 'untileable6': 3164, 'periodic': 329} [28s]
  125000/131344 {'unbalanced': 121503, 'untileable6': 3167, 'periodic': 330} [28s]
  125200/131344 {'unbalanced': 121694, 'untileable6': 3176, 'periodic': 330} [28s]
  125400/131344 {'unbalanced': 121886, 'untileable6': 3183, 'periodic': 331} [28s]
  125600/131344 {'unbalanced': 122072, 'untileable6': 3196, 'periodic': 332} [28s]
  125800/131344 {'unbalanced': 122264, 'untileable6': 3202, 'periodic': 334} [28s]
  126000/131344 {'unbalanced': 122455, 'untileable6': 3211, 'periodic': 334} [28s]
  126200/131344 {'unbalanced': 122648, 'untileable6': 3216, 'periodic': 336} [28s]
  126400/131344 {'unbalanced': 122835, 'untileable6': 3228, 'periodic': 337} [28s]
  126600/131344 {'unbalanced': 123021, 'untileable6': 3241, 'periodic': 338} [28s]
  126800/131344 {'unbalanced': 123219, 'untileable6': 3242, 'periodic': 339} [28s]
  127000/131344 {'unbalanced': 123414, 'untileable6': 3246, 'periodic': 340} [28s]
  127200/131344 {'unbalanced': 123607, 'untileable6': 3251, 'periodic': 342} [28s]
  127400/131344 {'unbalanced': 123801, 'untileable6': 3257, 'periodic': 342} [28s]
  127600/131344 {'unbalanced': 123999, 'untileable6': 3257, 'periodic': 344} [28s]
  127800/131344 {'unbalanced': 124182, 'untileable6': 3273, 'periodic': 345} [28s]
  128000/131344 {'unbalanced': 124370, 'untileable6': 3284, 'periodic': 346} [28s]
  128200/131344 {'unbalanced': 124549, 'untileable6': 3303, 'periodic': 348} [28s]
  128400/131344 {'unbalanced': 124740, 'untileable6': 3312, 'periodic': 348} [28s]
  128600/131344 {'unbalanced': 124925, 'untileable6': 3325, 'periodic': 350} [28s]
  128800/131344 {'unbalanced': 125119, 'untileable6': 3331, 'periodic': 350} [28s]
  129000/131344 {'unbalanced': 125306, 'untileable6': 3342, 'periodic': 352} [28s]
  129200/131344 {'unbalanced': 125488, 'untileable6': 3359, 'periodic': 353} [28s]
  129400/131344 {'unbalanced': 125681, 'untileable6': 3365, 'periodic': 354} [28s]
  129600/131344 {'unbalanced': 125877, 'untileable6': 3368, 'periodic': 355} [28s]
  129800/131344 {'unbalanced': 126070, 'untileable6': 3374, 'periodic': 356} [28s]
  130000/131344 {'unbalanced': 126259, 'untileable6': 3383, 'periodic': 358} [28s]
  130200/131344 {'unbalanced': 126456, 'untileable6': 3386, 'periodic': 358} [28s]
  130400/131344 {'unbalanced': 126652, 'untileable6': 3388, 'periodic': 360} [28s]
  130600/131344 {'unbalanced': 126838, 'untileable6': 3395, 'periodic': 367} [28s]
  130800/131344 {'unbalanced': 127021, 'untileable6': 3405, 'periodic': 374} [28s]
  131000/131344 {'unbalanced': 127207, 'untileable6': 3413, 'periodic': 380} [28s]
  131200/131344 {'unbalanced': 127391, 'untileable6': 3423, 'periodic': 386} [28s]
{"K": 5, "reps": 131344, "counts": {"unbalanced": 127524, "untileable6": 3428, "periodic": 392}, "indices": {"1": 136, "2": 10, "4": 246}, "suspicious": [], "secs": 28.3}
