[19:24:12] saturation to index 8; 33 existing patterns (256 conjugates) pre-blocked
[19:24:12] 65 lattice classes <= 8
[19:24:12] class 1/65 ((1, 0, 0), (0, 1, 0), (0, 0, 1)) idx 1: 0 novel, COMPLETE [0s] (total novel 0)
[19:24:12] class 2/65 ((1, 0, 0), (0, 1, 0), (0, 0, 2)) idx 2: 0 novel, COMPLETE [0s] (total novel 0)
[19:24:12] class 3/65 ((1, 0, 0), (0, 1, 1), (0, 0, 2)) idx 2: 0 novel, COMPLETE [0s] (total novel 0)
[19:24:12] class 4/65 ((1, 0, 1), (0, 1, 1), (0, 0, 2)) idx 2: 0 novel, COMPLETE [0s] (total novel 0)
[19:24:12] class 5/65 ((1, 0, 0), (0, 1, 0), (0, 0, 3)) idx 3: 0 novel, COMPLETE [0s] (total novel 0)
[19:24:12] class 6/65 ((1, 0, 0), (0, 1, 1), (0, 0, 3)) idx 3: 0 novel, COMPLETE [0s] (total novel 0)
[19:24:12] class 7/65 ((1, 0, 1), (0, 1, 1), (0, 0, 3)) idx 3: 0 novel, COMPLETE [0s] (total novel 0)
[19:24:12] class 8/65 ((1, 0, 0), (0, 1, 0), (0, 0, 4)) idx 4: 0 novel, COMPLETE [0s] (total novel 0)
[19:24:13] class 9/65 ((1, 0, 0), (0, 1, 1), (0, 0, 4)) idx 4: 0 novel, COMPLETE [1s] (total novel 0)
[19:24:13] class 10/65 ((1, 0, 0), (0, 1, 2), (0, 0, 4)) idx 4: 0 novel, COMPLETE [0s] (total novel 0)
[19:24:14] class 11/65 ((1, 0, 1), (0, 1, 1), (0, 0, 4)) idx 4: 0 novel, COMPLETE [1s] (total novel 0)
[19:24:16] class 12/65 ((1, 0, 1), (0, 1, 2), (0, 0, 4)) idx 4: 0 novel, COMPLETE [1s] (total novel 0)
[19:24:17] class 13/65 ((1, 0, 2), (0, 1, 2), (0, 0, 4)) idx 4: 0 novel, COMPLETE [1s] (total novel 0)
[19:24:17] class 14/65 ((1, 0, 0), (0, 2, 0), (0, 0, 2)) idx 4: 0 novel, COMPLETE [0s] (total novel 0)
[19:24:19] class 15/65 ((1, 0, 1), (0, 2, 0), (0, 0, 2)) idx 4: 0 novel, COMPLETE [2s] (total novel 0)
[19:24:20] class 16/65 ((1, 1, 1), (0, 2, 0), (0, 0, 2)) idx 4: 0 novel, COMPLETE [2s] (total novel 0)
[19:24:20] class 17/65 ((1, 0, 0), (0, 1, 0), (0, 0, 5)) idx 5: 0 novel, COMPLETE [0s] (total novel 0)
[19:24:21] class 18/65 ((1, 0, 0), (0, 1, 1), (0, 0, 5)) idx 5: 0 novel, COMPLETE [1s] (total novel 0)
[19:24:22] class 19/65 ((1, 0, 0), (0, 1, 2), (0, 0, 5)) idx 5: 0 novel, COMPLETE [1s] (total novel 0)
[19:24:24] class 20/65 ((1, 0, 1), (0, 1, 1), (0, 0, 5)) idx 5: 0 novel, COMPLETE [2s] (total novel 0)
[19:24:27] class 21/65 ((1, 0, 1), (0, 1, 2), (0, 0, 5)) idx 5: 0 novel, COMPLETE [3s] (total novel 0)
[19:24:27] class 22/65 ((1, 0, 0), (0, 1, 0), (0, 0, 6)) idx 6: 0 novel, COMPLETE [0s] (total novel 0)
[19:24:28] class 23/65 ((1, 0, 0), (0, 1, 1), (0, 0, 6)) idx 6: 0 novel, COMPLETE [1s] (total novel 0)
[19:24:29] class 24/65 ((1, 0, 0), (0, 1, 2), (0, 0, 6)) idx 6: 0 novel, COMPLETE [2s] (total novel 0)
[19:24:31] class 25/65 ((1, 0, 0), (0, 1, 3), (0, 0, 6)) idx 6: 0 novel, COMPLETE [2s] (total novel 0)
[19:24:33] class 26/65 ((1, 0, 1), (0, 1, 1), (0, 0, 6)) idx 6: 0 novel, COMPLETE [2s] (total novel 0)
[19:24:41] class 27/65 ((1, 0, 1), (0, 1, 2), (0, 0, 6)) idx 6: 0 novel, COMPLETE [8s] (total novel 0)
[19:25:01] class 28/65 ((1, 0, 1), (0, 1, 3), (0, 0, 6)) idx 6: 0 novel, COMPLETE [20s] (total novel 0)
[19:25:13] class 29/65 ((1, 0, 2), (0, 1, 2), (0, 0, 6)) idx 6: 0 novel, COMPLETE [12s] (total novel 0)
[19:25:29] class 30/65 ((1, 0, 2), (0, 1, 3), (0, 0, 6)) idx 6: 0 novel, COMPLETE [16s] (total novel 0)
[19:25:40] class 31/65 ((1, 0, 3), (0, 1, 3), (0, 0, 6)) idx 6: 0 novel, COMPLETE [11s] (total novel 0)
[19:25:42] class 32/65 ((1, 0, 0), (0, 2, 0), (0, 0, 3)) idx 6: 0 novel, COMPLETE [2s] (total novel 0)
[19:26:33] class 33/65 ((1, 0, 1), (0, 2, 0), (0, 0, 3)) idx 6: 0 novel, COMPLETE [51s] (total novel 0)
[19:26:49] class 34/65 ((1, 1, 0), (0, 2, 0), (0, 0, 3)) idx 6: 0 novel, COMPLETE [16s] (total novel 0)
[19:26:49] class 35/65 ((1, 0, 0), (0, 1, 0), (0, 0, 7)) idx 7: 0 novel, COMPLETE [0s] (total novel 0)
[19:26:52] class 36/65 ((1, 0, 0), (0, 1, 1), (0, 0, 7)) idx 7: 0 novel, COMPLETE [3s] (total novel 0)
[19:26:55] class 37/65 ((1, 0, 0), (0, 1, 2), (0, 0, 7)) idx 7: 0 novel, COMPLETE [3s] (total novel 0)
[19:27:09] class 38/65 ((1, 0, 1), (0, 1, 1), (0, 0, 7)) idx 7: 0 novel, COMPLETE [14s] (total novel 0)
[19:28:16] class 39/65 ((1, 0, 1), (0, 1, 2), (0, 0, 7)) idx 7: 0 novel, COMPLETE [67s] (total novel 0)
[19:28:33] class 40/65 ((1, 0, 1), (0, 1, 3), (0, 0, 7)) idx 7: 0 novel, COMPLETE [18s] (total novel 0)
[19:28:44] class 41/65 ((1, 0, 2), (0, 1, 3), (0, 0, 7)) idx 7: 0 novel, COMPLETE [11s] (total novel 0)
[19:28:44] class 42/65 ((1, 0, 0), (0, 1, 0), (0, 0, 8)) idx 8: 0 novel, COMPLETE [0s] (total novel 0)
[19:28:45] class 43/65 ((1, 0, 0), (0, 1, 1), (0, 0, 8)) idx 8: 0 novel, COMPLETE [1s] (total novel 0)
[19:28:46] class 44/65 ((1, 0, 0), (0, 1, 2), (0, 0, 8)) idx 8: 0 novel, COMPLETE [1s] (total novel 0)
[19:28:49] class 45/65 ((1, 0, 0), (0, 1, 3), (0, 0, 8)) idx 8: 0 novel, COMPLETE [3s] (total novel 0)
[19:28:53] class 46/65 ((1, 0, 0), (0, 1, 4), (0, 0, 8)) idx 8: 0 novel, COMPLETE [3s] (total novel 0)
[19:28:56] class 47/65 ((1, 0, 1), (0, 1, 1), (0, 0, 8)) idx 8: 0 novel, COMPLETE [4s] (total novel 0)
[19:29:05] class 48/65 ((1, 0, 1), (0, 1, 2), (0, 0, 8)) idx 8: 0 novel, COMPLETE [9s] (total novel 0)
[19:29:19] class 49/65 ((1, 0, 1), (0, 1, 3), (0, 0, 8)) idx 8: 0 novel, COMPLETE [14s] (total novel 0)
[19:30:00] class 50/65 ((1, 0, 1), (0, 1, 4), (0, 0, 8)) idx 8: 0 novel, COMPLETE [41s] (total novel 0)
[19:30:18] class 51/65 ((1, 0, 2), (0, 1, 2), (0, 0, 8)) idx 8: 0 novel, COMPLETE [18s] (total novel 0)
[19:30:39] class 52/65 ((1, 0, 2), (0, 1, 3), (0, 0, 8)) idx 8: 0 novel, COMPLETE [22s] (total novel 0)
[19:34:47] class 53/65 ((1, 0, 2), (0, 1, 4), (0, 0, 8)) idx 8: 0 novel, COMPLETE [247s] (total novel 0)
[19:36:00] class 54/65 ((1, 0, 3), (0, 1, 4), (0, 0, 8)) idx 8: 0 novel, COMPLETE [73s] (total novel 0)
[19:36:10] class 55/65 ((1, 0, 4), (0, 1, 4), (0, 0, 8)) idx 8: 0 novel, COMPLETE [10s] (total novel 0)
[19:36:12] class 56/65 ((1, 0, 0), (0, 2, 0), (0, 0, 4)) idx 8: 0 novel, COMPLETE [2s] (total novel 0)
[19:36:29] class 57/65 ((1, 0, 0), (0, 2, 2), (0, 0, 4)) idx 8: 0 novel, COMPLETE [17s] (total novel 0)
[19:38:32] class 58/65 ((1, 0, 1), (0, 2, 0), (0, 0, 4)) idx 8: 0 novel, COMPLETE [124s] (total novel 0)
[19:39:33] class 59/65 ((1, 0, 1), (0, 2, 2), (0, 0, 4)) idx 8: 0 novel, COMPLETE [61s] (total novel 0)
[19:42:25] class 60/65 ((1, 0, 2), (0, 2, 0), (0, 0, 4)) idx 8: 0 novel, COMPLETE [171s] (total novel 0)
[19:43:36] class 61/65 ((1, 0, 2), (0, 2, 2), (0, 0, 4)) idx 8: 0 novel, COMPLETE [71s] (total novel 0)
[19:43:40] class 62/65 ((1, 1, 0), (0, 2, 0), (0, 0, 4)) idx 8: 0 novel, COMPLETE [4s] (total novel 0)
[19:45:11] class 63/65 ((1, 1, 1), (0, 2, 0), (0, 0, 4)) idx 8: 0 novel, COMPLETE [91s] (total novel 0)
[19:49:20] class 64/65 ((1, 1, 2), (0, 2, 0), (0, 0, 4)) idx 8: 0 novel, COMPLETE [249s] (total novel 0)
[19:55:12] class 65/65 ((2, 0, 0), (0, 2, 0), (0, 0, 2)) idx 8: 0 novel, COMPLETE [352s] (total novel 0)
[19:55:12] SATURATION DONE: 0 novel patterns (0 merged into arena2_patterns.json, now 33); 0 classes capped of 65
[19:55:12] all classes COMPLETE: library now contains EVERY balanced-realizable periodic pattern of index <= 8
[19:55:55] saturation to index 16; 33 existing patterns (256 conjugates) pre-blocked
[19:55:56] 307 lattice classes <= 16
[19:55:56] class 1/307 ((1, 0, 0), (0, 1, 0), (0, 0, 1)) idx 1: 0 novel, COMPLETE [0s] (total novel 0)
[19:55:56] class 2/307 ((1, 0, 0), (0, 1, 0), (0, 0, 2)) idx 2: 0 novel, COMPLETE [0s] (total novel 0)
[19:55:56] class 3/307 ((1, 0, 0), (0, 1, 1), (0, 0, 2)) idx 2: 0 novel, COMPLETE [0s] (total novel 0)
[19:55:56] class 4/307 ((1, 0, 1), (0, 1, 1), (0, 0, 2)) idx 2: 0 novel, COMPLETE [0s] (total novel 0)
[19:55:56] class 5/307 ((1, 0, 0), (0, 1, 0), (0, 0, 3)) idx 3: 0 novel, COMPLETE [0s] (total novel 0)
[19:55:57] class 6/307 ((1, 0, 0), (0, 1, 1), (0, 0, 3)) idx 3: 0 novel, COMPLETE [0s] (total novel 0)
[19:55:57] class 7/307 ((1, 0, 1), (0, 1, 1), (0, 0, 3)) idx 3: 0 novel, COMPLETE [0s] (total novel 0)
[19:55:57] class 8/307 ((1, 0, 0), (0, 1, 0), (0, 0, 4)) idx 4: 0 novel, COMPLETE [0s] (total novel 0)
[19:55:57] class 9/307 ((1, 0, 0), (0, 1, 1), (0, 0, 4)) idx 4: 0 novel, COMPLETE [1s] (total novel 0)
[19:55:58] class 10/307 ((1, 0, 0), (0, 1, 2), (0, 0, 4)) idx 4: 0 novel, COMPLETE [0s] (total novel 0)
[19:55:59] class 11/307 ((1, 0, 1), (0, 1, 1), (0, 0, 4)) idx 4: 0 novel, COMPLETE [1s] (total novel 0)
[19:56:00] class 12/307 ((1, 0, 1), (0, 1, 2), (0, 0, 4)) idx 4: 0 novel, COMPLETE [2s] (total novel 0)
[19:56:02] class 13/307 ((1, 0, 2), (0, 1, 2), (0, 0, 4)) idx 4: 0 novel, COMPLETE [1s] (total novel 0)
[19:56:02] class 14/307 ((1, 0, 0), (0, 2, 0), (0, 0, 2)) idx 4: 0 novel, COMPLETE [1s] (total novel 0)
[19:56:04] class 15/307 ((1, 0, 1), (0, 2, 0), (0, 0, 2)) idx 4: 0 novel, COMPLETE [2s] (total novel 0)
[19:56:07] class 16/307 ((1, 1, 1), (0, 2, 0), (0, 0, 2)) idx 4: 0 novel, COMPLETE [2s] (total novel 0)
[19:56:07] class 17/307 ((1, 0, 0), (0, 1, 0), (0, 0, 5)) idx 5: 0 novel, COMPLETE [0s] (total novel 0)
[19:56:08] class 18/307 ((1, 0, 0), (0, 1, 1), (0, 0, 5)) idx 5: 0 novel, COMPLETE [1s] (total novel 0)
[19:56:09] class 19/307 ((1, 0, 0), (0, 1, 2), (0, 0, 5)) idx 5: 0 novel, COMPLETE [1s] (total novel 0)
[19:56:10] class 20/307 ((1, 0, 1), (0, 1, 1), (0, 0, 5)) idx 5: 0 novel, COMPLETE [1s] (total novel 0)
[19:56:13] class 21/307 ((1, 0, 1), (0, 1, 2), (0, 0, 5)) idx 5: 0 novel, COMPLETE [3s] (total novel 0)
[19:56:13] class 22/307 ((1, 0, 0), (0, 1, 0), (0, 0, 6)) idx 6: 0 novel, COMPLETE [0s] (total novel 0)
[19:56:14] class 23/307 ((1, 0, 0), (0, 1, 1), (0, 0, 6)) idx 6: 0 novel, COMPLETE [1s] (total novel 0)
[19:56:16] class 24/307 ((1, 0, 0), (0, 1, 2), (0, 0, 6)) idx 6: 0 novel, COMPLETE [2s] (total novel 0)
[19:56:18] class 25/307 ((1, 0, 0), (0, 1, 3), (0, 0, 6)) idx 6: 0 novel, COMPLETE [2s] (total novel 0)
[19:56:20] class 26/307 ((1, 0, 1), (0, 1, 1), (0, 0, 6)) idx 6: 0 novel, COMPLETE [2s] (total novel 0)
[19:56:27] class 27/307 ((1, 0, 1), (0, 1, 2), (0, 0, 6)) idx 6: 0 novel, COMPLETE [7s] (total novel 0)
[19:56:44] class 28/307 ((1, 0, 1), (0, 1, 3), (0, 0, 6)) idx 6: 0 novel, COMPLETE [18s] (total novel 0)
[19:56:54] class 29/307 ((1, 0, 2), (0, 1, 2), (0, 0, 6)) idx 6: 0 novel, COMPLETE [9s] (total novel 0)
[19:57:08] class 30/307 ((1, 0, 2), (0, 1, 3), (0, 0, 6)) idx 6: 0 novel, COMPLETE [14s] (total novel 0)
[19:57:17] class 31/307 ((1, 0, 3), (0, 1, 3), (0, 0, 6)) idx 6: 0 novel, COMPLETE [9s] (total novel 0)
[19:57:19] class 32/307 ((1, 0, 0), (0, 2, 0), (0, 0, 3)) idx 6: 0 novel, COMPLETE [2s] (total novel 0)
[19:58:05] class 33/307 ((1, 0, 1), (0, 2, 0), (0, 0, 3)) idx 6: 0 novel, COMPLETE [45s] (total novel 0)
[19:58:17] class 34/307 ((1, 1, 0), (0, 2, 0), (0, 0, 3)) idx 6: 0 novel, COMPLETE [12s] (total novel 0)
[19:58:17] class 35/307 ((1, 0, 0), (0, 1, 0), (0, 0, 7)) idx 7: 0 novel, COMPLETE [0s] (total novel 0)
[19:58:19] class 36/307 ((1, 0, 0), (0, 1, 1), (0, 0, 7)) idx 7: 0 novel, COMPLETE [2s] (total novel 0)
[19:58:21] class 37/307 ((1, 0, 0), (0, 1, 2), (0, 0, 7)) idx 7: 0 novel, COMPLETE [2s] (total novel 0)
[19:58:31] class 38/307 ((1, 0, 1), (0, 1, 1), (0, 0, 7)) idx 7: 0 novel, COMPLETE [10s] (total novel 0)
[19:59:32] class 39/307 ((1, 0, 1), (0, 1, 2), (0, 0, 7)) idx 7: 0 novel, COMPLETE [61s] (total novel 0)
[19:59:43] class 40/307 ((1, 0, 1), (0, 1, 3), (0, 0, 7)) idx 7: 0 novel, COMPLETE [11s] (total novel 0)
[19:59:57] class 41/307 ((1, 0, 2), (0, 1, 3), (0, 0, 7)) idx 7: 0 novel, COMPLETE [14s] (total novel 0)
[19:59:58] class 42/307 ((1, 0, 0), (0, 1, 0), (0, 0, 8)) idx 8: 0 novel, COMPLETE [0s] (total novel 0)
[19:59:59] class 43/307 ((1, 0, 0), (0, 1, 1), (0, 0, 8)) idx 8: 0 novel, COMPLETE [1s] (total novel 0)
[20:00:00] class 44/307 ((1, 0, 0), (0, 1, 2), (0, 0, 8)) idx 8: 0 novel, COMPLETE [2s] (total novel 0)
[20:00:07] class 45/307 ((1, 0, 0), (0, 1, 3), (0, 0, 8)) idx 8: 0 novel, COMPLETE [6s] (total novel 0)
[20:00:14] class 46/307 ((1, 0, 0), (0, 1, 4), (0, 0, 8)) idx 8: 0 novel, COMPLETE [7s] (total novel 0)
[20:00:21] class 47/307 ((1, 0, 1), (0, 1, 1), (0, 0, 8)) idx 8: 0 novel, COMPLETE [7s] (total novel 0)
[20:00:39] class 48/307 ((1, 0, 1), (0, 1, 2), (0, 0, 8)) idx 8: 0 novel, COMPLETE [19s] (total novel 0)
[20:01:05] class 49/307 ((1, 0, 1), (0, 1, 3), (0, 0, 8)) idx 8: 0 novel, COMPLETE [26s] (total novel 0)
[20:01:49] class 50/307 ((1, 0, 1), (0, 1, 4), (0, 0, 8)) idx 8: 0 novel, COMPLETE [44s] (total novel 0)
[20:02:09] class 51/307 ((1, 0, 2), (0, 1, 2), (0, 0, 8)) idx 8: 0 novel, COMPLETE [21s] (total novel 0)
[20:02:32] class 52/307 ((1, 0, 2), (0, 1, 3), (0, 0, 8)) idx 8: 0 novel, COMPLETE [22s] (total novel 0)
[20:06:35] class 53/307 ((1, 0, 2), (0, 1, 4), (0, 0, 8)) idx 8: 0 novel, COMPLETE [243s] (total novel 0)
[20:07:32] class 54/307 ((1, 0, 3), (0, 1, 4), (0, 0, 8)) idx 8: 0 novel, COMPLETE [57s] (total novel 0)
[20:07:40] class 55/307 ((1, 0, 4), (0, 1, 4), (0, 0, 8)) idx 8: 0 novel, COMPLETE [7s] (total novel 0)
[20:07:42] class 56/307 ((1, 0, 0), (0, 2, 0), (0, 0, 4)) idx 8: 0 novel, COMPLETE [2s] (total novel 0)
[20:07:57] class 57/307 ((1, 0, 0), (0, 2, 2), (0, 0, 4)) idx 8: 0 novel, COMPLETE [15s] (total novel 0)
[20:09:37] class 58/307 ((1, 0, 1), (0, 2, 0), (0, 0, 4)) idx 8: 0 novel, COMPLETE [100s] (total novel 0)
[20:10:34] class 59/307 ((1, 0, 1), (0, 2, 2), (0, 0, 4)) idx 8: 0 novel, COMPLETE [58s] (total novel 0)
[20:12:54] class 60/307 ((1, 0, 2), (0, 2, 0), (0, 0, 4)) idx 8: 0 novel, COMPLETE [139s] (total novel 0)
[20:13:56] class 61/307 ((1, 0, 2), (0, 2, 2), (0, 0, 4)) idx 8: 0 novel, COMPLETE [62s] (total novel 0)
[20:13:59] class 62/307 ((1, 1, 0), (0, 2, 0), (0, 0, 4)) idx 8: 0 novel, COMPLETE [4s] (total novel 0)
[20:15:18] class 63/307 ((1, 1, 1), (0, 2, 0), (0, 0, 4)) idx 8: 0 novel, COMPLETE [79s] (total novel 0)
[20:19:05] class 64/307 ((1, 1, 2), (0, 2, 0), (0, 0, 4)) idx 8: 0 novel, COMPLETE [227s] (total novel 0)
[20:23:27] saturation to index 16; 33 existing patterns (256 conjugates) pre-blocked
[20:23:28] 307 lattice classes <= 16
[20:23:28] class 1/307 ((1, 0, 0), (0, 1, 0), (0, 0, 1)) idx 1: 0 novel, COMPLETE [0s] (total novel 0)
[20:23:28] class 2/307 ((1, 0, 0), (0, 1, 0), (0, 0, 2)) idx 2: 0 novel, COMPLETE [0s] (total novel 0)
[20:23:28] class 3/307 ((1, 0, 0), (0, 1, 1), (0, 0, 2)) idx 2: 0 novel, COMPLETE [0s] (total novel 0)
[20:23:28] class 4/307 ((1, 0, 1), (0, 1, 1), (0, 0, 2)) idx 2: 0 novel, COMPLETE [0s] (total novel 0)
[20:23:28] class 5/307 ((1, 0, 0), (0, 1, 0), (0, 0, 3)) idx 3: 0 novel, COMPLETE [0s] (total novel 0)
[20:23:28] class 6/307 ((1, 0, 0), (0, 1, 1), (0, 0, 3)) idx 3: 0 novel, COMPLETE [0s] (total novel 0)
[20:23:29] class 7/307 ((1, 0, 1), (0, 1, 1), (0, 0, 3)) idx 3: 0 novel, COMPLETE [0s] (total novel 0)
[20:23:29] class 8/307 ((1, 0, 0), (0, 1, 0), (0, 0, 4)) idx 4: 0 novel, COMPLETE [0s] (total novel 0)
[20:23:30] class 9/307 ((1, 0, 0), (0, 1, 1), (0, 0, 4)) idx 4: 0 novel, COMPLETE [1s] (total novel 0)
[20:23:30] class 10/307 ((1, 0, 0), (0, 1, 2), (0, 0, 4)) idx 4: 0 novel, COMPLETE [1s] (total novel 0)
[20:23:31] class 11/307 ((1, 0, 1), (0, 1, 1), (0, 0, 4)) idx 4: 0 novel, COMPLETE [1s] (total novel 0)
[20:23:33] class 12/307 ((1, 0, 1), (0, 1, 2), (0, 0, 4)) idx 4: 0 novel, COMPLETE [2s] (total novel 0)
[20:23:35] class 13/307 ((1, 0, 2), (0, 1, 2), (0, 0, 4)) idx 4: 0 novel, COMPLETE [1s] (total novel 0)
[20:23:35] class 14/307 ((1, 0, 0), (0, 2, 0), (0, 0, 2)) idx 4: 0 novel, COMPLETE [1s] (total novel 0)
[20:23:37] class 15/307 ((1, 0, 1), (0, 2, 0), (0, 0, 2)) idx 4: 0 novel, COMPLETE [2s] (total novel 0)
[20:23:39] class 16/307 ((1, 1, 1), (0, 2, 0), (0, 0, 2)) idx 4: 0 novel, COMPLETE [2s] (total novel 0)
[20:23:39] class 17/307 ((1, 0, 0), (0, 1, 0), (0, 0, 5)) idx 5: 0 novel, COMPLETE [0s] (total novel 0)
[20:23:40] class 18/307 ((1, 0, 0), (0, 1, 1), (0, 0, 5)) idx 5: 0 novel, COMPLETE [1s] (total novel 0)
[20:23:41] class 19/307 ((1, 0, 0), (0, 1, 2), (0, 0, 5)) idx 5: 0 novel, COMPLETE [1s] (total novel 0)
[20:23:42] class 20/307 ((1, 0, 1), (0, 1, 1), (0, 0, 5)) idx 5: 0 novel, COMPLETE [1s] (total novel 0)
[20:23:46] class 21/307 ((1, 0, 1), (0, 1, 2), (0, 0, 5)) idx 5: 0 novel, COMPLETE [3s] (total novel 0)
[20:23:46] class 22/307 ((1, 0, 0), (0, 1, 0), (0, 0, 6)) idx 6: 0 novel, COMPLETE [0s] (total novel 0)
[20:23:47] class 23/307 ((1, 0, 0), (0, 1, 1), (0, 0, 6)) idx 6: 0 novel, COMPLETE [1s] (total novel 0)
[20:23:49] class 24/307 ((1, 0, 0), (0, 1, 2), (0, 0, 6)) idx 6: 0 novel, COMPLETE [2s] (total novel 0)
[20:23:53] class 25/307 ((1, 0, 0), (0, 1, 3), (0, 0, 6)) idx 6: 0 novel, COMPLETE [3s] (total novel 0)
[20:23:56] class 26/307 ((1, 0, 1), (0, 1, 1), (0, 0, 6)) idx 6: 0 novel, COMPLETE [3s] (total novel 0)
[20:24:05] class 27/307 ((1, 0, 1), (0, 1, 2), (0, 0, 6)) idx 6: 0 novel, COMPLETE [9s] (total novel 0)
[20:24:26] class 28/307 ((1, 0, 1), (0, 1, 3), (0, 0, 6)) idx 6: 0 novel, COMPLETE [21s] (total novel 0)
[20:24:36] class 29/307 ((1, 0, 2), (0, 1, 2), (0, 0, 6)) idx 6: 0 novel, COMPLETE [10s] (total novel 0)
[20:24:53] class 30/307 ((1, 0, 2), (0, 1, 3), (0, 0, 6)) idx 6: 0 novel, COMPLETE [17s] (total novel 0)
[20:25:04] class 31/307 ((1, 0, 3), (0, 1, 3), (0, 0, 6)) idx 6: 0 novel, COMPLETE [11s] (total novel 0)
[20:25:06] class 32/307 ((1, 0, 0), (0, 2, 0), (0, 0, 3)) idx 6: 0 novel, COMPLETE [2s] (total novel 0)
[20:25:59] class 33/307 ((1, 0, 1), (0, 2, 0), (0, 0, 3)) idx 6: 0 novel, COMPLETE [52s] (total novel 0)
[20:26:17] class 34/307 ((1, 1, 0), (0, 2, 0), (0, 0, 3)) idx 6: 0 novel, COMPLETE [18s] (total novel 0)
[20:26:17] class 35/307 ((1, 0, 0), (0, 1, 0), (0, 0, 7)) idx 7: 0 novel, COMPLETE [0s] (total novel 0)
[20:26:20] class 36/307 ((1, 0, 0), (0, 1, 1), (0, 0, 7)) idx 7: 0 novel, COMPLETE [3s] (total novel 0)
[20:26:23] class 37/307 ((1, 0, 0), (0, 1, 2), (0, 0, 7)) idx 7: 0 novel, COMPLETE [2s] (total novel 0)
[20:26:35] class 38/307 ((1, 0, 1), (0, 1, 1), (0, 0, 7)) idx 7: 0 novel, COMPLETE [12s] (total novel 0)
[20:27:48] class 39/307 ((1, 0, 1), (0, 1, 2), (0, 0, 7)) idx 7: 0 novel, COMPLETE [74s] (total novel 0)
[20:28:06] class 40/307 ((1, 0, 1), (0, 1, 3), (0, 0, 7)) idx 7: 0 novel, COMPLETE [18s] (total novel 0)
[20:28:28] class 41/307 ((1, 0, 2), (0, 1, 3), (0, 0, 7)) idx 7: 0 novel, COMPLETE [22s] (total novel 0)
[20:28:28] class 42/307 ((1, 0, 0), (0, 1, 0), (0, 0, 8)) idx 8: 0 novel, COMPLETE [0s] (total novel 0)
[20:28:31] class 43/307 ((1, 0, 0), (0, 1, 1), (0, 0, 8)) idx 8: 0 novel, COMPLETE [2s] (total novel 0)
[20:28:34] class 44/307 ((1, 0, 0), (0, 1, 2), (0, 0, 8)) idx 8: 0 novel, COMPLETE [3s] (total novel 0)
[20:28:45] class 45/307 ((1, 0, 0), (0, 1, 3), (0, 0, 8)) idx 8: 0 novel, COMPLETE [11s] (total novel 0)
[20:28:56] class 46/307 ((1, 0, 0), (0, 1, 4), (0, 0, 8)) idx 8: 0 novel, COMPLETE [11s] (total novel 0)
[20:29:08] class 47/307 ((1, 0, 1), (0, 1, 1), (0, 0, 8)) idx 8: 0 novel, COMPLETE [12s] (total novel 0)
[20:29:34] class 48/307 ((1, 0, 1), (0, 1, 2), (0, 0, 8)) idx 8: 0 novel, COMPLETE [27s] (total novel 0)
[20:30:12] class 49/307 ((1, 0, 1), (0, 1, 3), (0, 0, 8)) idx 8: 0 novel, COMPLETE [38s] (total novel 0)
[20:31:07] class 50/307 ((1, 0, 1), (0, 1, 4), (0, 0, 8)) idx 8: 0 novel, COMPLETE [55s] (total novel 0)
[20:31:25] class 51/307 ((1, 0, 2), (0, 1, 2), (0, 0, 8)) idx 8: 0 novel, COMPLETE [17s] (total novel 0)
[20:31:41] class 52/307 ((1, 0, 2), (0, 1, 3), (0, 0, 8)) idx 8: 0 novel, COMPLETE [17s] (total novel 0)
[20:34:55] class 53/307 ((1, 0, 2), (0, 1, 4), (0, 0, 8)) idx 8: 0 novel, COMPLETE [193s] (total novel 0)
[20:36:34] class 54/307 ((1, 0, 3), (0, 1, 4), (0, 0, 8)) idx 8: 0 novel, COMPLETE [100s] (total novel 0)
[20:36:48] class 55/307 ((1, 0, 4), (0, 1, 4), (0, 0, 8)) idx 8: 0 novel, COMPLETE [13s] (total novel 0)
[20:36:51] class 56/307 ((1, 0, 0), (0, 2, 0), (0, 0, 4)) idx 8: 0 novel, COMPLETE [3s] (total novel 0)
[20:37:10] class 57/307 ((1, 0, 0), (0, 2, 2), (0, 0, 4)) idx 8: 0 novel, COMPLETE [19s] (total novel 0)
[20:39:43] class 58/307 ((1, 0, 1), (0, 2, 0), (0, 0, 4)) idx 8: 0 novel, COMPLETE [153s] (total novel 0)
[20:41:00] class 59/307 ((1, 0, 1), (0, 2, 2), (0, 0, 4)) idx 8: 0 novel, COMPLETE [77s] (total novel 0)
[20:44:12] class 60/307 ((1, 0, 2), (0, 2, 0), (0, 0, 4)) idx 8: 0 novel, COMPLETE [192s] (total novel 0)
[20:45:31] class 61/307 ((1, 0, 2), (0, 2, 2), (0, 0, 4)) idx 8: 0 novel, COMPLETE [79s] (total novel 0)
[20:45:36] class 62/307 ((1, 1, 0), (0, 2, 0), (0, 0, 4)) idx 8: 0 novel, COMPLETE [5s] (total novel 0)
[20:47:12] class 63/307 ((1, 1, 1), (0, 2, 0), (0, 0, 4)) idx 8: 0 novel, COMPLETE [96s] (total novel 0)
[20:51:23] class 64/307 ((1, 1, 2), (0, 2, 0), (0, 0, 4)) idx 8: 0 novel, COMPLETE [251s] (total novel 0)
[20:58:07] class 65/307 ((2, 0, 0), (0, 2, 0), (0, 0, 2)) idx 8: 0 novel, COMPLETE [404s] (total novel 0)
[20:58:07] class 66/307 ((1, 0, 0), (0, 1, 0), (0, 0, 9)) idx 9: 0 novel, COMPLETE [0s] (total novel 0)
[20:58:14] class 67/307 ((1, 0, 0), (0, 1, 1), (0, 0, 9)) idx 9: 0 novel, COMPLETE [7s] (total novel 0)
[20:58:16] class 68/307 ((1, 0, 0), (0, 1, 2), (0, 0, 9)) idx 9: 0 novel, COMPLETE [3s] (total novel 0)
[20:58:25] class 69/307 ((1, 0, 0), (0, 1, 3), (0, 0, 9)) idx 9: 0 novel, COMPLETE [9s] (total novel 0)
[20:58:28] class 70/307 ((1, 0, 1), (0, 1, 1), (0, 0, 9)) idx 9: 0 novel, COMPLETE [3s] (total novel 0)
[20:59:24] class 71/307 ((1, 0, 1), (0, 1, 2), (0, 0, 9)) idx 9: 0 novel, COMPLETE [56s] (total novel 0)
[21:03:46] class 72/307 ((1, 0, 1), (0, 1, 3), (0, 0, 9)) idx 9: 0 novel, COMPLETE [262s] (total novel 0)
[21:09:03] class 73/307 ((1, 0, 1), (0, 1, 4), (0, 0, 9)) idx 9: 0 novel, COMPLETE [318s] (total novel 0)
[21:10:23] parallel saturation to 16: 307 classes, 8 workers, 33 patterns pre-blocked
[21:10:23] class 1/307 ((1, 0, 0), (0, 1, 0), (0, 0, 1)) idx 1: 0 novel, COMPLETE [0s] (total novel 0)
[21:10:23] class 2/307 ((1, 0, 0), (0, 1, 0), (0, 0, 2)) idx 2: 0 novel, COMPLETE [0s] (total novel 0)
[21:10:23] class 3/307 ((1, 0, 0), (0, 1, 0), (0, 0, 3)) idx 3: 0 novel, COMPLETE [0s] (total novel 0)
[21:10:23] class 4/307 ((1, 0, 0), (0, 1, 0), (0, 0, 4)) idx 4: 0 novel, COMPLETE [0s] (total novel 0)
[21:10:23] class 5/307 ((1, 0, 1), (0, 1, 1), (0, 0, 2)) idx 2: 0 novel, COMPLETE [0s] (total novel 0)
[21:10:23] class 6/307 ((1, 0, 0), (0, 1, 1), (0, 0, 2)) idx 2: 0 novel, COMPLETE [0s] (total novel 0)
[21:10:23] class 7/307 ((1, 0, 1), (0, 1, 1), (0, 0, 3)) idx 3: 0 novel, COMPLETE [0s] (total novel 0)
[21:10:23] class 8/307 ((1, 0, 0), (0, 1, 1), (0, 0, 3)) idx 3: 0 novel, COMPLETE [0s] (total novel 0)
[21:10:23] class 9/307 ((1, 0, 0), (0, 2, 0), (0, 0, 2)) idx 4: 0 novel, COMPLETE [0s] (total novel 0)
[21:10:23] class 10/307 ((1, 0, 0), (0, 1, 2), (0, 0, 4)) idx 4: 0 novel, COMPLETE [1s] (total novel 0)
[21:10:23] class 11/307 ((1, 0, 1), (0, 1, 1), (0, 0, 4)) idx 4: 0 novel, COMPLETE [1s] (total novel 0)
[21:10:24] class 12/307 ((1, 0, 0), (0, 1, 1), (0, 0, 4)) idx 4: 0 novel, COMPLETE [1s] (total novel 0)
[21:10:24] class 13/307 ((1, 0, 2), (0, 1, 2), (0, 0, 4)) idx 4: 0 novel, COMPLETE [2s] (total novel 0)
[21:10:24] class 14/307 ((1, 0, 1), (0, 1, 2), (0, 0, 4)) idx 4: 0 novel, COMPLETE [2s] (total novel 0)
[21:10:25] class 15/307 ((1, 0, 1), (0, 2, 0), (0, 0, 2)) idx 4: 0 novel, COMPLETE [2s] (total novel 0)
[21:10:25] class 16/307 ((1, 1, 1), (0, 2, 0), (0, 0, 2)) idx 4: 0 novel, COMPLETE [2s] (total novel 0)
[21:10:25] class 17/307 ((1, 0, 0), (0, 1, 0), (0, 0, 6)) idx 6: 0 novel, COMPLETE [0s] (total novel 0)
[21:10:25] class 18/307 ((1, 0, 0), (0, 1, 0), (0, 0, 5)) idx 5: 0 novel, COMPLETE [0s] (total novel 0)
[21:10:26] class 19/307 ((1, 0, 0), (0, 1, 1), (0, 0, 6)) idx 6: 0 novel, COMPLETE [1s] (total novel 0)
[21:10:26] class 20/307 ((1, 0, 0), (0, 1, 2), (0, 0, 5)) idx 5: 0 novel, COMPLETE [1s] (total novel 0)
[21:10:26] class 21/307 ((1, 0, 0), (0, 1, 1), (0, 0, 5)) idx 5: 0 novel, COMPLETE [1s] (total novel 0)
[21:10:27] class 22/307 ((1, 0, 0), (0, 1, 2), (0, 0, 6)) idx 6: 0 novel, COMPLETE [2s] (total novel 0)
[21:10:28] class 23/307 ((1, 0, 1), (0, 1, 1), (0, 0, 5)) idx 5: 0 novel, COMPLETE [3s] (total novel 0)
[21:10:28] class 24/307 ((1, 0, 0), (0, 1, 3), (0, 0, 6)) idx 6: 0 novel, COMPLETE [3s] (total novel 0)
[21:10:28] class 25/307 ((1, 0, 1), (0, 1, 1), (0, 0, 6)) idx 6: 0 novel, COMPLETE [3s] (total novel 0)
[21:10:29] class 26/307 ((1, 0, 1), (0, 1, 2), (0, 0, 5)) idx 5: 0 novel, COMPLETE [4s] (total novel 0)
[21:10:30] class 27/307 ((1, 0, 0), (0, 2, 0), (0, 0, 3)) idx 6: 0 novel, COMPLETE [2s] (total novel 0)
[21:10:33] class 28/307 ((1, 0, 2), (0, 1, 2), (0, 0, 6)) idx 6: 0 novel, COMPLETE [7s] (total novel 0)
[21:10:34] class 29/307 ((1, 0, 1), (0, 1, 2), (0, 0, 6)) idx 6: 0 novel, COMPLETE [8s] (total novel 0)
[21:10:36] class 30/307 ((1, 0, 3), (0, 1, 3), (0, 0, 6)) idx 6: 0 novel, COMPLETE [8s] (total novel 0)
[21:10:38] class 31/307 ((1, 0, 1), (0, 1, 3), (0, 0, 6)) idx 6: 0 novel, COMPLETE [12s] (total novel 0)
[21:10:49] class 32/307 ((1, 0, 2), (0, 1, 3), (0, 0, 6)) idx 6: 0 novel, COMPLETE [22s] (total novel 0)
[21:10:49] class 33/307 ((1, 0, 0), (0, 1, 0), (0, 0, 7)) idx 7: 0 novel, COMPLETE [0s] (total novel 0)
[21:10:51] class 34/307 ((1, 0, 0), (0, 1, 2), (0, 0, 7)) idx 7: 0 novel, COMPLETE [2s] (total novel 0)
[21:10:51] class 35/307 ((1, 0, 0), (0, 1, 0), (0, 0, 8)) idx 8: 0 novel, COMPLETE [0s] (total novel 0)
[21:10:52] class 36/307 ((1, 0, 0), (0, 1, 1), (0, 0, 8)) idx 8: 0 novel, COMPLETE [1s] (total novel 0)
[21:10:52] class 37/307 ((1, 0, 0), (0, 1, 1), (0, 0, 7)) idx 7: 0 novel, COMPLETE [3s] (total novel 0)
[21:10:54] class 38/307 ((1, 0, 0), (0, 1, 2), (0, 0, 8)) idx 8: 0 novel, COMPLETE [2s] (total novel 0)
[21:10:55] class 39/307 ((1, 0, 1), (0, 1, 3), (0, 0, 7)) idx 7: 0 novel, COMPLETE [7s] (total novel 0)
[21:10:57] class 40/307 ((1, 0, 2), (0, 1, 3), (0, 0, 7)) idx 7: 0 novel, COMPLETE [8s] (total novel 0)
[21:10:58] class 41/307 ((1, 0, 0), (0, 1, 3), (0, 0, 8)) idx 8: 0 novel, COMPLETE [6s] (total novel 0)
[21:10:59] class 42/307 ((1, 1, 0), (0, 2, 0), (0, 0, 3)) idx 6: 0 novel, COMPLETE [10s] (total novel 0)
[21:10:59] class 43/307 ((1, 0, 1), (0, 1, 1), (0, 0, 8)) idx 8: 0 novel, COMPLETE [4s] (total novel 0)
[21:10:59] class 44/307 ((1, 0, 0), (0, 1, 4), (0, 0, 8)) idx 8: 0 novel, COMPLETE [6s] (total novel 0)
[21:11:00] class 45/307 ((1, 0, 1), (0, 1, 1), (0, 0, 7)) idx 7: 0 novel, COMPLETE [12s] (total novel 0)
[21:11:12] class 46/307 ((1, 0, 1), (0, 1, 2), (0, 0, 8)) idx 8: 0 novel, COMPLETE [15s] (total novel 0)
[21:11:12] class 47/307 ((1, 0, 1), (0, 2, 0), (0, 0, 3)) idx 6: 0 novel, COMPLETE [23s] (total novel 0)
[21:11:36] class 48/307 ((1, 0, 1), (0, 1, 2), (0, 0, 7)) idx 7: 0 novel, COMPLETE [47s] (total novel 0)
[21:11:37] class 49/307 ((1, 0, 0), (0, 2, 0), (0, 0, 4)) idx 8: 0 novel, COMPLETE [2s] (total novel 0)
[21:11:44] class 50/307 ((1, 0, 4), (0, 1, 4), (0, 0, 8)) idx 8: 0 novel, COMPLETE [8s] (total novel 0)
[21:11:49] class 51/307 ((1, 0, 2), (0, 1, 2), (0, 0, 8)) idx 8: 0 novel, COMPLETE [13s] (total novel 0)
[21:11:50] class 52/307 ((1, 0, 0), (0, 2, 2), (0, 0, 4)) idx 8: 0 novel, COMPLETE [13s] (total novel 0)
[21:12:00] class 53/307 ((1, 0, 1), (0, 1, 4), (0, 0, 8)) idx 8: 0 novel, COMPLETE [24s] (total novel 0)
[21:12:00] class 54/307 ((1, 0, 2), (0, 1, 3), (0, 0, 8)) idx 8: 0 novel, COMPLETE [24s] (total novel 0)
[21:12:03] class 55/307 ((1, 1, 0), (0, 2, 0), (0, 0, 4)) idx 8: 0 novel, COMPLETE [3s] (total novel 0)
[21:12:17] class 56/307 ((1, 0, 3), (0, 1, 4), (0, 0, 8)) idx 8: 0 novel, COMPLETE [41s] (total novel 0)
[21:12:33] class 57/307 ((1, 0, 1), (0, 2, 2), (0, 0, 4)) idx 8: 0 novel, COMPLETE [44s] (total novel 0)
[21:12:49] class 58/307 ((1, 0, 2), (0, 2, 2), (0, 0, 4)) idx 8: 0 novel, COMPLETE [49s] (total novel 0)
[21:12:57] class 59/307 ((1, 0, 1), (0, 2, 0), (0, 0, 4)) idx 8: 0 novel, COMPLETE [73s] (total novel 0)
[21:13:04] class 60/307 ((1, 0, 2), (0, 2, 0), (0, 0, 4)) idx 8: 0 novel, COMPLETE [74s] (total novel 0)
[21:13:09] class 61/307 ((1, 1, 1), (0, 2, 0), (0, 0, 4)) idx 8: 0 novel, COMPLETE [66s] (total novel 0)
[21:13:57] class 62/307 ((1, 0, 2), (0, 1, 4), (0, 0, 8)) idx 8: 0 novel, COMPLETE [142s] (total novel 0)
[21:14:05] class 63/307 ((1, 0, 1), (0, 1, 3), (0, 0, 8)) idx 8: 0 novel, COMPLETE [149s] (total novel 0)
[21:14:35] class 64/307 ((1, 1, 2), (0, 2, 0), (0, 0, 4)) idx 8: 0 novel, COMPLETE [138s] (total novel 0)
[21:14:35] class 65/307 ((1, 0, 0), (0, 1, 0), (0, 0, 9)) idx 9: 0 novel, COMPLETE [0s] (total novel 0)
[21:14:36] class 66/307 ((1, 0, 0), (0, 1, 2), (0, 0, 9)) idx 9: 0 novel, COMPLETE [2s] (total novel 0)
[21:14:37] class 67/307 ((1, 0, 1), (0, 1, 1), (0, 0, 9)) idx 9: 0 novel, COMPLETE [2s] (total novel 0)
[21:14:39] class 68/307 ((1, 0, 0), (0, 1, 1), (0, 0, 9)) idx 9: 0 novel, COMPLETE [4s] (total novel 0)
[21:14:40] class 69/307 ((1, 0, 0), (0, 1, 3), (0, 0, 9)) idx 9: 0 novel, COMPLETE [6s] (total novel 0)
[21:14:44] class 70/307 ((1, 0, 0), (0, 3, 0), (0, 0, 3)) idx 9: 0 novel, COMPLETE [4s] (total novel 0)
[21:14:48] class 71/307 ((1, 0, 3), (0, 1, 3), (0, 0, 9)) idx 9: 0 novel, COMPLETE [9s] (total novel 0)
[21:14:53] class 72/307 ((1, 0, 1), (0, 1, 4), (0, 0, 9)) idx 9: 0 novel, COMPLETE [18s] (total novel 0)
[21:14:53] class 73/307 ((1, 0, 0), (0, 1, 0), (0, 0, 10)) idx 10: 0 novel, COMPLETE [0s] (total novel 0)
[21:14:56] class 74/307 ((1, 0, 2), (0, 1, 4), (0, 0, 9)) idx 9: 0 novel, COMPLETE [19s] (total novel 0)
[21:14:56] class 75/307 ((1, 0, 1), (0, 1, 2), (0, 0, 9)) idx 9: 0 novel, COMPLETE [21s] (total novel 0)
[21:15:26] class 76/307 ((1, 0, 1), (0, 3, 0), (0, 0, 3)) idx 9: 0 novel, COMPLETE [42s] (total novel 0)
[21:17:55] class 77/307 ((1, 0, 1), (0, 1, 3), (0, 0, 9)) idx 9: 0 novel, COMPLETE [201s] (total novel 0)
[21:18:19] class 78/307 ((2, 0, 0), (0, 2, 0), (0, 0, 2)) idx 8: 0 novel, COMPLETE [224s] (total novel 0)
[21:22:48] class 79/307 ((1, 0, 2), (0, 1, 3), (0, 0, 9)) idx 9: 0 novel, COMPLETE [492s] (total novel 0)
[22:19:20] class 80/307 ((1, 1, 1), (0, 3, 0), (0, 0, 3)) idx 9: 0 novel, COMPLETE [3872s] (total novel 0)
[22:19:22] class 81/307 ((1, 0, 0), (0, 1, 2), (0, 0, 10)) idx 10: 0 novel, COMPLETE [2s] (total novel 0)
[22:19:23] class 82/307 ((1, 0, 0), (0, 1, 1), (0, 0, 10)) idx 10: 0 novel, COMPLETE [2s] (total novel 0)
[22:19:23] class 83/307 ((1, 0, 0), (0, 1, 5), (0, 0, 10)) idx 10: 0 novel, COMPLETE [3s] (total novel 0)
[22:19:27] class 84/307 ((1, 0, 0), (0, 1, 3), (0, 0, 10)) idx 10: 0 novel, COMPLETE [7s] (total novel 0)
[22:19:28] class 85/307 ((1, 0, 0), (0, 1, 4), (0, 0, 10)) idx 10: 0 novel, COMPLETE [8s] (total novel 0)
[22:19:33] class 86/307 ((1, 0, 1), (0, 1, 1), (0, 0, 10)) idx 10: 0 novel, COMPLETE [12s] (total novel 0)
[22:20:04] class 87/307 ((1, 0, 1), (0, 1, 2), (0, 0, 10)) idx 10: 0 novel, COMPLETE [43s] (total novel 0)
[22:20:27] class 88/307 ((1, 0, 1), (0, 1, 4), (0, 0, 10)) idx 10: 0 novel, COMPLETE [66s] (total novel 0)
[22:21:24] class 89/307 ((1, 0, 2), (0, 1, 3), (0, 0, 10)) idx 10: 0 novel, COMPLETE [117s] (total novel 0)
[22:21:31] class 90/307 ((1, 0, 4), (0, 1, 4), (0, 0, 10)) idx 10: 0 novel, COMPLETE [64s] (total novel 0)
[22:23:16] class 91/307 ((1, 0, 2), (0, 1, 2), (0, 0, 10)) idx 10: 0 novel, COMPLETE [233s] (total novel 0)
[22:24:52] class 92/307 ((1, 0, 1), (0, 1, 3), (0, 0, 10)) idx 10: 0 novel, COMPLETE [332s] (total novel 0)
[22:25:25] class 93/307 ((1, 0, 1), (0, 1, 5), (0, 0, 10)) idx 10: 0 novel, COMPLETE [363s] (total novel 0)
[22:25:27] class 94/307 ((1, 0, 2), (0, 1, 4), (0, 0, 10)) idx 10: 0 novel, COMPLETE [359s] (total novel 0)
[22:28:55] class 95/307 ((1, 0, 2), (0, 1, 5), (0, 0, 10)) idx 10: 0 novel, COMPLETE [562s] (total novel 0)
[23:06:41] class 96/307 ((1, 0, 3), (0, 1, 5), (0, 0, 10)) idx 10: 0 novel, COMPLETE [2798s] (total novel 0)
[23:06:42] class 97/307 ((1, 0, 0), (0, 1, 0), (0, 0, 11)) idx 11: 0 novel, COMPLETE [0s] (total novel 0)
[23:06:43] class 98/307 ((1, 0, 0), (0, 1, 2), (0, 0, 11)) idx 11: 0 novel, COMPLETE [1s] (total novel 0)
[23:06:46] class 99/307 ((1, 0, 0), (0, 1, 1), (0, 0, 11)) idx 11: 0 novel, COMPLETE [5s] (total novel 0)
[23:06:48] class 100/307 ((1, 0, 5), (0, 1, 5), (0, 0, 10)) idx 10: 0 novel, COMPLETE [7s] (total novel 0)
[23:06:49] class 101/307 ((1, 1, 0), (0, 2, 0), (0, 0, 5)) idx 10: 0 novel, COMPLETE [8s] (total novel 0)
[23:06:49] class 102/307 ((1, 0, 0), (0, 1, 3), (0, 0, 11)) idx 11: 0 novel, COMPLETE [6s] (total novel 0)
[23:06:50] class 103/307 ((1, 0, 0), (0, 2, 0), (0, 0, 5)) idx 10: 0 novel, COMPLETE [9s] (total novel 0)
[23:07:07] class 104/307 ((1, 0, 1), (0, 1, 1), (0, 0, 11)) idx 11: 0 novel, COMPLETE [21s] (total novel 0)
[23:07:26] class 105/307 ((1, 0, 1), (0, 1, 2), (0, 0, 11)) idx 11: 0 novel, COMPLETE [38s] (total novel 0)
[23:07:36] class 106/307 ((1, 0, 4), (0, 1, 5), (0, 0, 10)) idx 10: 0 novel, COMPLETE [55s] (total novel 0)
[23:08:27] class 107/307 ((1, 0, 1), (0, 1, 4), (0, 0, 11)) idx 11: 0 novel, COMPLETE [97s] (total novel 0)
[23:08:39] class 108/307 ((1, 0, 2), (0, 1, 3), (0, 0, 11)) idx 11: 0 novel, COMPLETE [92s] (total novel 0)
[23:08:42] class 109/307 ((1, 0, 2), (0, 2, 0), (0, 0, 5)) idx 10: 0 novel, COMPLETE [120s] (total novel 0)
[23:08:59] class 110/307 ((1, 0, 1), (0, 1, 5), (0, 0, 11)) idx 11: 0 novel, COMPLETE [129s] (total novel 0)
[23:09:52] class 111/307 ((1, 0, 1), (0, 1, 3), (0, 0, 11)) idx 11: 0 novel, COMPLETE [183s] (total novel 0)
[23:10:03] class 112/307 ((1, 0, 1), (0, 2, 0), (0, 0, 5)) idx 10: 0 novel, COMPLETE [201s] (total novel 0)
[23:10:03] class 113/307 ((1, 0, 0), (0, 1, 0), (0, 0, 12)) idx 12: 0 novel, COMPLETE [0s] (total novel 0)
[23:10:04] class 114/307 ((1, 0, 0), (0, 1, 1), (0, 0, 12)) idx 12: 0 novel, COMPLETE [1s] (total novel 0)
[23:10:04] class 115/307 ((1, 0, 0), (0, 1, 2), (0, 0, 12)) idx 12: 0 novel, COMPLETE [2s] (total novel 0)
[23:10:06] class 116/307 ((1, 0, 1), (0, 1, 1), (0, 0, 12)) idx 12: 0 novel, COMPLETE [3s] (total novel 0)
[23:10:08] class 117/307 ((1, 0, 0), (0, 1, 4), (0, 0, 12)) idx 12: 0 novel, COMPLETE [5s] (total novel 0)
[23:10:12] class 118/307 ((1, 0, 0), (0, 1, 3), (0, 0, 12)) idx 12: 0 novel, COMPLETE [10s] (total novel 0)
[23:10:15] class 119/307 ((1, 0, 1), (0, 1, 2), (0, 0, 12)) idx 12: 0 novel, COMPLETE [11s] (total novel 0)
[23:10:15] class 120/307 ((1, 0, 0), (0, 1, 5), (0, 0, 12)) idx 12: 0 novel, COMPLETE [12s] (total novel 0)
[23:10:20] class 121/307 ((1, 0, 0), (0, 1, 6), (0, 0, 12)) idx 12: 0 novel, COMPLETE [17s] (total novel 0)
[23:10:35] class 122/307 ((1, 0, 1), (0, 1, 3), (0, 0, 12)) idx 12: 0 novel, COMPLETE [30s] (total novel 0)
[23:11:32] class 123/307 ((1, 0, 2), (0, 1, 2), (0, 0, 12)) idx 12: 0 novel, COMPLETE [77s] (total novel 0)
[23:11:42] class 124/307 ((1, 0, 1), (0, 1, 6), (0, 0, 12)) idx 12: 0 novel, COMPLETE [90s] (total novel 0)
[23:11:54] class 125/307 ((1, 0, 2), (0, 1, 3), (0, 0, 12)) idx 12: 0 novel, COMPLETE [99s] (total novel 0)
[23:12:05] class 126/307 ((1, 0, 1), (0, 1, 4), (0, 0, 12)) idx 12: 0 novel, COMPLETE [119s] (total novel 0)
[23:26:49] class 127/307 ((1, 0, 1), (0, 1, 5), (0, 0, 12)) idx 12: 0 novel, COMPLETE [1001s] (total novel 0)
[23:38:55] class 128/307 ((1, 0, 2), (0, 1, 4), (0, 0, 11)) idx 11: 0 novel, COMPLETE [1732s] (total novel 0)
[23:39:35] class 129/307 ((1, 0, 4), (0, 1, 4), (0, 0, 12)) idx 12: 0 novel, COMPLETE [39s] (total novel 0)
[23:40:07] class 130/307 ((1, 0, 3), (0, 1, 6), (0, 0, 12)) idx 12: 0 novel, COMPLETE [72s] (total novel 0)
[23:42:18] class 131/307 ((1, 0, 3), (0, 1, 3), (0, 0, 12)) idx 12: 0 novel, COMPLETE [202s] (total novel 0)
[23:42:32] class 132/307 ((1, 0, 2), (0, 1, 5), (0, 0, 12)) idx 12: 0 novel, COMPLETE [217s] (total novel 0)
[23:42:37] class 133/307 ((1, 0, 6), (0, 1, 6), (0, 0, 12)) idx 12: 0 novel, COMPLETE [5s] (total novel 0)
[23:42:38] class 134/307 ((1, 0, 0), (0, 2, 0), (0, 0, 6)) idx 12: 0 novel, COMPLETE [2s] (total novel 0)
[23:42:56] class 135/307 ((1, 0, 0), (0, 2, 2), (0, 0, 6)) idx 12: 0 novel, COMPLETE [17s] (total novel 0)
[23:43:03] class 136/307 ((1, 0, 0), (0, 2, 3), (0, 0, 6)) idx 12: 0 novel, COMPLETE [7s] (total novel 0)
[23:44:53] class 137/307 ((1, 0, 5), (0, 1, 6), (0, 0, 12)) idx 12: 0 novel, COMPLETE [155s] (total novel 0)
[23:45:13] class 138/307 ((1, 0, 1), (0, 2, 0), (0, 0, 6)) idx 12: 0 novel, COMPLETE [131s] (total novel 0)
[23:47:22] class 139/307 ((1, 0, 2), (0, 1, 6), (0, 0, 12)) idx 12: 0 novel, COMPLETE [507s] (total novel 0)
[23:48:14] class 140/307 ((1, 0, 4), (0, 1, 5), (0, 0, 12)) idx 12: 0 novel, COMPLETE [520s] (total novel 0)
[23:49:12] class 141/307 ((1, 0, 3), (0, 1, 4), (0, 0, 12)) idx 12: 0 novel, COMPLETE [617s] (total novel 0)
[00:48:13] class 142/307 ((1, 0, 4), (0, 1, 6), (0, 0, 12)) idx 12: 0 novel, COMPLETE [4086s] (total novel 0)
[00:58:54] class 143/307 ((1, 0, 2), (0, 1, 4), (0, 0, 12)) idx 12: 0 novel, COMPLETE [4799s] (total novel 0)
[04:25:55] parallel saturation to 16 (skipping <= 8): 242 classes, 28 workers, 33 patterns pre-blocked
[04:25:55] class 1/242 ((1, 0, 0), (0, 1, 0), (0, 0, 9)) idx 9: 0 novel, COMPLETE [0s] (total novel 0)
[04:25:55] class 2/242 ((1, 0, 0), (0, 1, 0), (0, 0, 10)) idx 10: 0 novel, COMPLETE [0s] (total novel 0)
[04:25:57] class 3/242 ((1, 0, 0), (0, 1, 2), (0, 0, 9)) idx 9: 0 novel, COMPLETE [2s] (total novel 0)
[04:25:57] class 4/242 ((1, 0, 0), (0, 1, 2), (0, 0, 10)) idx 10: 0 novel, COMPLETE [2s] (total novel 0)
[04:25:58] class 5/242 ((1, 0, 0), (0, 1, 1), (0, 0, 10)) idx 10: 0 novel, COMPLETE [3s] (total novel 0)
[04:25:58] class 6/242 ((1, 0, 0), (0, 1, 5), (0, 0, 10)) idx 10: 0 novel, COMPLETE [3s] (total novel 0)
[04:25:58] class 7/242 ((1, 0, 1), (0, 1, 1), (0, 0, 9)) idx 9: 0 novel, COMPLETE [3s] (total novel 0)
[04:25:59] class 8/242 ((1, 0, 0), (0, 1, 1), (0, 0, 9)) idx 9: 0 novel, COMPLETE [4s] (total novel 0)
[04:25:59] class 9/242 ((1, 0, 0), (0, 3, 0), (0, 0, 3)) idx 9: 0 novel, COMPLETE [4s] (total novel 0)
[04:26:01] class 10/242 ((1, 0, 0), (0, 1, 3), (0, 0, 9)) idx 9: 0 novel, COMPLETE [6s] (total novel 0)
[04:26:01] class 11/242 ((1, 0, 0), (0, 1, 0), (0, 0, 11)) idx 11: 0 novel, COMPLETE [0s] (total novel 0)
[04:26:01] class 12/242 ((1, 0, 0), (0, 1, 3), (0, 0, 10)) idx 10: 0 novel, COMPLETE [7s] (total novel 0)
[04:26:03] class 13/242 ((1, 0, 0), (0, 1, 2), (0, 0, 11)) idx 11: 0 novel, COMPLETE [2s] (total novel 0)
[04:26:03] class 14/242 ((1, 0, 0), (0, 1, 4), (0, 0, 10)) idx 10: 0 novel, COMPLETE [9s] (total novel 0)
[04:26:05] class 15/242 ((1, 0, 3), (0, 1, 3), (0, 0, 9)) idx 9: 0 novel, COMPLETE [10s] (total novel 0)
[04:26:07] class 16/242 ((1, 0, 1), (0, 1, 1), (0, 0, 10)) idx 10: 0 novel, COMPLETE [12s] (total novel 0)
[04:26:07] class 17/242 ((1, 0, 5), (0, 1, 5), (0, 0, 10)) idx 10: 0 novel, COMPLETE [10s] (total novel 0)
[04:26:07] class 18/242 ((1, 0, 0), (0, 1, 1), (0, 0, 11)) idx 11: 0 novel, COMPLETE [6s] (total novel 0)
[04:26:08] class 19/242 ((1, 0, 0), (0, 2, 0), (0, 0, 5)) idx 10: 0 novel, COMPLETE [10s] (total novel 0)
[04:26:10] class 20/242 ((1, 1, 0), (0, 2, 0), (0, 0, 5)) idx 10: 0 novel, COMPLETE [10s] (total novel 0)
[04:26:12] class 21/242 ((1, 0, 0), (0, 1, 3), (0, 0, 11)) idx 11: 0 novel, COMPLETE [9s] (total novel 0)
[04:26:12] class 22/242 ((1, 0, 0), (0, 1, 0), (0, 0, 12)) idx 12: 0 novel, COMPLETE [0s] (total novel 0)
[04:26:13] class 23/242 ((1, 0, 0), (0, 1, 1), (0, 0, 12)) idx 12: 0 novel, COMPLETE [1s] (total novel 0)
[04:26:15] class 24/242 ((1, 0, 0), (0, 1, 2), (0, 0, 12)) idx 12: 0 novel, COMPLETE [2s] (total novel 0)
[04:26:16] class 25/242 ((1, 0, 1), (0, 1, 4), (0, 0, 9)) idx 9: 0 novel, COMPLETE [21s] (total novel 0)
[04:26:16] class 26/242 ((1, 0, 2), (0, 1, 4), (0, 0, 9)) idx 9: 0 novel, COMPLETE [21s] (total novel 0)
[04:26:19] class 27/242 ((1, 0, 1), (0, 1, 2), (0, 0, 9)) idx 9: 0 novel, COMPLETE [25s] (total novel 0)
[04:26:23] class 28/242 ((1, 0, 0), (0, 1, 4), (0, 0, 12)) idx 12: 0 novel, COMPLETE [7s] (total novel 0)
[04:26:26] class 29/242 ((1, 0, 1), (0, 1, 1), (0, 0, 12)) idx 12: 0 novel, COMPLETE [4s] (total novel 0)
[04:26:29] class 30/242 ((1, 0, 0), (0, 1, 3), (0, 0, 12)) idx 12: 0 novel, COMPLETE [14s] (total novel 0)
[04:26:31] class 31/242 ((1, 0, 0), (0, 1, 5), (0, 0, 12)) idx 12: 0 novel, COMPLETE [15s] (total novel 0)
[04:26:31] class 32/242 ((1, 0, 1), (0, 1, 1), (0, 0, 11)) idx 11: 0 novel, COMPLETE [27s] (total novel 0)
[04:26:34] class 33/242 ((1, 0, 1), (0, 1, 2), (0, 0, 10)) idx 10: 0 novel, COMPLETE [39s] (total novel 0)
[04:26:41] class 34/242 ((1, 0, 0), (0, 1, 6), (0, 0, 12)) idx 12: 0 novel, COMPLETE [22s] (total novel 0)
[04:26:45] class 35/242 ((1, 0, 1), (0, 3, 0), (0, 0, 3)) idx 9: 0 novel, COMPLETE [51s] (total novel 0)
[04:26:52] class 36/242 ((1, 0, 1), (0, 1, 2), (0, 0, 11)) idx 11: 0 novel, COMPLETE [47s] (total novel 0)
[04:26:55] class 37/242 ((1, 0, 1), (0, 1, 4), (0, 0, 10)) idx 10: 0 novel, COMPLETE [60s] (total novel 0)
[04:26:56] class 38/242 ((1, 0, 4), (0, 1, 4), (0, 0, 10)) idx 10: 0 novel, COMPLETE [59s] (total novel 0)
[04:27:08] class 39/242 ((1, 0, 4), (0, 1, 5), (0, 0, 10)) idx 10: 0 novel, COMPLETE [71s] (total novel 0)
[04:27:37] class 40/242 ((1, 0, 2), (0, 1, 3), (0, 0, 10)) idx 10: 0 novel, COMPLETE [102s] (total novel 0)
[04:27:54] class 41/242 ((1, 0, 2), (0, 1, 3), (0, 0, 11)) idx 11: 0 novel, COMPLETE [106s] (total novel 0)
[04:28:03] class 42/242 ((1, 0, 1), (0, 1, 4), (0, 0, 11)) idx 11: 0 novel, COMPLETE [116s] (total novel 0)
[04:28:28] class 43/242 ((1, 0, 2), (0, 2, 0), (0, 0, 5)) idx 10: 0 novel, COMPLETE [149s] (total novel 0)
[04:28:38] class 44/242 ((1, 0, 1), (0, 1, 5), (0, 0, 11)) idx 11: 0 novel, COMPLETE [150s] (total novel 0)
[04:28:55] class 45/242 ((1, 0, 2), (0, 1, 2), (0, 0, 10)) idx 10: 0 novel, COMPLETE [180s] (total novel 0)
[04:29:21] class 46/242 ((1, 0, 1), (0, 1, 3), (0, 0, 9)) idx 9: 0 novel, COMPLETE [206s] (total novel 0)
[04:29:39] class 47/242 ((1, 0, 1), (0, 1, 3), (0, 0, 11)) idx 11: 0 novel, COMPLETE [212s] (total novel 0)
[04:29:57] class 48/242 ((1, 0, 1), (0, 2, 0), (0, 0, 5)) idx 10: 0 novel, COMPLETE [239s] (total novel 0)
[04:30:22] class 49/242 ((1, 0, 1), (0, 1, 3), (0, 0, 10)) idx 10: 0 novel, COMPLETE [267s] (total novel 0)
[04:30:24] class 50/242 ((1, 0, 1), (0, 1, 5), (0, 0, 10)) idx 10: 0 novel, COMPLETE [269s] (total novel 0)
[04:30:33] class 51/242 ((1, 0, 2), (0, 1, 4), (0, 0, 10)) idx 10: 0 novel, COMPLETE [278s] (total novel 0)
[04:33:27] class 52/242 ((1, 0, 2), (0, 1, 5), (0, 0, 10)) idx 10: 0 novel, COMPLETE [452s] (total novel 0)
[04:33:46] class 53/242 ((1, 0, 2), (0, 1, 3), (0, 0, 9)) idx 9: 0 novel, COMPLETE [471s] (total novel 0)
[04:46:03] class 54/242 ((1, 0, 2), (0, 1, 4), (0, 0, 11)) idx 11: 0 novel, COMPLETE [1193s] (total novel 0)
[05:07:54] class 55/242 ((1, 0, 3), (0, 1, 5), (0, 0, 10)) idx 10: 0 novel, COMPLETE [2519s] (total novel 0)
[05:10:50] class 56/242 ((1, 1, 1), (0, 3, 0), (0, 0, 3)) idx 9: 0 novel, COMPLETE [2695s] (total novel 0)
[05:10:52] class 57/242 ((1, 0, 0), (0, 2, 0), (0, 0, 6)) idx 12: 0 novel, COMPLETE [2s] (total novel 0)
[05:10:56] class 58/242 ((1, 0, 6), (0, 1, 6), (0, 0, 12)) idx 12: 0 novel, COMPLETE [6s] (total novel 0)
[05:10:57] class 59/242 ((1, 0, 0), (0, 2, 3), (0, 0, 6)) idx 12: 0 novel, COMPLETE [7s] (total novel 0)
[05:11:07] class 60/242 ((1, 0, 0), (0, 2, 2), (0, 0, 6)) idx 12: 0 novel, COMPLETE [17s] (total novel 0)
[05:11:07] class 61/242 ((1, 0, 1), (0, 1, 2), (0, 0, 12)) idx 12: 0 novel, COMPLETE [17s] (total novel 0)
[05:11:17] class 62/242 ((1, 1, 0), (0, 2, 0), (0, 0, 6)) idx 12: 0 novel, COMPLETE [10s] (total novel 0)
[05:11:30] class 63/242 ((1, 0, 4), (0, 1, 4), (0, 0, 12)) idx 12: 0 novel, COMPLETE [40s] (total novel 0)
[05:11:34] class 64/242 ((1, 0, 1), (0, 1, 3), (0, 0, 12)) idx 12: 0 novel, COMPLETE [44s] (total novel 0)
[05:12:00] class 65/242 ((1, 0, 3), (0, 1, 6), (0, 0, 12)) idx 12: 0 novel, COMPLETE [70s] (total novel 0)
[05:12:05] class 66/242 ((1, 0, 0), (0, 3, 0), (0, 0, 4)) idx 12: 0 novel, COMPLETE [5s] (total novel 0)
[05:12:33] class 67/242 ((1, 0, 3), (0, 2, 3), (0, 0, 6)) idx 12: 0 novel, COMPLETE [96s] (total novel 0)
[05:12:46] class 68/242 ((1, 0, 2), (0, 1, 2), (0, 0, 12)) idx 12: 0 novel, COMPLETE [116s] (total novel 0)
[05:12:56] class 69/242 ((1, 0, 1), (0, 2, 0), (0, 0, 6)) idx 12: 0 novel, COMPLETE [126s] (total novel 0)
[05:12:59] class 70/242 ((1, 1, 1), (0, 2, 0), (0, 0, 6)) idx 12: 0 novel, COMPLETE [102s] (total novel 0)
[05:12:59] class 71/242 ((1, 0, 0), (0, 1, 0), (0, 0, 13)) idx 13: 0 novel, COMPLETE [0s] (total novel 0)
[05:13:10] class 72/242 ((1, 0, 0), (0, 1, 1), (0, 0, 13)) idx 13: 0 novel, COMPLETE [11s] (total novel 0)
[05:13:10] class 73/242 ((1, 0, 1), (0, 1, 6), (0, 0, 12)) idx 12: 0 novel, COMPLETE [140s] (total novel 0)
[05:13:12] class 74/242 ((1, 0, 0), (0, 1, 2), (0, 0, 13)) idx 13: 0 novel, COMPLETE [2s] (total novel 0)
[05:13:18] class 75/242 ((1, 0, 0), (0, 1, 5), (0, 0, 13)) idx 13: 0 novel, COMPLETE [6s] (total novel 0)
[05:13:20] class 76/242 ((1, 0, 2), (0, 1, 3), (0, 0, 12)) idx 12: 0 novel, COMPLETE [150s] (total novel 0)
[05:13:22] class 77/242 ((1, 0, 0), (0, 1, 3), (0, 0, 13)) idx 13: 0 novel, COMPLETE [12s] (total novel 0)
[05:13:27] class 78/242 ((1, 0, 5), (0, 1, 6), (0, 0, 12)) idx 12: 0 novel, COMPLETE [157s] (total novel 0)
[05:13:28] class 79/242 ((1, 0, 1), (0, 1, 1), (0, 0, 13)) idx 13: 0 novel, COMPLETE [9s] (total novel 0)
[05:13:32] class 80/242 ((1, 1, 0), (0, 3, 0), (0, 0, 4)) idx 12: 0 novel, COMPLETE [46s] (total novel 0)
[05:13:56] class 81/242 ((1, 0, 1), (0, 1, 4), (0, 0, 12)) idx 12: 0 novel, COMPLETE [186s] (total novel 0)
[05:14:05] class 82/242 ((1, 0, 1), (0, 1, 3), (0, 0, 13)) idx 13: 0 novel, COMPLETE [43s] (total novel 0)
[05:14:09] class 83/242 ((1, 0, 3), (0, 1, 3), (0, 0, 12)) idx 12: 0 novel, COMPLETE [199s] (total novel 0)
[05:14:23] class 84/242 ((1, 0, 1), (0, 1, 2), (0, 0, 13)) idx 13: 0 novel, COMPLETE [63s] (total novel 0)
[05:14:32] class 85/242 ((1, 0, 2), (0, 1, 5), (0, 0, 12)) idx 12: 0 novel, COMPLETE [222s] (total novel 0)
[05:14:59] class 86/242 ((1, 0, 1), (0, 2, 2), (0, 0, 6)) idx 12: 0 novel, COMPLETE [249s] (total novel 0)
[05:16:09] class 87/242 ((1, 1, 0), (0, 2, 3), (0, 0, 6)) idx 12: 0 novel, COMPLETE [301s] (total novel 0)
[05:16:18] class 88/242 ((1, 0, 2), (0, 2, 2), (0, 0, 6)) idx 12: 0 novel, COMPLETE [328s] (total novel 0)
[05:17:25] class 89/242 ((1, 0, 2), (0, 3, 0), (0, 0, 4)) idx 12: 0 novel, COMPLETE [292s] (total novel 0)
[05:17:53] class 90/242 ((1, 0, 1), (0, 1, 6), (0, 0, 13)) idx 13: 0 novel, COMPLETE [261s] (total novel 0)
[05:18:24] class 91/242 ((1, 0, 3), (0, 2, 0), (0, 0, 6)) idx 12: 0 novel, COMPLETE [452s] (total novel 0)
[05:18:49] class 92/242 ((1, 1, 3), (0, 2, 0), (0, 0, 6)) idx 12: 0 novel, COMPLETE [434s] (total novel 0)
[05:18:54] class 93/242 ((1, 0, 2), (0, 1, 6), (0, 0, 12)) idx 12: 0 novel, COMPLETE [484s] (total novel 0)
[05:19:13] class 94/242 ((1, 0, 3), (0, 2, 2), (0, 0, 6)) idx 12: 0 novel, COMPLETE [498s] (total novel 0)
[05:19:23] class 95/242 ((1, 0, 4), (0, 1, 5), (0, 0, 12)) idx 12: 0 novel, COMPLETE [513s] (total novel 0)
[05:19:40] class 96/242 ((1, 0, 1), (0, 3, 0), (0, 0, 4)) idx 12: 0 novel, COMPLETE [455s] (total novel 0)
[05:20:35] class 97/242 ((1, 0, 3), (0, 1, 4), (0, 0, 12)) idx 12: 0 novel, COMPLETE [585s] (total novel 0)
[05:21:27] class 98/242 ((1, 0, 1), (0, 2, 3), (0, 0, 6)) idx 12: 0 novel, COMPLETE [637s] (total novel 0)
[05:24:26] class 99/242 ((1, 0, 1), (0, 1, 4), (0, 0, 13)) idx 13: 0 novel, COMPLETE [659s] (total novel 0)
[05:26:04] class 100/242 ((1, 0, 2), (0, 1, 3), (0, 0, 13)) idx 13: 0 novel, COMPLETE [728s] (total novel 0)
[05:27:23] class 101/242 ((1, 0, 1), (0, 1, 5), (0, 0, 12)) idx 12: 0 novel, COMPLETE [993s] (total novel 0)
[05:29:30] class 102/242 ((1, 1, 1), (0, 2, 4), (0, 0, 6)) idx 12: 0 novel, COMPLETE [1080s] (total novel 0)
[05:30:34] class 103/242 ((2, 0, 0), (0, 2, 0), (0, 0, 3)) idx 12: 0 novel, COMPLETE [1058s] (total novel 0)
[05:30:40] class 104/242 ((1, 0, 2), (0, 2, 0), (0, 0, 6)) idx 12: 0 novel, COMPLETE [1190s] (total novel 0)
[05:43:30] class 105/242 ((1, 0, 1), (0, 1, 5), (0, 0, 13)) idx 13: 0 novel, COMPLETE [1803s] (total novel 0)
[05:55:36] class 106/242 ((1, 0, 2), (0, 1, 4), (0, 0, 13)) idx 13: 0 novel, COMPLETE [2492s] (total novel 0)
[05:56:42] class 107/242 ((1, 0, 4), (0, 1, 6), (0, 0, 12)) idx 12: 0 novel, COMPLETE [2752s] (total novel 0)
[05:58:16] class 108/242 ((1, 0, 2), (0, 2, 3), (0, 0, 6)) idx 12: 0 novel, COMPLETE [2846s] (total novel 0)
[06:06:26] class 109/242 ((1, 0, 2), (0, 1, 4), (0, 0, 12)) idx 12: 0 novel, COMPLETE [3336s] (total novel 0)
[06:42:13] class 110/242 ((1, 0, 2), (0, 1, 5), (0, 0, 13)) idx 13: 0 novel, COMPLETE [5284s] (total novel 0)
[06:49:50] class 111/242 ((1, 0, 3), (0, 1, 4), (0, 0, 13)) idx 13: 0 novel, COMPLETE [5726s] (total novel 0)
[02:04:44] class 112/242 ((1, 0, 3), (0, 1, 5), (0, 0, 12)) idx 12: 0 novel, COMPLETE [75234s] (total novel 0)
[02:04:45] class 113/242 ((1, 0, 0), (0, 1, 0), (0, 0, 14)) idx 14: 0 novel, COMPLETE [0s] (total novel 0)
[02:04:49] class 114/242 ((1, 0, 0), (0, 1, 2), (0, 0, 14)) idx 14: 0 novel, COMPLETE [5s] (total novel 0)
[02:04:50] class 115/242 ((1, 0, 0), (0, 1, 7), (0, 0, 14)) idx 14: 0 novel, COMPLETE [5s] (total novel 0)
[02:04:51] class 116/242 ((1, 0, 0), (0, 1, 1), (0, 0, 14)) idx 14: 0 novel, COMPLETE [6s] (total novel 0)
[02:04:55] class 117/242 ((1, 0, 7), (0, 1, 7), (0, 0, 14)) idx 14: 0 novel, COMPLETE [10s] (total novel 0)
[02:04:56] class 118/242 ((1, 0, 1), (0, 1, 1), (0, 0, 14)) idx 14: 0 novel, COMPLETE [12s] (total novel 0)
[02:04:57] class 119/242 ((1, 0, 0), (0, 1, 0), (0, 0, 15)) idx 15: 0 novel, COMPLETE [0s] (total novel 0)
[02:04:57] class 120/242 ((1, 0, 0), (0, 1, 4), (0, 0, 14)) idx 14: 0 novel, COMPLETE [12s] (total novel 0)
[02:04:59] class 121/242 ((1, 0, 0), (0, 1, 2), (0, 0, 15)) idx 15: 0 novel, COMPLETE [2s] (total novel 0)
[02:04:59] class 122/242 ((1, 1, 0), (0, 2, 0), (0, 0, 7)) idx 14: 0 novel, COMPLETE [4s] (total novel 0)
[02:05:06] class 123/242 ((1, 0, 0), (0, 1, 3), (0, 0, 14)) idx 14: 0 novel, COMPLETE [21s] (total novel 0)
[02:05:09] class 124/242 ((1, 0, 0), (0, 1, 1), (0, 0, 15)) idx 15: 0 novel, COMPLETE [13s] (total novel 0)
[02:05:11] class 125/242 ((1, 0, 0), (0, 1, 6), (0, 0, 14)) idx 14: 0 novel, COMPLETE [27s] (total novel 0)
[02:05:13] class 126/242 ((1, 0, 0), (0, 1, 5), (0, 0, 15)) idx 15: 0 novel, COMPLETE [7s] (total novel 0)
[02:05:17] class 127/242 ((1, 0, 0), (0, 2, 0), (0, 0, 7)) idx 14: 0 novel, COMPLETE [28s] (total novel 0)
[02:05:20] class 128/242 ((1, 0, 0), (0, 1, 4), (0, 0, 15)) idx 15: 0 novel, COMPLETE [20s] (total novel 0)
[02:05:20] class 129/242 ((1, 0, 0), (0, 1, 6), (0, 0, 15)) idx 15: 0 novel, COMPLETE [11s] (total novel 0)
[02:05:26] class 130/242 ((1, 0, 1), (0, 1, 1), (0, 0, 15)) idx 15: 0 novel, COMPLETE [14s] (total novel 0)
[02:05:36] class 131/242 ((1, 0, 0), (0, 1, 3), (0, 0, 15)) idx 15: 0 novel, COMPLETE [37s] (total novel 0)
[02:05:41] class 132/242 ((1, 0, 1), (0, 1, 2), (0, 0, 14)) idx 14: 0 novel, COMPLETE [56s] (total novel 0)
[02:06:13] class 133/242 ((1, 0, 1), (0, 1, 3), (0, 0, 14)) idx 14: 0 novel, COMPLETE [88s] (total novel 0)
[02:06:31] class 134/242 ((1, 0, 1), (0, 1, 2), (0, 0, 15)) idx 15: 0 novel, COMPLETE [78s] (total novel 0)
[02:06:32] class 135/242 ((1, 0, 6), (0, 1, 7), (0, 0, 14)) idx 14: 0 novel, COMPLETE [108s] (total novel 0)
[02:07:23] class 136/242 ((1, 0, 1), (0, 1, 4), (0, 0, 14)) idx 14: 0 novel, COMPLETE [159s] (total novel 0)
[02:08:29] class 137/242 ((1, 0, 1), (0, 1, 3), (0, 0, 15)) idx 15: 0 novel, COMPLETE [192s] (total novel 0)
[02:09:31] class 138/242 ((1, 0, 2), (0, 1, 2), (0, 0, 14)) idx 14: 0 novel, COMPLETE [286s] (total novel 0)
[02:10:06] class 139/242 ((1, 0, 1), (0, 1, 7), (0, 0, 15)) idx 15: 0 novel, COMPLETE [270s] (total novel 0)
[02:10:31] class 140/242 ((1, 0, 1), (0, 1, 7), (0, 0, 14)) idx 14: 0 novel, COMPLETE [346s] (total novel 0)
[02:11:48] class 141/242 ((1, 0, 1), (0, 2, 0), (0, 0, 7)) idx 14: 0 novel, COMPLETE [418s] (total novel 0)
[02:12:10] class 142/242 ((1, 0, 2), (0, 1, 3), (0, 0, 14)) idx 14: 0 novel, COMPLETE [446s] (total novel 0)
[02:13:52] class 143/242 ((1, 0, 1), (0, 1, 5), (0, 0, 14)) idx 14: 0 novel, COMPLETE [548s] (total novel 0)
[02:14:16] class 144/242 ((1, 0, 2), (0, 1, 4), (0, 0, 15)) idx 15: 0 novel, COMPLETE [483s] (total novel 0)
[02:14:56] class 145/242 ((1, 0, 4), (0, 1, 7), (0, 0, 14)) idx 14: 0 novel, COMPLETE [611s] (total novel 0)
[02:18:11] class 146/242 ((1, 0, 3), (0, 1, 3), (0, 0, 15)) idx 15: 0 novel, COMPLETE [647s] (total novel 0)
[02:18:20] class 147/242 ((1, 0, 1), (0, 1, 4), (0, 0, 15)) idx 15: 0 novel, COMPLETE [781s] (total novel 0)
[02:19:54] class 148/242 ((1, 0, 2), (0, 1, 3), (0, 0, 15)) idx 15: 0 novel, COMPLETE [853s] (total novel 0)
[02:21:08] class 149/242 ((1, 0, 6), (0, 1, 6), (0, 0, 14)) idx 14: 0 novel, COMPLETE [983s] (total novel 0)
[02:22:25] class 150/242 ((1, 0, 1), (0, 1, 6), (0, 0, 14)) idx 14: 0 novel, COMPLETE [1061s] (total novel 0)
[02:22:49] class 151/242 ((1, 0, 2), (0, 2, 0), (0, 0, 7)) idx 14: 0 novel, COMPLETE [1079s] (total novel 0)
[02:23:51] class 152/242 ((1, 0, 3), (0, 1, 6), (0, 0, 15)) idx 15: 0 novel, COMPLETE [825s] (total novel 0)
[02:24:44] class 153/242 ((1, 0, 4), (0, 1, 5), (0, 0, 15)) idx 15: 0 novel, COMPLETE [854s] (total novel 0)
[02:25:30] class 154/242 ((1, 0, 3), (0, 1, 7), (0, 0, 14)) idx 14: 0 novel, COMPLETE [1245s] (total novel 0)
[02:26:52] class 155/242 ((1, 0, 2), (0, 1, 7), (0, 0, 14)) idx 14: 0 novel, COMPLETE [1328s] (total novel 0)
[02:32:17] class 156/242 ((1, 0, 2), (0, 1, 5), (0, 0, 14)) idx 14: 0 novel, COMPLETE [1653s] (total novel 0)
[02:34:14] class 157/242 ((1, 0, 1), (0, 1, 6), (0, 0, 15)) idx 15: 0 novel, COMPLETE [1728s] (total novel 0)
[02:36:43] class 158/242 ((1, 0, 2), (0, 1, 4), (0, 0, 14)) idx 14: 0 novel, COMPLETE [1919s] (total novel 0)
[02:40:49] class 159/242 ((1, 0, 4), (0, 1, 4), (0, 0, 14)) idx 14: 0 novel, COMPLETE [2164s] (total novel 0)
[02:46:45] class 160/242 ((1, 0, 4), (0, 1, 6), (0, 0, 14)) idx 14: 0 novel, COMPLETE [2520s] (total novel 0)
[02:47:00] class 161/242 ((1, 0, 3), (0, 1, 4), (0, 0, 14)) idx 14: 0 novel, COMPLETE [2535s] (total novel 0)
[02:52:53] class 162/242 ((1, 0, 1), (0, 1, 5), (0, 0, 15)) idx 15: 0 novel, COMPLETE [2853s] (total novel 0)
[03:12:48] class 163/242 ((1, 0, 2), (0, 1, 6), (0, 0, 14)) idx 14: 0 novel, COMPLETE [4083s] (total novel 0)
[03:18:43] class 164/242 ((1, 0, 2), (0, 1, 6), (0, 0, 15)) idx 15: 0 novel, COMPLETE [4331s] (total novel 0)
[03:19:26] class 165/242 ((1, 0, 2), (0, 1, 5), (0, 0, 15)) idx 15: 0 novel, COMPLETE [4376s] (total novel 0)
[03:32:22] class 166/242 ((1, 0, 3), (0, 1, 4), (0, 0, 15)) idx 15: 0 novel, COMPLETE [5032s] (total novel 0)
[13:30:25] class 167/242 ((1, 0, 3), (0, 1, 5), (0, 0, 15)) idx 15: 0 novel, COMPLETE [40854s] (total novel 0)
[19:47:38] class 168/242 ((1, 0, 3), (0, 1, 5), (0, 0, 14)) idx 14: 0 novel, COMPLETE [63773s] (total novel 0)
[19:47:38] class 169/242 ((1, 0, 0), (0, 1, 0), (0, 0, 16)) idx 16: 0 novel, COMPLETE [0s] (total novel 0)
[19:47:40] class 170/242 ((1, 0, 0), (0, 1, 1), (0, 0, 16)) idx 16: 0 novel, COMPLETE [2s] (total novel 0)
[19:47:42] class 171/242 ((1, 0, 0), (0, 1, 2), (0, 0, 16)) idx 16: 0 novel, COMPLETE [4s] (total novel 0)
[19:47:44] class 172/242 ((1, 0, 0), (0, 3, 0), (0, 0, 5)) idx 15: 0 novel, COMPLETE [6s] (total novel 0)
[19:47:45] class 173/242 ((1, 0, 1), (0, 1, 1), (0, 0, 16)) idx 16: 0 novel, COMPLETE [7s] (total novel 0)
[19:47:46] class 174/242 ((1, 0, 0), (0, 1, 6), (0, 0, 16)) idx 16: 0 novel, COMPLETE [8s] (total novel 0)
[19:47:51] class 175/242 ((1, 0, 0), (0, 1, 4), (0, 0, 16)) idx 16: 0 novel, COMPLETE [13s] (total novel 0)
[19:47:51] class 176/242 ((1, 0, 0), (0, 1, 3), (0, 0, 16)) idx 16: 0 novel, COMPLETE [13s] (total novel 0)
[19:47:57] class 177/242 ((1, 0, 1), (0, 1, 2), (0, 0, 16)) idx 16: 0 novel, COMPLETE [19s] (total novel 0)
[19:48:00] class 178/242 ((1, 0, 0), (0, 1, 8), (0, 0, 16)) idx 16: 0 novel, COMPLETE [22s] (total novel 0)
[19:48:02] class 179/242 ((1, 0, 0), (0, 1, 7), (0, 0, 16)) idx 16: 0 novel, COMPLETE [24s] (total novel 0)
[19:48:16] class 180/242 ((1, 0, 2), (0, 1, 2), (0, 0, 16)) idx 16: 0 novel, COMPLETE [38s] (total novel 0)
[19:48:16] class 181/242 ((1, 1, 0), (0, 3, 0), (0, 0, 5)) idx 15: 0 novel, COMPLETE [38s] (total novel 0)
[19:49:43] class 182/242 ((1, 0, 5), (0, 1, 5), (0, 0, 15)) idx 15: 0 novel, COMPLETE [125s] (total novel 0)
[19:50:37] class 183/242 ((1, 0, 1), (0, 1, 8), (0, 0, 16)) idx 16: 0 novel, COMPLETE [179s] (total novel 0)
[19:50:41] class 184/242 ((1, 0, 8), (0, 1, 8), (0, 0, 16)) idx 16: 0 novel, COMPLETE [4s] (total novel 0)
[19:50:43] class 185/242 ((1, 0, 0), (0, 2, 0), (0, 0, 8)) idx 16: 0 novel, COMPLETE [2s] (total novel 0)
[19:50:58] class 186/242 ((1, 0, 0), (0, 2, 2), (0, 0, 8)) idx 16: 0 novel, COMPLETE [16s] (total novel 0)
[19:51:15] class 187/242 ((1, 0, 2), (0, 1, 3), (0, 0, 16)) idx 16: 0 novel, COMPLETE [217s] (total novel 0)
[19:51:39] class 188/242 ((1, 0, 0), (0, 2, 4), (0, 0, 8)) idx 16: 0 novel, COMPLETE [41s] (total novel 0)
[19:51:49] class 189/242 ((1, 0, 4), (0, 1, 8), (0, 0, 16)) idx 16: 0 novel, COMPLETE [229s] (total novel 0)
[19:52:00] class 190/242 ((1, 0, 1), (0, 1, 3), (0, 0, 16)) idx 16: 0 novel, COMPLETE [262s] (total novel 0)
[19:52:56] class 191/242 ((1, 0, 1), (0, 2, 0), (0, 0, 8)) idx 16: 0 novel, COMPLETE [101s] (total novel 0)
[19:53:12] class 192/242 ((1, 0, 7), (0, 1, 8), (0, 0, 16)) idx 16: 0 novel, COMPLETE [208s] (total novel 0)
[19:53:18] class 193/242 ((1, 0, 1), (0, 1, 7), (0, 0, 16)) idx 16: 0 novel, COMPLETE [340s] (total novel 0)
[19:54:37] class 194/242 ((1, 0, 4), (0, 1, 4), (0, 0, 16)) idx 16: 0 novel, COMPLETE [406s] (total novel 0)
[19:55:22] class 195/242 ((1, 0, 1), (0, 2, 2), (0, 0, 8)) idx 16: 0 novel, COMPLETE [223s] (total novel 0)
[19:56:42] class 196/242 ((1, 0, 2), (0, 1, 5), (0, 0, 16)) idx 16: 0 novel, COMPLETE [544s] (total novel 0)
[20:00:17] class 197/242 ((1, 0, 6), (0, 1, 6), (0, 0, 15)) idx 15: 0 novel, COMPLETE [759s] (total novel 0)
[20:00:40] class 198/242 ((1, 0, 1), (0, 3, 0), (0, 0, 5)) idx 15: 0 novel, COMPLETE [782s] (total novel 0)
[20:00:59] class 199/242 ((1, 0, 2), (0, 1, 7), (0, 0, 16)) idx 16: 0 novel, COMPLETE [800s] (total novel 0)
[20:03:53] class 200/242 ((1, 0, 1), (0, 1, 4), (0, 0, 16)) idx 16: 0 novel, COMPLETE [975s] (total novel 0)
[20:04:56] class 201/242 ((1, 0, 1), (0, 1, 6), (0, 0, 16)) idx 16: 0 novel, COMPLETE [1038s] (total novel 0)
[20:06:51] class 202/242 ((1, 0, 2), (0, 3, 0), (0, 0, 5)) idx 15: 0 novel, COMPLETE [1153s] (total novel 0)
[20:08:41] class 203/242 ((1, 0, 2), (0, 2, 2), (0, 0, 8)) idx 16: 0 novel, COMPLETE [945s] (total novel 0)
[20:09:25] class 204/242 ((1, 0, 4), (0, 2, 0), (0, 0, 8)) idx 16: 0 novel, COMPLETE [763s] (total novel 0)
[20:15:10] class 205/242 ((1, 0, 6), (0, 1, 6), (0, 0, 16)) idx 16: 0 novel, COMPLETE [1628s] (total novel 0)
[20:15:45] class 206/242 ((1, 0, 2), (0, 2, 0), (0, 0, 8)) idx 16: 0 novel, COMPLETE [1425s] (total novel 0)
[20:18:39] class 207/242 ((1, 0, 1), (0, 2, 4), (0, 0, 8)) idx 16: 0 novel, COMPLETE [1611s] (total novel 0)
[20:35:15] class 208/242 ((1, 0, 3), (0, 1, 4), (0, 0, 16)) idx 16: 0 novel, COMPLETE [2851s] (total novel 0)
[20:46:44] class 209/242 ((1, 0, 3), (0, 1, 8), (0, 0, 16)) idx 16: 0 novel, COMPLETE [3538s] (total novel 0)
[20:50:06] class 210/242 ((1, 0, 2), (0, 1, 4), (0, 0, 16)) idx 16: 0 novel, COMPLETE [3748s] (total novel 0)
[20:50:56] class 211/242 ((1, 0, 2), (0, 1, 6), (0, 0, 16)) idx 16: 0 novel, COMPLETE [3798s] (total novel 0)
[20:51:44] class 212/242 ((1, 0, 6), (0, 1, 7), (0, 0, 16)) idx 16: 0 novel, COMPLETE [3808s] (total novel 0)
[20:55:34] class 213/242 ((1, 0, 2), (0, 2, 4), (0, 0, 8)) idx 16: 0 novel, COMPLETE [3742s] (total novel 0)
[21:00:15] class 214/242 ((1, 0, 1), (0, 1, 5), (0, 0, 16)) idx 16: 0 novel, COMPLETE [4357s] (total novel 0)
[21:01:28] class 215/242 ((1, 0, 2), (0, 1, 8), (0, 0, 16)) idx 16: 0 novel, COMPLETE [4426s] (total novel 0)
[21:01:37] class 216/242 ((1, 0, 3), (0, 2, 0), (0, 0, 8)) idx 16: 0 novel, COMPLETE [4099s] (total novel 0)
[21:13:19] class 217/242 ((1, 0, 3), (0, 2, 2), (0, 0, 8)) idx 16: 0 novel, COMPLETE [4722s] (total novel 0)
[21:15:11] class 218/242 ((1, 0, 5), (0, 1, 6), (0, 0, 15)) idx 15: 0 novel, COMPLETE [5253s] (total novel 0)
[21:29:43] class 219/242 ((1, 0, 3), (0, 2, 4), (0, 0, 8)) idx 16: 0 novel, COMPLETE [5661s] (total novel 0)
[21:31:02] class 220/242 ((1, 0, 6), (0, 1, 8), (0, 0, 16)) idx 16: 0 novel, COMPLETE [6166s] (total novel 0)
[21:32:15] class 221/242 ((1, 0, 4), (0, 1, 7), (0, 0, 16)) idx 16: 0 novel, COMPLETE [6258s] (total novel 0)
[21:48:56] class 222/242 ((1, 0, 3), (0, 1, 5), (0, 0, 16)) idx 16: 0 novel, COMPLETE [7271s] (total novel 0)
[21:55:22] class 223/242 ((1, 0, 4), (0, 1, 6), (0, 0, 16)) idx 16: 0 novel, COMPLETE [7651s] (total novel 0)
[05:45:29] class 224/242 ((1, 0, 4), (0, 1, 6), (0, 0, 15)) idx 15: 0 novel, COMPLETE [35871s] (total novel 0)
[05:45:32] class 225/242 ((1, 1, 0), (0, 2, 0), (0, 0, 8)) idx 16: 0 novel, COMPLETE [4s] (total novel 0)
[05:45:55] class 226/242 ((1, 0, 0), (0, 4, 0), (0, 0, 4)) idx 16: 0 novel, COMPLETE [26s] (total novel 0)
[05:46:47] class 227/242 ((1, 1, 1), (0, 2, 0), (0, 0, 8)) idx 16: 0 novel, COMPLETE [78s] (total novel 0)
[05:48:07] class 228/242 ((1, 0, 4), (0, 2, 4), (0, 0, 8)) idx 16: 0 novel, COMPLETE [158s] (total novel 0)
[05:48:19] class 229/242 ((1, 0, 2), (0, 4, 0), (0, 0, 4)) idx 16: 0 novel, COMPLETE [170s] (total novel 0)
[05:49:18] class 230/242 ((1, 1, 0), (0, 2, 4), (0, 0, 8)) idx 16: 0 novel, COMPLETE [230s] (total novel 0)
[05:50:24] class 231/242 ((1, 0, 1), (0, 4, 0), (0, 0, 4)) idx 16: 0 novel, COMPLETE [295s] (total novel 0)
[05:57:11] class 232/242 ((1, 1, 4), (0, 2, 0), (0, 0, 8)) idx 16: 0 novel, COMPLETE [702s] (total novel 0)
[05:58:21] class 233/242 ((2, 0, 0), (0, 2, 0), (0, 0, 4)) idx 16: 0 novel, COMPLETE [772s] (total novel 0)
[06:19:39] class 234/242 ((1, 1, 2), (0, 2, 0), (0, 0, 8)) idx 16: 0 novel, COMPLETE [2050s] (total novel 0)
[06:22:19] class 235/242 ((1, 1, 3), (0, 2, 0), (0, 0, 8)) idx 16: 0 novel, COMPLETE [2210s] (total novel 0)
[06:22:30] class 236/242 ((1, 1, 1), (0, 2, 4), (0, 0, 8)) idx 16: 0 novel, COMPLETE [2221s] (total novel 0)
[07:01:59] class 237/242 ((1, 1, 1), (0, 4, 0), (0, 0, 4)) idx 16: 0 novel, COMPLETE [4590s] (total novel 0)
[07:19:41] class 238/242 ((1, 0, 4), (0, 2, 2), (0, 0, 8)) idx 16: 0 novel, COMPLETE [5652s] (total novel 0)
[07:24:47] class 239/242 ((2, 0, 0), (0, 2, 2), (0, 0, 4)) idx 16: 0 novel, COMPLETE [5958s] (total novel 0)
[07:49:20] class 240/242 ((1, 2, 2), (0, 4, 0), (0, 0, 4)) idx 16: 0 novel, COMPLETE [7431s] (total novel 0)
[09:57:12] class 241/242 ((1, 1, 2), (0, 4, 0), (0, 0, 4)) idx 16: 0 novel, COMPLETE [15103s] (total novel 0)
[10:40:10] class 242/242 ((2, 0, 2), (0, 2, 2), (0, 0, 4)) idx 16: 0 novel, COMPLETE [17681s] (total novel 0)
[10:40:10] PARALLEL SATURATION DONE in 3254m: 0 novel (0 merged, file now 33); 0 CAPPED of 242
[10:40:10] all classes COMPLETE: library contains EVERY balanced-realizable periodic pattern of index <= 16
[10:40:57] parallel saturation to 24 (skipping <= 16): 510 classes, 28 workers, 33 patterns pre-blocked
[10:40:58] class 1/510 ((1, 0, 0), (0, 1, 0), (0, 0, 17)) idx 17: 0 novel, COMPLETE [0s] (total novel 0)
[10:40:58] class 2/510 ((1, 0, 0), (0, 1, 0), (0, 0, 18)) idx 18: 0 novel, COMPLETE [0s] (total novel 0)
[10:41:03] class 3/510 ((1, 0, 0), (0, 1, 2), (0, 0, 18)) idx 18: 0 novel, COMPLETE [5s] (total novel 0)
[10:41:03] class 4/510 ((1, 0, 0), (0, 1, 2), (0, 0, 17)) idx 17: 0 novel, COMPLETE [6s] (total novel 0)
[10:41:06] class 5/510 ((1, 0, 0), (0, 1, 9), (0, 0, 18)) idx 18: 0 novel, COMPLETE [8s] (total novel 0)
[10:41:10] class 6/510 ((1, 0, 0), (0, 1, 6), (0, 0, 18)) idx 18: 0 novel, COMPLETE [12s] (total novel 0)
[10:41:10] class 7/510 ((1, 0, 0), (0, 1, 1), (0, 0, 18)) idx 18: 0 novel, COMPLETE [12s] (total novel 0)
[10:41:11] class 8/510 ((1, 0, 0), (0, 1, 5), (0, 0, 17)) idx 17: 0 novel, COMPLETE [14s] (total novel 0)
[10:41:11] class 9/510 ((1, 0, 1), (0, 1, 1), (0, 0, 18)) idx 18: 0 novel, COMPLETE [8s] (total novel 0)
[10:41:18] class 10/510 ((1, 0, 1), (0, 1, 1), (0, 0, 17)) idx 17: 0 novel, COMPLETE [20s] (total novel 0)
[10:41:20] class 11/510 ((1, 0, 0), (0, 1, 4), (0, 0, 18)) idx 18: 0 novel, COMPLETE [22s] (total novel 0)
[10:41:27] class 12/510 ((1, 0, 0), (0, 1, 4), (0, 0, 17)) idx 17: 0 novel, COMPLETE [29s] (total novel 0)
[10:41:28] class 13/510 ((1, 0, 0), (0, 1, 1), (0, 0, 17)) idx 17: 0 novel, COMPLETE [30s] (total novel 0)
[10:41:32] class 14/510 ((1, 0, 1), (0, 1, 2), (0, 0, 18)) idx 18: 0 novel, COMPLETE [28s] (total novel 0)
[10:41:36] class 15/510 ((1, 0, 0), (0, 1, 3), (0, 0, 18)) idx 18: 0 novel, COMPLETE [38s] (total novel 0)
[10:41:46] class 16/510 ((1, 0, 0), (0, 1, 3), (0, 0, 17)) idx 17: 0 novel, COMPLETE [49s] (total novel 0)
[10:41:58] class 17/510 ((1, 0, 0), (0, 1, 5), (0, 0, 18)) idx 18: 0 novel, COMPLETE [60s] (total novel 0)
[10:42:17] class 18/510 ((1, 0, 1), (0, 1, 2), (0, 0, 17)) idx 17: 0 novel, COMPLETE [80s] (total novel 0)
[10:42:44] class 19/510 ((1, 0, 0), (0, 1, 8), (0, 0, 18)) idx 18: 0 novel, COMPLETE [106s] (total novel 0)
[10:43:45] class 20/510 ((1, 0, 1), (0, 1, 3), (0, 0, 18)) idx 18: 0 novel, COMPLETE [159s] (total novel 0)
[10:44:18] class 21/510 ((1, 0, 1), (0, 1, 9), (0, 0, 18)) idx 18: 0 novel, COMPLETE [178s] (total novel 0)
[10:45:26] class 22/510 ((1, 0, 1), (0, 1, 3), (0, 0, 17)) idx 17: 0 novel, COMPLETE [268s] (total novel 0)
[10:47:10] class 23/510 ((1, 0, 2), (0, 1, 3), (0, 0, 18)) idx 18: 0 novel, COMPLETE [342s] (total novel 0)
[10:47:14] class 24/510 ((1, 0, 1), (0, 1, 4), (0, 0, 18)) idx 18: 0 novel, COMPLETE [364s] (total novel 0)
[10:47:46] class 25/510 ((1, 0, 2), (0, 1, 2), (0, 0, 18)) idx 18: 0 novel, COMPLETE [379s] (total novel 0)
[10:47:53] class 26/510 ((1, 0, 1), (0, 1, 8), (0, 0, 18)) idx 18: 0 novel, COMPLETE [395s] (total novel 0)
[10:48:21] class 27/510 ((1, 0, 1), (0, 1, 8), (0, 0, 17)) idx 17: 0 novel, COMPLETE [444s] (total novel 0)
[10:48:51] class 28/510 ((1, 0, 1), (0, 1, 4), (0, 0, 17)) idx 17: 0 novel, COMPLETE [473s] (total novel 0)
[11:01:33] class 29/510 ((1, 0, 2), (0, 1, 5), (0, 0, 18)) idx 18: 0 novel, COMPLETE [1197s] (total novel 0)
[11:03:01] class 30/510 ((1, 0, 3), (0, 1, 9), (0, 0, 18)) idx 18: 0 novel, COMPLETE [915s] (total novel 0)
[11:04:17] class 31/510 ((1, 0, 2), (0, 1, 3), (0, 0, 17)) idx 17: 0 novel, COMPLETE [1400s] (total novel 0)
[11:05:21] class 32/510 ((1, 0, 3), (0, 1, 6), (0, 0, 18)) idx 18: 0 novel, COMPLETE [1091s] (total novel 0)
[11:05:25] class 33/510 ((1, 0, 3), (0, 1, 3), (0, 0, 18)) idx 18: 0 novel, COMPLETE [1300s] (total novel 0)
[11:06:35] class 34/510 ((1, 0, 2), (0, 1, 8), (0, 0, 18)) idx 18: 0 novel, COMPLETE [1458s] (total novel 0)
[11:31:48] class 35/510 ((1, 0, 1), (0, 1, 7), (0, 0, 17)) idx 17: 0 novel, COMPLETE [3051s] (total novel 0)
[11:34:29] class 36/510 ((1, 0, 1), (0, 1, 5), (0, 0, 18)) idx 18: 0 novel, COMPLETE [3199s] (total novel 0)
[11:37:53] class 37/510 ((1, 0, 1), (0, 1, 6), (0, 0, 18)) idx 18: 0 novel, COMPLETE [3402s] (total novel 0)
[11:42:12] class 38/510 ((1, 0, 1), (0, 1, 5), (0, 0, 17)) idx 17: 0 novel, COMPLETE [3674s] (total novel 0)
[11:43:17] class 39/510 ((1, 0, 2), (0, 1, 9), (0, 0, 18)) idx 18: 0 novel, COMPLETE [3633s] (total novel 0)
[11:49:38] class 40/510 ((1, 0, 4), (0, 1, 5), (0, 0, 18)) idx 18: 0 novel, COMPLETE [3676s] (total novel 0)
[11:49:49] class 41/510 ((1, 0, 2), (0, 1, 4), (0, 0, 18)) idx 18: 0 novel, COMPLETE [4098s] (total novel 0)
[11:50:24] class 42/510 ((1, 0, 2), (0, 1, 4), (0, 0, 17)) idx 17: 0 novel, COMPLETE [4166s] (total novel 0)
[11:51:19] class 43/510 ((1, 0, 2), (0, 1, 7), (0, 0, 18)) idx 18: 0 novel, COMPLETE [4161s] (total novel 0)
[12:00:21] class 44/510 ((1, 0, 1), (0, 1, 6), (0, 0, 17)) idx 17: 0 novel, COMPLETE [4763s] (total novel 0)
[12:19:12] class 45/510 ((1, 0, 1), (0, 1, 7), (0, 0, 18)) idx 18: 0 novel, COMPLETE [5881s] (total novel 0)
[12:20:02] class 46/510 ((1, 0, 4), (0, 1, 4), (0, 0, 18)) idx 18: 0 novel, COMPLETE [5530s] (total novel 0)
[12:26:46] class 47/510 ((1, 0, 2), (0, 1, 6), (0, 0, 17)) idx 17: 0 novel, COMPLETE [6348s] (total novel 0)
[12:27:01] class 48/510 ((1, 0, 2), (0, 1, 5), (0, 0, 17)) idx 17: 0 novel, COMPLETE [6363s] (total novel 0)
[12:30:01] class 49/510 ((1, 0, 3), (0, 1, 4), (0, 0, 18)) idx 18: 0 novel, COMPLETE [6342s] (total novel 0)
[12:32:43] class 50/510 ((1, 0, 2), (0, 1, 6), (0, 0, 18)) idx 18: 0 novel, COMPLETE [6657s] (total novel 0)
[12:34:15] class 51/510 ((1, 0, 2), (0, 1, 7), (0, 0, 17)) idx 17: 0 novel, COMPLETE [6797s] (total novel 0)
[13:19:53] class 52/510 ((1, 0, 3), (0, 1, 4), (0, 0, 17)) idx 17: 0 novel, COMPLETE [9536s] (total novel 0)
[18:50:54] class 53/510 ((1, 0, 3), (0, 1, 5), (0, 0, 17)) idx 17: 0 novel, COMPLETE [29396s] (total novel 0)
[18:53:58] class 54/510 ((1, 0, 3), (0, 1, 5), (0, 0, 18)) idx 18: 0 novel, COMPLETE [29312s] (total novel 0)
[20:48:56] class 55/510 ((1, 0, 3), (0, 1, 8), (0, 0, 18)) idx 18: 0 novel, COMPLETE [36102s] (total novel 0)
[23:15:53] class 56/510 ((1, 0, 4), (0, 1, 6), (0, 0, 18)) idx 18: 0 novel, COMPLETE [44822s] (total novel 0)
[23:15:59] class 57/510 ((1, 0, 9), (0, 1, 9), (0, 0, 18)) idx 18: 0 novel, COMPLETE [6s] (total novel 0)
[23:16:02] class 58/510 ((1, 0, 0), (0, 3, 0), (0, 0, 6)) idx 18: 0 novel, COMPLETE [9s] (total novel 0)
[23:16:03] class 59/510 ((1, 1, 0), (0, 2, 0), (0, 0, 9)) idx 18: 0 novel, COMPLETE [9s] (total novel 0)
[23:16:08] class 60/510 ((1, 0, 0), (0, 2, 3), (0, 0, 9)) idx 18: 0 novel, COMPLETE [14s] (total novel 0)
[23:16:48] class 61/510 ((1, 1, 0), (0, 3, 0), (0, 0, 6)) idx 18: 0 novel, COMPLETE [46s] (total novel 0)
[23:16:52] class 62/510 ((1, 0, 0), (0, 3, 3), (0, 0, 6)) idx 18: 0 novel, COMPLETE [58s] (total novel 0)
[23:17:30] class 63/510 ((1, 0, 0), (0, 2, 0), (0, 0, 9)) idx 18: 0 novel, COMPLETE [96s] (total novel 0)
[23:17:30] class 64/510 ((1, 0, 6), (0, 1, 6), (0, 0, 18)) idx 18: 0 novel, COMPLETE [96s] (total novel 0)
[23:17:30] class 65/510 ((1, 0, 0), (0, 1, 0), (0, 0, 19)) idx 19: 0 novel, COMPLETE [0s] (total novel 0)
[23:18:39] class 66/510 ((1, 0, 0), (0, 1, 1), (0, 0, 19)) idx 19: 0 novel, COMPLETE [69s] (total novel 0)
[23:18:42] class 67/510 ((1, 0, 0), (0, 1, 2), (0, 0, 19)) idx 19: 0 novel, COMPLETE [4s] (total novel 0)
[23:19:03] class 68/510 ((1, 0, 8), (0, 1, 9), (0, 0, 18)) idx 18: 0 novel, COMPLETE [190s] (total novel 0)
[23:19:27] class 69/510 ((1, 0, 0), (0, 1, 4), (0, 0, 19)) idx 19: 0 novel, COMPLETE [24s] (total novel 0)
[23:19:29] class 70/510 ((1, 0, 0), (0, 1, 3), (0, 0, 19)) idx 19: 0 novel, COMPLETE [47s] (total novel 0)
[23:19:36] class 71/510 ((1, 0, 0), (0, 1, 7), (0, 0, 19)) idx 19: 0 novel, COMPLETE [9s] (total novel 0)
[23:19:37] class 72/510 ((1, 0, 1), (0, 1, 1), (0, 0, 19)) idx 19: 0 novel, COMPLETE [8s] (total novel 0)
[23:21:04] class 73/510 ((1, 0, 1), (0, 1, 2), (0, 0, 19)) idx 19: 0 novel, COMPLETE [88s] (total novel 0)
[23:23:14] class 74/510 ((1, 0, 1), (0, 1, 3), (0, 0, 19)) idx 19: 0 novel, COMPLETE [217s] (total novel 0)
[23:27:05] class 75/510 ((1, 0, 1), (0, 2, 0), (0, 0, 9)) idx 18: 0 novel, COMPLETE [672s] (total novel 0)
[23:39:54] class 76/510 ((1, 0, 8), (0, 1, 8), (0, 0, 18)) idx 18: 0 novel, COMPLETE [1441s] (total novel 0)
[23:40:01] class 77/510 ((1, 0, 1), (0, 3, 0), (0, 0, 6)) idx 18: 0 novel, COMPLETE [1448s] (total novel 0)
[23:48:20] class 78/510 ((1, 0, 2), (0, 3, 3), (0, 0, 6)) idx 18: 0 novel, COMPLETE [1947s] (total novel 0)
[23:49:29] class 79/510 ((1, 1, 1), (0, 3, 0), (0, 0, 6)) idx 18: 0 novel, COMPLETE [2001s] (total novel 0)
[23:58:51] class 80/510 ((1, 0, 1), (0, 1, 4), (0, 0, 19)) idx 19: 0 novel, COMPLETE [2267s] (total novel 0)
[00:00:03] class 81/510 ((1, 0, 1), (0, 1, 9), (0, 0, 19)) idx 19: 0 novel, COMPLETE [702s] (total novel 0)
[00:01:09] class 82/510 ((1, 0, 2), (0, 1, 3), (0, 0, 19)) idx 19: 0 novel, COMPLETE [699s] (total novel 0)
[00:24:37] class 83/510 ((1, 0, 3), (0, 3, 3), (0, 0, 6)) idx 18: 0 novel, COMPLETE [4115s] (total novel 0)
[00:25:38] class 84/510 ((1, 1, 0), (0, 2, 3), (0, 0, 9)) idx 18: 0 novel, COMPLETE [4184s] (total novel 0)
[00:26:04] class 85/510 ((1, 0, 1), (0, 2, 3), (0, 0, 9)) idx 18: 0 novel, COMPLETE [4210s] (total novel 0)
[00:34:45] class 86/510 ((1, 0, 4), (0, 1, 9), (0, 0, 18)) idx 18: 0 novel, COMPLETE [4732s] (total novel 0)
[00:37:21] class 87/510 ((1, 0, 1), (0, 1, 8), (0, 0, 19)) idx 19: 0 novel, COMPLETE [3440s] (total novel 0)
[00:41:15] class 88/510 ((1, 0, 1), (0, 3, 3), (0, 0, 6)) idx 18: 0 novel, COMPLETE [5122s] (total novel 0)
[00:48:37] class 89/510 ((1, 0, 1), (0, 1, 5), (0, 0, 19)) idx 19: 0 novel, COMPLETE [5122s] (total novel 0)
[00:49:59] class 90/510 ((1, 0, 5), (0, 1, 6), (0, 0, 18)) idx 18: 0 novel, COMPLETE [5646s] (total novel 0)
[01:13:38] class 91/510 ((1, 0, 2), (0, 2, 0), (0, 0, 9)) idx 18: 0 novel, COMPLETE [7065s] (total novel 0)
[01:21:56] class 92/510 ((1, 0, 1), (0, 1, 6), (0, 0, 19)) idx 19: 0 novel, COMPLETE [6891s] (total novel 0)
[01:22:52] class 93/510 ((1, 0, 2), (0, 1, 4), (0, 0, 19)) idx 19: 0 novel, COMPLETE [5041s] (total novel 0)
[01:28:16] class 94/510 ((1, 1, 3), (0, 2, 0), (0, 0, 9)) idx 18: 0 novel, COMPLETE [7942s] (total novel 0)
[01:31:46] class 95/510 ((1, 0, 5), (0, 1, 9), (0, 0, 18)) idx 18: 0 novel, COMPLETE [8152s] (total novel 0)
[01:33:07] class 96/510 ((1, 0, 3), (0, 2, 3), (0, 0, 9)) idx 18: 0 novel, COMPLETE [8233s] (total novel 0)
[01:39:08] class 97/510 ((1, 0, 2), (0, 1, 5), (0, 0, 19)) idx 19: 0 novel, COMPLETE [5946s] (total novel 0)
[01:45:45] class 98/510 ((1, 0, 1), (0, 1, 7), (0, 0, 19)) idx 19: 0 novel, COMPLETE [7551s] (total novel 0)
[01:57:34] class 99/510 ((1, 0, 4), (0, 1, 8), (0, 0, 18)) idx 18: 0 novel, COMPLETE [9700s] (total novel 0)
[02:00:41] class 100/510 ((1, 0, 2), (0, 2, 3), (0, 0, 9)) idx 18: 0 novel, COMPLETE [9888s] (total novel 0)
[02:28:26] class 101/510 ((1, 0, 2), (0, 3, 0), (0, 0, 6)) idx 18: 0 novel, COMPLETE [11552s] (total novel 0)
[02:33:47] class 102/510 ((1, 0, 2), (0, 1, 6), (0, 0, 19)) idx 19: 0 novel, COMPLETE [9159s] (total novel 0)
[02:35:32] class 103/510 ((1, 0, 2), (0, 1, 8), (0, 0, 19)) idx 19: 0 novel, COMPLETE [7794s] (total novel 0)
[02:39:11] class 104/510 ((1, 0, 2), (0, 1, 7), (0, 0, 19)) idx 19: 0 novel, COMPLETE [8073s] (total novel 0)
[02:46:45] class 105/510 ((1, 0, 6), (0, 1, 9), (0, 0, 18)) idx 18: 0 novel, COMPLETE [12652s] (total novel 0)
[03:13:41] class 106/510 ((1, 0, 3), (0, 3, 0), (0, 0, 6)) idx 18: 0 novel, COMPLETE [14262s] (total novel 0)
[03:15:17] class 107/510 ((1, 0, 3), (0, 2, 0), (0, 0, 9)) idx 18: 0 novel, COMPLETE [14364s] (total novel 0)
[05:50:49] class 108/510 ((2, 0, 0), (0, 3, 0), (0, 0, 3)) idx 18: 0 novel, COMPLETE [23599s] (total novel 0)
[09:10:15] class 109/510 ((1, 1, 2), (0, 3, 3), (0, 0, 6)) idx 18: 0 novel, COMPLETE [35603s] (total novel 0)
[10:28:36] parallel saturation to 24 (skipping <= 16): 510 classes, 416 already done (resumed), 401 to do, 28 workers, 33 patterns pre-blocked
[10:28:37] class 1/401 ((1, 0, 0), (0, 1, 0), (0, 0, 20)) idx 20: 0 novel, COMPLETE [0s] (total novel 0)
[10:28:41] class 2/401 ((1, 0, 0), (0, 1, 1), (0, 0, 20)) idx 20: 0 novel, COMPLETE [4s] (total novel 0)
[10:28:45] class 3/401 ((1, 0, 0), (0, 1, 2), (0, 0, 20)) idx 20: 0 novel, COMPLETE [8s] (total novel 0)
[10:28:45] class 4/401 ((1, 0, 0), (0, 1, 10), (0, 0, 20)) idx 20: 0 novel, COMPLETE [8s] (total novel 0)
[10:28:50] class 5/401 ((1, 0, 1), (0, 1, 1), (0, 0, 20)) idx 20: 0 novel, COMPLETE [14s] (total novel 0)
[10:28:52] class 6/401 ((1, 0, 0), (0, 1, 6), (0, 0, 20)) idx 20: 0 novel, COMPLETE [15s] (total novel 0)
[10:29:00] class 7/401 ((1, 0, 0), (0, 1, 4), (0, 0, 20)) idx 20: 0 novel, COMPLETE [23s] (total novel 0)
[10:29:01] class 8/401 ((1, 0, 1), (0, 1, 2), (0, 0, 20)) idx 20: 0 novel, COMPLETE [25s] (total novel 0)
[10:29:04] class 9/401 ((1, 0, 0), (0, 1, 3), (0, 0, 20)) idx 20: 0 novel, COMPLETE [27s] (total novel 0)
[10:29:06] class 10/401 ((1, 0, 0), (0, 1, 9), (0, 0, 20)) idx 20: 0 novel, COMPLETE [29s] (total novel 0)
[10:29:21] class 11/401 ((1, 0, 0), (0, 1, 5), (0, 0, 20)) idx 20: 0 novel, COMPLETE [44s] (total novel 0)
[10:30:14] class 12/401 ((1, 0, 0), (0, 1, 8), (0, 0, 20)) idx 20: 0 novel, COMPLETE [97s] (total novel 0)
[10:30:15] class 13/401 ((1, 0, 2), (0, 1, 2), (0, 0, 20)) idx 20: 0 novel, COMPLETE [98s] (total novel 0)
[10:32:45] class 14/401 ((1, 0, 1), (0, 1, 10), (0, 0, 20)) idx 20: 0 novel, COMPLETE [248s] (total novel 0)
[10:33:37] class 15/401 ((1, 0, 2), (0, 1, 3), (0, 0, 20)) idx 20: 0 novel, COMPLETE [300s] (total novel 0)
[10:37:43] class 16/401 ((1, 0, 1), (0, 1, 3), (0, 0, 20)) idx 20: 0 novel, COMPLETE [547s] (total novel 0)
[10:38:10] class 17/401 ((1, 0, 1), (0, 1, 4), (0, 0, 20)) idx 20: 0 novel, COMPLETE [573s] (total novel 0)
[10:38:12] class 18/401 ((1, 0, 4), (0, 1, 4), (0, 0, 20)) idx 20: 0 novel, COMPLETE [327s] (total novel 0)
[10:57:46] class 19/401 ((1, 0, 1), (0, 1, 9), (0, 0, 20)) idx 20: 0 novel, COMPLETE [1749s] (total novel 0)
[11:00:00] class 20/401 ((1, 0, 4), (0, 1, 8), (0, 0, 20)) idx 20: 0 novel, COMPLETE [1310s] (total novel 0)
[11:01:28] class 21/401 ((1, 0, 1), (0, 1, 6), (0, 0, 20)) idx 20: 0 novel, COMPLETE [1971s] (total novel 0)
[11:10:57] class 22/401 ((1, 0, 5), (0, 1, 5), (0, 0, 20)) idx 20: 0 novel, COMPLETE [658s] (total novel 0)
[11:19:08] class 23/401 ((1, 0, 2), (0, 1, 10), (0, 0, 20)) idx 20: 0 novel, COMPLETE [3007s] (total novel 0)
[11:27:16] class 24/401 ((1, 0, 1), (0, 1, 8), (0, 0, 20)) idx 20: 0 novel, COMPLETE [3520s] (total novel 0)
[11:30:12] class 25/401 ((1, 0, 2), (0, 1, 4), (0, 0, 20)) idx 20: 0 novel, COMPLETE [3691s] (total novel 0)
[11:30:42] class 26/401 ((1, 0, 2), (0, 1, 7), (0, 0, 20)) idx 20: 0 novel, COMPLETE [3712s] (total novel 0)
[11:31:56] class 27/401 ((1, 0, 5), (0, 1, 10), (0, 0, 20)) idx 20: 0 novel, COMPLETE [280s] (total novel 0)
[11:35:03] class 28/401 ((1, 0, 2), (0, 1, 9), (0, 0, 20)) idx 20: 0 novel, COMPLETE [3963s] (total novel 0)
[11:39:48] class 29/401 ((1, 0, 6), (0, 1, 6), (0, 0, 20)) idx 20: 0 novel, COMPLETE [576s] (total novel 0)
[11:43:10] class 30/401 ((1, 0, 3), (0, 1, 4), (0, 0, 20)) idx 20: 0 novel, COMPLETE [4446s] (total novel 0)
[11:46:18] class 31/401 ((1, 0, 1), (0, 1, 7), (0, 0, 20)) idx 20: 0 novel, COMPLETE [4661s] (total novel 0)
[11:47:52] class 32/401 ((1, 0, 2), (0, 1, 6), (0, 0, 20)) idx 20: 0 novel, COMPLETE [4747s] (total novel 0)
[11:54:29] class 33/401 ((1, 0, 1), (0, 1, 5), (0, 0, 20)) idx 20: 0 novel, COMPLETE [5152s] (total novel 0)
[12:08:40] class 34/401 ((1, 0, 2), (0, 1, 5), (0, 0, 20)) idx 20: 0 novel, COMPLETE [5996s] (total novel 0)
[12:34:53] class 35/401 ((1, 0, 3), (0, 1, 10), (0, 0, 20)) idx 20: 0 novel, COMPLETE [7478s] (total novel 0)
[12:58:48] class 36/401 ((1, 0, 4), (0, 1, 5), (0, 0, 20)) idx 20: 0 novel, COMPLETE [8712s] (total novel 0)
[13:12:28] class 37/401 ((1, 0, 5), (0, 1, 6), (0, 0, 20)) idx 20: 0 novel, COMPLETE [7860s] (total novel 0)
[13:30:06] class 38/401 ((1, 0, 2), (0, 1, 8), (0, 0, 20)) idx 20: 0 novel, COMPLETE [10874s] (total novel 0)
[13:39:10] class 39/401 ((1, 0, 3), (0, 1, 4), (0, 0, 19)) idx 19: 0 novel, COMPLETE [11434s] (total novel 0)
[13:39:15] class 40/401 ((1, 0, 6), (0, 1, 8), (0, 0, 20)) idx 20: 0 novel, COMPLETE [7713s] (total novel 0)
[14:30:55] class 41/401 ((1, 0, 6), (0, 1, 10), (0, 0, 20)) idx 20: 0 novel, COMPLETE [10552s] (total novel 0)
[15:18:20] class 42/401 ((1, 0, 7), (0, 1, 8), (0, 0, 19)) idx 19: 0 novel, COMPLETE [17383s] (total novel 0)
[11:52:50] parallel saturation to 24 (skipping <= 16): 510 classes, 458 already done (resumed), 359 to do, 28 workers, 33 patterns pre-blocked
[11:52:56] class 1/359 ((1, 0, 0), (0, 2, 0), (0, 0, 10)) idx 20: 0 novel, COMPLETE [5s] (total novel 0)
[11:52:59] class 2/359 ((1, 0, 10), (0, 1, 10), (0, 0, 20)) idx 20: 0 novel, COMPLETE [9s] (total novel 0)
[11:53:36] class 3/359 ((1, 0, 0), (0, 2, 5), (0, 0, 10)) idx 20: 0 novel, COMPLETE [45s] (total novel 0)
[11:53:43] class 4/359 ((1, 0, 0), (0, 2, 2), (0, 0, 10)) idx 20: 0 novel, COMPLETE [52s] (total novel 0)
[11:54:04] class 5/359 ((1, 0, 0), (0, 2, 4), (0, 0, 10)) idx 20: 0 novel, COMPLETE [74s] (total novel 0)
[11:55:15] class 6/359 ((1, 0, 9), (0, 1, 10), (0, 0, 20)) idx 20: 0 novel, COMPLETE [145s] (total novel 0)
[11:55:19] class 7/359 ((1, 0, 1), (0, 2, 0), (0, 0, 10)) idx 20: 0 novel, COMPLETE [148s] (total novel 0)
[12:00:37] class 8/359 ((1, 0, 1), (0, 2, 2), (0, 0, 10)) idx 20: 0 novel, COMPLETE [466s] (total novel 0)
[12:11:58] class 9/359 ((1, 0, 8), (0, 1, 8), (0, 0, 20)) idx 20: 0 novel, COMPLETE [1148s] (total novel 0)
[12:25:37] class 10/359 ((1, 0, 1), (0, 2, 4), (0, 0, 10)) idx 20: 0 novel, COMPLETE [1966s] (total novel 0)
[12:29:34] class 11/359 ((1, 0, 1), (0, 2, 5), (0, 0, 10)) idx 20: 0 novel, COMPLETE [2203s] (total novel 0)
[12:57:59] class 12/359 ((1, 0, 5), (0, 2, 0), (0, 0, 10)) idx 20: 0 novel, COMPLETE [1943s] (total novel 0)
[13:01:44] class 13/359 ((1, 0, 2), (0, 2, 0), (0, 0, 10)) idx 20: 0 novel, COMPLETE [4134s] (total novel 0)
[13:07:31] class 14/359 ((1, 0, 5), (0, 2, 5), (0, 0, 10)) idx 20: 0 novel, COMPLETE [347s] (total novel 0)
[13:07:36] class 15/359 ((1, 1, 0), (0, 2, 0), (0, 0, 10)) idx 20: 0 novel, COMPLETE [5s] (total novel 0)
[13:11:16] class 16/359 ((1, 0, 2), (0, 2, 2), (0, 0, 10)) idx 20: 0 novel, COMPLETE [4700s] (total novel 0)
[13:13:54] class 17/359 ((1, 1, 1), (0, 2, 0), (0, 0, 10)) idx 20: 0 novel, COMPLETE [158s] (total novel 0)
[13:17:07] class 18/359 ((1, 1, 0), (0, 2, 5), (0, 0, 10)) idx 20: 0 novel, COMPLETE [571s] (total novel 0)
[13:56:26] class 19/359 ((1, 0, 3), (0, 2, 0), (0, 0, 10)) idx 20: 0 novel, COMPLETE [7363s] (total novel 0)
[14:02:09] class 20/359 ((1, 0, 8), (0, 1, 10), (0, 0, 20)) idx 20: 0 novel, COMPLETE [7759s] (total novel 0)
[14:09:40] class 21/359 ((1, 0, 2), (0, 2, 4), (0, 0, 10)) idx 20: 0 novel, COMPLETE [8201s] (total novel 0)
[14:10:41] class 22/359 ((1, 0, 0), (0, 4, 0), (0, 0, 5)) idx 20: 0 novel, COMPLETE [60s] (total novel 0)
[14:16:32] class 23/359 ((1, 0, 5), (0, 2, 4), (0, 0, 10)) idx 20: 0 novel, COMPLETE [4713s] (total novel 0)
[14:24:44] class 24/359 ((1, 0, 1), (0, 4, 0), (0, 0, 5)) idx 20: 0 novel, COMPLETE [843s] (total novel 0)
[14:28:50] class 25/359 ((1, 1, 5), (0, 2, 0), (0, 0, 10)) idx 20: 0 novel, COMPLETE [1601s] (total novel 0)
[14:30:43] class 26/359 ((1, 1, 0), (0, 4, 0), (0, 0, 5)) idx 20: 0 novel, COMPLETE [359s] (total novel 0)
[14:33:30] class 27/359 ((1, 2, 0), (0, 4, 0), (0, 0, 5)) idx 20: 0 novel, COMPLETE [280s] (total novel 0)
[14:33:31] class 28/359 ((1, 0, 0), (0, 1, 0), (0, 0, 21)) idx 21: 0 novel, COMPLETE [0s] (total novel 0)
[14:34:39] class 29/359 ((1, 0, 0), (0, 1, 1), (0, 0, 21)) idx 21: 0 novel, COMPLETE [68s] (total novel 0)
[14:38:19] class 30/359 ((1, 0, 2), (0, 4, 0), (0, 0, 5)) idx 20: 0 novel, COMPLETE [1307s] (total novel 0)
[14:52:26] class 31/359 ((1, 0, 4), (0, 2, 0), (0, 0, 10)) idx 20: 0 novel, COMPLETE [10627s] (total novel 0)
[14:52:31] class 32/359 ((1, 1, 1), (0, 2, 4), (0, 0, 10)) idx 20: 0 novel, COMPLETE [5916s] (total novel 0)
[14:53:45] class 33/359 ((2, 0, 0), (0, 2, 0), (0, 0, 5)) idx 20: 0 novel, COMPLETE [1382s] (total novel 0)
[15:01:08] class 34/359 ((1, 0, 5), (0, 2, 2), (0, 0, 10)) idx 20: 0 novel, COMPLETE [9094s] (total novel 0)
[15:20:13] class 35/359 ((1, 0, 2), (0, 2, 5), (0, 0, 10)) idx 20: 0 novel, COMPLETE [12397s] (total novel 0)
[15:34:31] class 36/359 ((1, 1, 3), (0, 2, 0), (0, 0, 10)) idx 20: 0 novel, COMPLETE [8244s] (total novel 0)
[15:43:00] class 37/359 ((1, 0, 8), (0, 1, 9), (0, 0, 20)) idx 20: 0 novel, COMPLETE [13810s] (total novel 0)
[21:31:11] class 38/359 ((1, 0, 3), (0, 2, 2), (0, 0, 10)) idx 20: 0 novel, COMPLETE [34627s] (total novel 0)
[00:07:22] class 39/359 ((1, 0, 6), (0, 1, 9), (0, 0, 20)) idx 20: 0 novel, COMPLETE [44072s] (total novel 0)
[00:33:37] class 40/359 ((1, 0, 3), (0, 2, 5), (0, 0, 10)) idx 20: 0 novel, COMPLETE [45502s] (total novel 0)
[01:02:15] class 41/359 ((1, 0, 4), (0, 1, 10), (0, 0, 20)) idx 20: 0 novel, COMPLETE [47365s] (total novel 0)
[01:54:03] class 42/359 ((1, 1, 3), (0, 2, 8), (0, 0, 10)) idx 20: 0 novel, COMPLETE [43057s] (total novel 0)
[02:28:57] class 43/359 ((1, 0, 3), (0, 1, 8), (0, 0, 20)) idx 20: 0 novel, COMPLETE [52567s] (total novel 0)
[03:43:44] class 44/359 ((1, 0, 4), (0, 2, 5), (0, 0, 10)) idx 20: 0 novel, COMPLETE [55906s] (total novel 0)
[04:15:08] class 45/359 ((1, 0, 5), (0, 1, 9), (0, 0, 20)) idx 20: 0 novel, COMPLETE [58938s] (total novel 0)
[04:17:22] class 46/359 ((1, 0, 3), (0, 1, 5), (0, 0, 20)) idx 20: 0 novel, COMPLETE [59072s] (total novel 0)
[04:27:55] class 47/359 ((1, 0, 5), (0, 1, 7), (0, 0, 18)) idx 18: 0 novel, COMPLETE [59705s] (total novel 0)
[05:31:34] class 48/359 ((1, 1, 2), (0, 3, 0), (0, 0, 6)) idx 18: 0 novel, COMPLETE [63523s] (total novel 0)
[07:40:27] class 49/359 ((1, 0, 3), (0, 1, 5), (0, 0, 19)) idx 19: 0 novel, COMPLETE [71256s] (total novel 0)
[10:07:52] class 50/359 ((1, 0, 4), (0, 2, 2), (0, 0, 10)) idx 20: 0 novel, COMPLETE [79635s] (total novel 0)
[11:06:54] class 51/359 ((1, 0, 3), (0, 1, 7), (0, 0, 20)) idx 20: 0 novel, COMPLETE [83644s] (total novel 0)
